Archive member included because of file (symbol)

c:/program files (x86)/microchip/xc32/v1.40/bin/bin/../../lib/gcc/pic32mx/4.8.3/../../../../pic32mx/lib\libsupc++.a(class_type_info.o)
                              build/default/production/src/anChevrons.o (vtable for __cxxabiv1::__class_type_info)
c:/program files (x86)/microchip/xc32/v1.40/bin/bin/../../lib/gcc/pic32mx/4.8.3/../../../../pic32mx/lib\libsupc++.a(del_op.o)
                              build/default/production/src/anChevrons.o (operator delete(void*))
c:/program files (x86)/microchip/xc32/v1.40/bin/bin/../../lib/gcc/pic32mx/4.8.3/../../../../pic32mx/lib\libsupc++.a(eh_exception.o)
                              build/default/production/src/anComets.o (std::exception::~exception())
c:/program files (x86)/microchip/xc32/v1.40/bin/bin/../../lib/gcc/pic32mx/4.8.3/../../../../pic32mx/lib\libsupc++.a(eh_personality.o)
                              build/default/production/src/anChevrons.o (__gxx_personality_sj0)
c:/program files (x86)/microchip/xc32/v1.40/bin/bin/../../lib/gcc/pic32mx/4.8.3/../../../../pic32mx/lib\libsupc++.a(eh_terminate.o)
                              c:/program files (x86)/microchip/xc32/v1.40/bin/bin/../../lib/gcc/pic32mx/4.8.3/../../../../pic32mx/lib\libsupc++.a(eh_personality.o) (__cxxabiv1::__terminate(void (*)()))
c:/program files (x86)/microchip/xc32/v1.40/bin/bin/../../lib/gcc/pic32mx/4.8.3/../../../../pic32mx/lib\libsupc++.a(eh_throw.o)
                              c:/program files (x86)/microchip/xc32/v1.40/bin/bin/../../lib/gcc/pic32mx/4.8.3/../../../../pic32mx/lib\libsupc++.a(eh_personality.o) (__cxa_throw)
c:/program files (x86)/microchip/xc32/v1.40/bin/bin/../../lib/gcc/pic32mx/4.8.3/../../../../pic32mx/lib\libsupc++.a(eh_unex_handler.o)
                              c:/program files (x86)/microchip/xc32/v1.40/bin/bin/../../lib/gcc/pic32mx/4.8.3/../../../../pic32mx/lib\libsupc++.a(eh_terminate.o) (__cxxabiv1::__unexpected_handler)
c:/program files (x86)/microchip/xc32/v1.40/bin/bin/../../lib/gcc/pic32mx/4.8.3/../../../../pic32mx/lib\libsupc++.a(new_op.o)
                              build/default/production/src/anComets.o (operator new(unsigned long))
c:/program files (x86)/microchip/xc32/v1.40/bin/bin/../../lib/gcc/pic32mx/4.8.3/../../../../pic32mx/lib\libsupc++.a(si_class_type_info.o)
                              build/default/production/src/anChevrons.o (vtable for __cxxabiv1::__si_class_type_info)
c:/program files (x86)/microchip/xc32/v1.40/bin/bin/../../lib/gcc/pic32mx/4.8.3/../../../../pic32mx/lib\libsupc++.a(tinfo.o)
                              c:/program files (x86)/microchip/xc32/v1.40/bin/bin/../../lib/gcc/pic32mx/4.8.3/../../../../pic32mx/lib\libsupc++.a(class_type_info.o) (std::type_info::~type_info())
c:/program files (x86)/microchip/xc32/v1.40/bin/bin/../../lib/gcc/pic32mx/4.8.3/../../../../pic32mx/lib\libsupc++.a(pure.o)
                              build/default/production/src/anChevrons.o (__cxa_pure_virtual)
c:/program files (x86)/microchip/xc32/v1.40/bin/bin/../../lib/gcc/pic32mx/4.8.3/../../../../pic32mx/lib\libsupc++.a(eh_alloc.o)
                              c:/program files (x86)/microchip/xc32/v1.40/bin/bin/../../lib/gcc/pic32mx/4.8.3/../../../../pic32mx/lib\libsupc++.a(eh_personality.o) (__cxa_allocate_exception)
c:/program files (x86)/microchip/xc32/v1.40/bin/bin/../../lib/gcc/pic32mx/4.8.3/../../../../pic32mx/lib\libsupc++.a(eh_call.o)
                              c:/program files (x86)/microchip/xc32/v1.40/bin/bin/../../lib/gcc/pic32mx/4.8.3/../../../../pic32mx/lib\libsupc++.a(eh_personality.o) (__cxa_call_terminate)
c:/program files (x86)/microchip/xc32/v1.40/bin/bin/../../lib/gcc/pic32mx/4.8.3/../../../../pic32mx/lib\libsupc++.a(eh_catch.o)
                              c:/program files (x86)/microchip/xc32/v1.40/bin/bin/../../lib/gcc/pic32mx/4.8.3/../../../../pic32mx/lib\libsupc++.a(eh_personality.o) (__cxa_begin_catch)
c:/program files (x86)/microchip/xc32/v1.40/bin/bin/../../lib/gcc/pic32mx/4.8.3/../../../../pic32mx/lib\libsupc++.a(eh_globals.o)
                              c:/program files (x86)/microchip/xc32/v1.40/bin/bin/../../lib/gcc/pic32mx/4.8.3/../../../../pic32mx/lib\libsupc++.a(eh_personality.o) (__cxa_get_globals_fast)
c:/program files (x86)/microchip/xc32/v1.40/bin/bin/../../lib/gcc/pic32mx/4.8.3/../../../../pic32mx/lib\libsupc++.a(eh_term_handler.o)
                              c:/program files (x86)/microchip/xc32/v1.40/bin/bin/../../lib/gcc/pic32mx/4.8.3/../../../../pic32mx/lib\libsupc++.a(eh_terminate.o) (__cxxabiv1::__terminate_handler)
c:/program files (x86)/microchip/xc32/v1.40/bin/bin/../../lib/gcc/pic32mx/4.8.3/../../../../pic32mx/lib\libsupc++.a(new_handler.o)
                              c:/program files (x86)/microchip/xc32/v1.40/bin/bin/../../lib/gcc/pic32mx/4.8.3/../../../../pic32mx/lib\libsupc++.a(new_op.o) (__new_handler)
c:/program files (x86)/microchip/xc32/v1.40/bin/bin/../../lib/gcc/pic32mx/4.8.3/../../../../pic32mx/lib\libxcpp.a(delop3.o)
[...]
Memory Configuration

Name             Origin             Length             Attributes
kseg0_program_mem 0x9d000000         0x00080000         xr
kseg0_boot_mem   0x9fc00490         0x00000970
exception_mem    0x9fc01000         0x00001000
kseg1_boot_mem   0xbfc00000         0x00000490
debug_exec_mem   0xbfc02000         0x00000ff0
config3          0xbfc02ff0         0x00000004
config2          0xbfc02ff4         0x00000004
config1          0xbfc02ff8         0x00000004
config0          0xbfc02ffc         0x00000004
kseg1_data_mem   0xa0000000         0x00020000         w !x
sfrs             0xbf800000         0x00100000
configsfrs       0xbfc02ff0         0x00000010
*default*        0x00000000         0xffffffff

Linker script and memory map

LOAD c:/program files (x86)/microchip/xc32/v1.40/bin/bin/../../lib/gcc/pic32mx/4.8.3/../../../../pic32mx/lib/./proc/32MX795F512L/cpprt0_mips32r2.o
LOAD c:/program files (x86)/microchip/xc32/v1.40/bin/bin/../../lib/gcc/pic32mx/4.8.3/crti.o
LOAD c:/program files (x86)/microchip/xc32/v1.40/bin/bin/../../lib/gcc/pic32mx/4.8.3/crtbegin.o
LOAD build/default/production/src/anChevrons.o
LOAD build/default/production/src/anColorFlowSA.o
LOAD build/default/production/src/anColorRaceSA.o
LOAD build/default/production/src/anComets.o
LOAD build/default/production/src/anFadeMiddle.o
LOAD build/default/production/src/anPulseFadeSA.o
LOAD build/default/production/src/anRain.o
LOAD build/default/production/src/anRainbowChaser.o
LOAD build/default/production/src/anSplatterSA.o
LOAD build/default/production/src/counter.o
LOAD build/default/production/src/fft.o
LOAD build/default/production/src/io.o
LOAD build/default/production/src/main.o
LOAD build/default/production/src/Neopixel.o
LOAD build/default/production/src/npAnimation.o
LOAD build/default/production/src/npDisplay.o
LOAD build/default/production/src/rgbColor.o
LOAD build/default/production/src/anSprites.o
LOAD build/default/production/src/anTest.o
LOAD build/default/production/src/pixel.o
LOAD build/default/production/src/anClassicSA.o
LOAD build/default/production/src/anTetrisSA.o
                0x00000001                __MPLAB_BUILD = 0x1
                0x00007fff                _min_heap_size = 0x7fff
LOAD c:/program files (x86)/microchip/xc32/v1.40/bin/bin/../../lib/gcc/pic32mx/4.8.3/../../../../pic32mx/lib\libsupc++.a
LOAD c:/program files (x86)/microchip/xc32/v1.40/bin/bin/../../lib/gcc/pic32mx/4.8.3/../../../../pic32mx/lib\libxcpp.a
LOAD c:/program files (x86)/microchip/xc32/v1.40/bin/bin/../../lib/gcc/pic32mx/4.8.3/../../../../pic32mx/lib/./proc/32MX795F512L\default_isr_vectors.o
LOAD c:/program files (x86)/microchip/xc32/v1.40/bin/bin/../../lib/gcc/pic32mx/4.8.3/../../../../pic32mx/lib\pic32_software_reset.o
                0x00000400                PROVIDE (_min_stack_size, 0x400)
LOAD c:/program files (x86)/microchip/xc32/v1.40/bin/bin/../../lib/gcc/pic32mx/4.8.3/../../../../pic32mx/lib/./proc/32MX795F512L\processor.o
START GROUP
LOAD c:/program files (x86)/microchip/xc32/v1.40/bin/bin/../../lib/gcc/pic32mx/4.8.3/../../../../pic32mx/lib\libmchp_peripheral.a
END GROUP
START GROUP
LOAD c:/program files (x86)/microchip/xc32/v1.40/bin/bin/../../lib/gcc/pic32mx/4.8.3/../../../../pic32mx/lib\libmchp_peripheral_32MX795F512L.a
END GROUP
                0x00000001                PROVIDE (_vector_spacing, 0x1)
                0x9fc01000                _ebase_address = 0x9fc01000
                0xbfc00000                _RESET_ADDR = 0xbfc00000
                0xbfc00380                _BEV_EXCPT_ADDR = 0xbfc00380
                0xbfc00480                _DBG_EXCPT_ADDR = 0xbfc00480
                0xbfc02000                _DBG_CODE_ADDR = 0xbfc02000
                0x00000ff0                _DBG_CODE_SIZE = 0xff0
                0x9fc01180                _GEN_EXCPT_ADDR = (_ebase_address + 0x180)

.config_BFC02FF0
                0xbfc02ff0        0x4
 *(.config_BFC02FF0)
 .config_BFC02FF0
                0xbfc02ff0        0x4 build/default/production/src/main.o

.config_BFC02FF4
                0xbfc02ff4        0x4
 *(.config_BFC02FF4)
 .config_BFC02FF4
                0xbfc02ff4        0x4 build/default/production/src/main.o

.config_BFC02FF8
                0xbfc02ff8        0x4
 *(.config_BFC02FF8)
 .config_BFC02FF8
                0xbfc02ff8        0x4 build/default/production/src/main.o

.config_BFC02FFC
                0xbfc02ffc        0x4
 *(.config_BFC02FFC)
 .config_BFC02FFC
                0xbfc02ffc        0x4 build/default/production/src/main.o
                0xbfc02000                PROVIDE (_DBG_CODE_ADDR, 0xbfc02000)
                0x00000ff0                PROVIDE (_DBG_CODE_SIZE, 0xff0)

.reset          0xbfc00000      0x1f4
 *(.reset)
 .reset         0xbfc00000        0x8 c:/program files (x86)/microchip/xc32/v1.40/bin/bin/../../lib/gcc/pic32mx/4.8.3/../../../../pic32mx/lib/./proc/32MX795F512L/cpprt0_mips32r2.o
                0xbfc00000                _reset
 *(.reset.startup)
 .reset.startup
                0xbfc00008      0x1ec c:/program files (x86)/microchip/xc32/v1.40/bin/bin/../../lib/gcc/pic32mx/4.8.3/../../../../pic32mx/lib/./proc/32MX795F512L/cpprt0_mips32r2.o

.bev_excpt      0xbfc00380       0x10
 *(.bev_handler)
 .bev_handler   0xbfc00380       0x10 c:/program files (x86)/microchip/xc32/v1.40/bin/bin/../../lib/gcc/pic32mx/4.8.3/../../../../pic32mx/lib/./proc/32MX795F512L/cpprt0_mips32r2.o

.dbg_excpt      0xbfc00480        0x0
                0xbfc00480                . = (. + DEFINED (_DEBUGGER)?0x8:0x0)

.dbg_code       0xbfc02000        0x0
                0xbfc02000                . = (. + DEFINED (_DEBUGGER)?_DBG_CODE_SIZE:0x0)

.app_excpt      0x9fc01180       0x10
 *(.gen_handler)
 .gen_handler   0x9fc01180       0x10 c:/program files (x86)/microchip/xc32/v1.40/bin/bin/../../lib/gcc/pic32mx/4.8.3/../../../../pic32mx/lib/./proc/32MX795F512L/cpprt0_mips32r2.o

.vector_0       0x9fc01200        0x8
 *(.vector_0)
 .vector_0      0x9fc01200        0x8 c:/program files (x86)/microchip/xc32/v1.40/bin/bin/../../lib/gcc/pic32mx/4.8.3/../../../../pic32mx/lib\libpic32.a(vector0.o)
                0x9fc01200                __vector_dispatch_0
                0x00000001                ASSERT (((_vector_spacing == 0x0) || (SIZEOF (.vector_0) <= (_vector_spacing << 0x5))), function at exception vector 0 too large)

.vector_1       0x9fc01220        0x8
 *(.vector_1)
 .vector_1      0x9fc01220        0x8 c:/program files (x86)/microchip/xc32/v1.40/bin/bin/../../lib/gcc/pic32mx/4.8.3/../../../../pic32mx/lib\libpic32.a(vector1.o)
                0x9fc01220                __vector_dispatch_1
                0x00000001                ASSERT (((_vector_spacing == 0x0) || (SIZEOF (.vector_1) <= (_vector_spacing << 0x5))), function at exception vector 1 too large)

.vector_2       0x9fc01240        0x8
 *(.vector_2)
 .vector_2      0x9fc01240        0x8 c:/program files (x86)/microchip/xc32/v1.40/bin/bin/../../lib/gcc/pic32mx/4.8.3/../../../../pic32mx/lib\libpic32.a(vector2.o)
                0x9fc01240                __vector_dispatch_2
                0x00000001                ASSERT (((_vector_spacing == 0x0) || (SIZEOF (.vector_2) <= (_vector_spacing << 0x5))), function at exception vector 2 too large)

.vector_3       0x9fc01260        0x8
 *(.vector_3)
 .vector_3      0x9fc01260        0x8 c:/program files (x86)/microchip/xc32/v1.40/bin/bin/../../lib/gcc/pic32mx/4.8.3/../../../../pic32mx/lib\libpic32.a(vector3.o)
                0x9fc01260                __vector_dispatch_3
                0x00000001                ASSERT (((_vector_spacing == 0x0) || (SIZEOF (.vector_3) <= (_vector_spacing << 0x5))), function at exception vector 3 too large)

.vector_4       0x9fc01280        0x8
 *(.vector_4)
 .vector_4      0x9fc01280        0x8 c:/program files (x86)/microchip/xc32/v1.40/bin/bin/../../lib/gcc/pic32mx/4.8.3/../../../../pic32mx/lib\libpic32.a(vector4.o)
                0x9fc01280                __vector_dispatch_4
                0x00000001                ASSERT (((_vector_spacing == 0x0) || (SIZEOF (.vector_4) <= (_vector_spacing << 0x5))), function at exception vector 4 too large)

.vector_5       0x9fc012a0        0x8
 *(.vector_5)
 .vector_5      0x9fc012a0        0x8 c:/program files (x86)/microchip/xc32/v1.40/bin/bin/../../lib/gcc/pic32mx/4.8.3/../../../../pic32mx/lib\libpic32.a(vector5.o)
                0x9fc012a0                __vector_dispatch_5
                0x00000001                ASSERT (((_vector_spacing == 0x0) || (SIZEOF (.vector_5) <= (_vector_spacing << 0x5))), function at exception vector 5 too large)

.vector_6       0x9fc012c0        0x8
 *(.vector_6)
 .vector_6      0x9fc012c0        0x8 c:/program files (x86)/microchip/xc32/v1.40/bin/bin/../../lib/gcc/pic32mx/4.8.3/../../../../pic32mx/lib\libpic32.a(vector6.o)
                0x9fc012c0                __vector_dispatch_6
                0x00000001                ASSERT (((_vector_spacing == 0x0) || (SIZEOF (.vector_6) <= (_vector_spacing << 0x5))), function at exception vector 6 too large)

.vector_7       0x9fc012e0        0x8
 *(.vector_7)
 .vector_7      0x9fc012e0        0x8 c:/program files (x86)/microchip/xc32/v1.40/bin/bin/../../lib/gcc/pic32mx/4.8.3/../../../../pic32mx/lib\libpic32.a(vector7.o)
                0x9fc012e0                __vector_dispatch_7
                0x00000001                ASSERT (((_vector_spacing == 0x0) || (SIZEOF (.vector_7) <= (_vector_spacing << 0x5))), function at exception vector 7 too large)

.vector_8       0x9fc01300        0x8
 *(.vector_8)
 .vector_8      0x9fc01300        0x8 c:/program files (x86)/microchip/xc32/v1.40/bin/bin/../../lib/gcc/pic32mx/4.8.3/../../../../pic32mx/lib\libpic32.a(vector8.o)
                0x9fc01300                __vector_dispatch_8
                0x00000001                ASSERT (((_vector_spacing == 0x0) || (SIZEOF (.vector_8) <= (_vector_spacing << 0x5))), function at exception vector 8 too large)

.vector_9       0x9fc01320        0x8
 *(.vector_9)
 .vector_9      0x9fc01320        0x8 c:/program files (x86)/microchip/xc32/v1.40/bin/bin/../../lib/gcc/pic32mx/4.8.3/../../../../pic32mx/lib\libpic32.a(vector9.o)
                0x9fc01320                __vector_dispatch_9
                0x00000001                ASSERT (((_vector_spacing == 0x0) || (SIZEOF (.vector_9) <= (_vector_spacing << 0x5))), function at exception vector 9 too large)

.vector_10      0x9fc01340        0x8
 *(.vector_10)
 .vector_10     0x9fc01340        0x8 c:/program files (x86)/microchip/xc32/v1.40/bin/bin/../../lib/gcc/pic32mx/4.8.3/../../../../pic32mx/lib\libpic32.a(vector10.o)
                0x9fc01340                __vector_dispatch_10
                0x00000001                ASSERT (((_vector_spacing == 0x0) || (SIZEOF (.vector_10) <= (_vector_spacing << 0x5))), function at exception vector 10 too large)

.vector_11      0x9fc01360        0x8
 *(.vector_11)
 .vector_11     0x9fc01360        0x8 c:/program files (x86)/microchip/xc32/v1.40/bin/bin/../../lib/gcc/pic32mx/4.8.3/../../../../pic32mx/lib\libpic32.a(vector11.o)
                0x9fc01360                __vector_dispatch_11
                0x00000001                ASSERT (((_vector_spacing == 0x0) || (SIZEOF (.vector_11) <= (_vector_spacing << 0x5))), function at exception vector 11 too large)

.vector_12      0x9fc01380        0x8
 *(.vector_12)
 .vector_12     0x9fc01380        0x8 c:/program files (x86)/microchip/xc32/v1.40/bin/bin/../../lib/gcc/pic32mx/4.8.3/../../../../pic32mx/lib\libpic32.a(vector12.o)
                0x9fc01380                __vector_dispatch_12
                0x00000001                ASSERT (((_vector_spacing == 0x0) || (SIZEOF (.vector_12) <= (_vector_spacing << 0x5))), function at exception vector 12 too large)

.vector_13      0x9fc013a0        0x8
 *(.vector_13)
 .vector_13     0x9fc013a0        0x8 c:/program files (x86)/microchip/xc32/v1.40/bin/bin/../../lib/gcc/pic32mx/4.8.3/../../../../pic32mx/lib\libpic32.a(vector13.o)
                0x9fc013a0                __vector_dispatch_13
                0x00000001                ASSERT (((_vector_spacing == 0x0) || (SIZEOF (.vector_13) <= (_vector_spacing << 0x5))), function at exception vector 13 too large)

.vector_14      0x9fc013c0        0x8
 *(.vector_14)
 .vector_14     0x9fc013c0        0x8 c:/program files (x86)/microchip/xc32/v1.40/bin/bin/../../lib/gcc/pic32mx/4.8.3/../../../../pic32mx/lib\libpic32.a(vector14.o)
                0x9fc013c0                __vector_dispatch_14
                0x00000001                ASSERT (((_vector_spacing == 0x0) || (SIZEOF (.vector_14) <= (_vector_spacing << 0x5))), function at exception vector 14 too large)

.vector_15      0x9fc013e0        0x8
 *(.vector_15)
 .vector_15     0x9fc013e0        0x8 c:/program files (x86)/microchip/xc32/v1.40/bin/bin/../../lib/gcc/pic32mx/4.8.3/../../../../pic32mx/lib\libpic32.a(vector15.o)
                0x9fc013e0                __vector_dispatch_15
                0x00000001                ASSERT (((_vector_spacing == 0x0) || (SIZEOF (.vector_15) <= (_vector_spacing << 0x5))), function at exception vector 15 too large)

.vector_16      0x9fc01400        0x8
 *(.vector_16)
 .vector_16     0x9fc01400        0x8 build/default/production/src/main.o
                0x9fc01400                __vector_dispatch_16
                0x00000001                ASSERT (((_vector_spacing == 0x0) || (SIZEOF (.vector_16) <= (_vector_spacing << 0x5))), function at exception vector 16 too large)

.vector_17      0x9fc01420        0x8
 *(.vector_17)
 .vector_17     0x9fc01420        0x8 c:/program files (x86)/microchip/xc32/v1.40/bin/bin/../../lib/gcc/pic32mx/4.8.3/../../../../pic32mx/lib\libpic32.a(vector17.o)
                0x9fc01420                __vector_dispatch_17
                0x00000001                ASSERT (((_vector_spacing == 0x0) || (SIZEOF (.vector_17) <= (_vector_spacing << 0x5))), function at exception vector 17 too large)

.vector_18      0x9fc01440        0x8
 *(.vector_18)
 .vector_18     0x9fc01440        0x8 c:/program files (x86)/microchip/xc32/v1.40/bin/bin/../../lib/gcc/pic32mx/4.8.3/../../../../pic32mx/lib\libpic32.a(vector18.o)
                0x9fc01440                __vector_dispatch_18
                0x00000001                ASSERT (((_vector_spacing == 0x0) || (SIZEOF (.vector_18) <= (_vector_spacing << 0x5))), function at exception vector 18 too large)

.vector_19      0x9fc01460        0x8
 *(.vector_19)
 .vector_19     0x9fc01460        0x8 c:/program files (x86)/microchip/xc32/v1.40/bin/bin/../../lib/gcc/pic32mx/4.8.3/../../../../pic32mx/lib\libpic32.a(vector19.o)
                0x9fc01460                __vector_dispatch_19
                0x00000001                ASSERT (((_vector_spacing == 0x0) || (SIZEOF (.vector_19) <= (_vector_spacing << 0x5))), function at exception vector 19 too large)

.vector_20      0x9fc01480        0x8
 *(.vector_20)
 .vector_20     0x9fc01480        0x8 c:/program files (x86)/microchip/xc32/v1.40/bin/bin/../../lib/gcc/pic32mx/4.8.3/../../../../pic32mx/lib\libpic32.a(vector20.o)
                0x9fc01480                __vector_dispatch_20
                0x00000001                ASSERT (((_vector_spacing == 0x0) || (SIZEOF (.vector_20) <= (_vector_spacing << 0x5))), function at exception vector 20 too large)

.vector_21      0x9fc014a0        0x8
 *(.vector_21)
 .vector_21     0x9fc014a0        0x8 c:/program files (x86)/microchip/xc32/v1.40/bin/bin/../../lib/gcc/pic32mx/4.8.3/../../../../pic32mx/lib\libpic32.a(vector21.o)
                0x9fc014a0                __vector_dispatch_21
                0x00000001                ASSERT (((_vector_spacing == 0x0) || (SIZEOF (.vector_21) <= (_vector_spacing << 0x5))), function at exception vector 21 too large)

.vector_22      0x9fc014c0        0x8
 *(.vector_22)
 .vector_22     0x9fc014c0        0x8 c:/program files (x86)/microchip/xc32/v1.40/bin/bin/../../lib/gcc/pic32mx/4.8.3/../../../../pic32mx/lib\libpic32.a(vector22.o)
                0x9fc014c0                __vector_dispatch_22
                0x00000001                ASSERT (((_vector_spacing == 0x0) || (SIZEOF (.vector_22) <= (_vector_spacing << 0x5))), function at exception vector 22 too large)

.vector_23      0x9fc014e0        0x8
 *(.vector_23)
 .vector_23     0x9fc014e0        0x8 c:/program files (x86)/microchip/xc32/v1.40/bin/bin/../../lib/gcc/pic32mx/4.8.3/../../../../pic32mx/lib\libpic32.a(vector23.o)
                0x9fc014e0                __vector_dispatch_23
                0x00000001                ASSERT (((_vector_spacing == 0x0) || (SIZEOF (.vector_23) <= (_vector_spacing << 0x5))), function at exception vector 23 too large)

.vector_24      0x9fc01500        0x8
 *(.vector_24)
 .vector_24     0x9fc01500        0x8 build/default/production/src/main.o
                0x9fc01500                __vector_dispatch_24
                0x00000001                ASSERT (((_vector_spacing == 0x0) || (SIZEOF (.vector_24) <= (_vector_spacing << 0x5))), function at exception vector 24 too large)

.vector_25      0x9fc01520        0x8
 *(.vector_25)
 .vector_25     0x9fc01520        0x8 c:/program files (x86)/microchip/xc32/v1.40/bin/bin/../../lib/gcc/pic32mx/4.8.3/../../../../pic32mx/lib\libpic32.a(vector25.o)
                0x9fc01520                __vector_dispatch_25
                0x00000001                ASSERT (((_vector_spacing == 0x0) || (SIZEOF (.vector_25) <= (_vector_spacing << 0x5))), function at exception vector 25 too large)

.vector_26      0x9fc01540        0x8
 *(.vector_26)
 .vector_26     0x9fc01540        0x8 c:/program files (x86)/microchip/xc32/v1.40/bin/bin/../../lib/gcc/pic32mx/4.8.3/../../../../pic32mx/lib\libpic32.a(vector26.o)
                0x9fc01540                __vector_dispatch_26
                0x00000001                ASSERT (((_vector_spacing == 0x0) || (SIZEOF (.vector_26) <= (_vector_spacing << 0x5))), function at exception vector 26 too large)

.vector_27      0x9fc01560        0x8
 *(.vector_27)
 .vector_27     0x9fc01560        0x8 c:/program files (x86)/microchip/xc32/v1.40/bin/bin/../../lib/gcc/pic32mx/4.8.3/../../../../pic32mx/lib\libpic32.a(vector27.o)
                0x9fc01560                __vector_dispatch_27
                0x00000001                ASSERT (((_vector_spacing == 0x0) || (SIZEOF (.vector_27) <= (_vector_spacing << 0x5))), function at exception vector 27 too large)

.vector_28      0x9fc01580        0x8
 *(.vector_28)
 .vector_28     0x9fc01580        0x8 c:/program files (x86)/microchip/xc32/v1.40/bin/bin/../../lib/gcc/pic32mx/4.8.3/../../../../pic32mx/lib\libpic32.a(vector28.o)
                0x9fc01580                __vector_dispatch_28
                0x00000001                ASSERT (((_vector_spacing == 0x0) || (SIZEOF (.vector_28) <= (_vector_spacing << 0x5))), function at exception vector 28 too large)

.vector_29      0x9fc015a0        0x8
 *(.vector_29)
 .vector_29     0x9fc015a0        0x8 c:/program files (x86)/microchip/xc32/v1.40/bin/bin/../../lib/gcc/pic32mx/4.8.3/../../../../pic32mx/lib\libpic32.a(vector29.o)
                0x9fc015a0                __vector_dispatch_29
                0x00000001                ASSERT (((_vector_spacing == 0x0) || (SIZEOF (.vector_29) <= (_vector_spacing << 0x5))), function at exception vector 29 too large)

.vector_30      0x9fc015c0        0x8
 *(.vector_30)
 .vector_30     0x9fc015c0        0x8 c:/program files (x86)/microchip/xc32/v1.40/bin/bin/../../lib/gcc/pic32mx/4.8.3/../../../../pic32mx/lib\libpic32.a(vector30.o)
                0x9fc015c0                __vector_dispatch_30
                0x00000001                ASSERT (((_vector_spacing == 0x0) || (SIZEOF (.vector_30) <= (_vector_spacing << 0x5))), function at exception vector 30 too large)

.vector_31      0x9fc015e0        0x8
 *(.vector_31)
 .vector_31     0x9fc015e0        0x8 c:/program files (x86)/microchip/xc32/v1.40/bin/bin/../../lib/gcc/pic32mx/4.8.3/../../../../pic32mx/lib\libpic32.a(vector31.o)
                0x9fc015e0                __vector_dispatch_31
                0x00000001                ASSERT (((_vector_spacing == 0x0) || (SIZEOF (.vector_31) <= (_vector_spacing << 0x5))), function at exception vector 31 too large)

.vector_32      0x9fc01600        0x8
 *(.vector_32)
 .vector_32     0x9fc01600        0x8 c:/program files (x86)/microchip/xc32/v1.40/bin/bin/../../lib/gcc/pic32mx/4.8.3/../../../../pic32mx/lib\libpic32.a(vector32.o)
                0x9fc01600                __vector_dispatch_32
                0x00000001                ASSERT (((_vector_spacing == 0x0) || (SIZEOF (.vector_32) <= (_vector_spacing << 0x5))), function at exception vector 32 too large)

.vector_33      0x9fc01620        0x8
 *(.vector_33)
 .vector_33     0x9fc01620        0x8 c:/program files (x86)/microchip/xc32/v1.40/bin/bin/../../lib/gcc/pic32mx/4.8.3/../../../../pic32mx/lib\libpic32.a(vector33.o)
                0x9fc01620                __vector_dispatch_33
                0x00000001                ASSERT (((_vector_spacing == 0x0) || (SIZEOF (.vector_33) <= (_vector_spacing << 0x5))), function at exception vector 33 too large)

.vector_34      0x9fc01640        0x8
 *(.vector_34)
 .vector_34     0x9fc01640        0x8 c:/program files (x86)/microchip/xc32/v1.40/bin/bin/../../lib/gcc/pic32mx/4.8.3/../../../../pic32mx/lib\libpic32.a(vector34.o)
                0x9fc01640                __vector_dispatch_34
                0x00000001                ASSERT (((_vector_spacing == 0x0) || (SIZEOF (.vector_34) <= (_vector_spacing << 0x5))), function at exception vector 34 too large)

.vector_35      0x9fc01660        0x8
 *(.vector_35)
 .vector_35     0x9fc01660        0x8 c:/program files (x86)/microchip/xc32/v1.40/bin/bin/../../lib/gcc/pic32mx/4.8.3/../../../../pic32mx/lib\libpic32.a(vector35.o)
                0x9fc01660                __vector_dispatch_35
                0x00000001                ASSERT (((_vector_spacing == 0x0) || (SIZEOF (.vector_35) <= (_vector_spacing << 0x5))), function at exception vector 35 too large)

.vector_36      0x9fc01680        0x8
 *(.vector_36)
 .vector_36     0x9fc01680        0x8 c:/program files (x86)/microchip/xc32/v1.40/bin/bin/../../lib/gcc/pic32mx/4.8.3/../../../../pic32mx/lib\libpic32.a(vector36.o)
                0x9fc01680                __vector_dispatch_36
                0x00000001                ASSERT (((_vector_spacing == 0x0) || (SIZEOF (.vector_36) <= (_vector_spacing << 0x5))), function at exception vector 36 too large)

.vector_37      0x9fc016a0        0x8
 *(.vector_37)
 .vector_37     0x9fc016a0        0x8 c:/program files (x86)/microchip/xc32/v1.40/bin/bin/../../lib/gcc/pic32mx/4.8.3/../../../../pic32mx/lib\libpic32.a(vector37.o)
                0x9fc016a0                __vector_dispatch_37
                0x00000001                ASSERT (((_vector_spacing == 0x0) || (SIZEOF (.vector_37) <= (_vector_spacing << 0x5))), function at exception vector 37 too large)

.vector_38      0x9fc016c0        0x8
 *(.vector_38)
 .vector_38     0x9fc016c0        0x8 c:/program files (x86)/microchip/xc32/v1.40/bin/bin/../../lib/gcc/pic32mx/4.8.3/../../../../pic32mx/lib\libpic32.a(vector38.o)
                0x9fc016c0                __vector_dispatch_38
                0x00000001                ASSERT (((_vector_spacing == 0x0) || (SIZEOF (.vector_38) <= (_vector_spacing << 0x5))), function at exception vector 38 too large)

.vector_39      0x9fc016e0        0x8
 *(.vector_39)
 .vector_39     0x9fc016e0        0x8 c:/program files (x86)/microchip/xc32/v1.40/bin/bin/../../lib/gcc/pic32mx/4.8.3/../../../../pic32mx/lib\libpic32.a(vector39.o)
                0x9fc016e0                __vector_dispatch_39
                0x00000001                ASSERT (((_vector_spacing == 0x0) || (SIZEOF (.vector_39) <= (_vector_spacing << 0x5))), function at exception vector 39 too large)

.vector_40      0x9fc01700        0x8
 *(.vector_40)
 .vector_40     0x9fc01700        0x8 c:/program files (x86)/microchip/xc32/v1.40/bin/bin/../../lib/gcc/pic32mx/4.8.3/../../../../pic32mx/lib\libpic32.a(vector40.o)
                0x9fc01700                __vector_dispatch_40
                0x00000001                ASSERT (((_vector_spacing == 0x0) || (SIZEOF (.vector_40) <= (_vector_spacing << 0x5))), function at exception vector 40 too large)

.vector_41      0x9fc01720        0x8
 *(.vector_41)
 .vector_41     0x9fc01720        0x8 c:/program files (x86)/microchip/xc32/v1.40/bin/bin/../../lib/gcc/pic32mx/4.8.3/../../../../pic32mx/lib\libpic32.a(vector41.o)
                0x9fc01720                __vector_dispatch_41
                0x00000001                ASSERT (((_vector_spacing == 0x0) || (SIZEOF (.vector_41) <= (_vector_spacing << 0x5))), function at exception vector 41 too large)

.vector_42      0x9fc01740        0x8
 *(.vector_42)
 .vector_42     0x9fc01740        0x8 c:/program files (x86)/microchip/xc32/v1.40/bin/bin/../../lib/gcc/pic32mx/4.8.3/../../../../pic32mx/lib\libpic32.a(vector42.o)
                0x9fc01740                __vector_dispatch_42
                0x00000001                ASSERT (((_vector_spacing == 0x0) || (SIZEOF (.vector_42) <= (_vector_spacing << 0x5))), function at exception vector 42 too large)

.vector_43      0x9fc01760        0x8
 *(.vector_43)
 .vector_43     0x9fc01760        0x8 c:/program files (x86)/microchip/xc32/v1.40/bin/bin/../../lib/gcc/pic32mx/4.8.3/../../../../pic32mx/lib\libpic32.a(vector43.o)
                0x9fc01760                __vector_dispatch_43
                0x00000001                ASSERT (((_vector_spacing == 0x0) || (SIZEOF (.vector_43) <= (_vector_spacing << 0x5))), function at exception vector 43 too large)

.vector_44      0x9fc01780        0x8
 *(.vector_44)
 .vector_44     0x9fc01780        0x8 c:/program files (x86)/microchip/xc32/v1.40/bin/bin/../../lib/gcc/pic32mx/4.8.3/../../../../pic32mx/lib\libpic32.a(vector44.o)
                0x9fc01780                __vector_dispatch_44
                0x00000001                ASSERT (((_vector_spacing == 0x0) || (SIZEOF (.vector_44) <= (_vector_spacing << 0x5))), function at exception vector 44 too large)

.vector_45      0x9fc017a0        0x8
 *(.vector_45)
 .vector_45     0x9fc017a0        0x8 c:/program files (x86)/microchip/xc32/v1.40/bin/bin/../../lib/gcc/pic32mx/4.8.3/../../../../pic32mx/lib\libpic32.a(vector45.o)
                0x9fc017a0                __vector_dispatch_45
                0x00000001                ASSERT (((_vector_spacing == 0x0) || (SIZEOF (.vector_45) <= (_vector_spacing << 0x5))), function at exception vector 45 too large)

.vector_46      0x9fc017c0        0x8
 *(.vector_46)
 .vector_46     0x9fc017c0        0x8 c:/program files (x86)/microchip/xc32/v1.40/bin/bin/../../lib/gcc/pic32mx/4.8.3/../../../../pic32mx/lib\libpic32.a(vector46.o)
                0x9fc017c0                __vector_dispatch_46
                0x00000001                ASSERT (((_vector_spacing == 0x0) || (SIZEOF (.vector_46) <= (_vector_spacing << 0x5))), function at exception vector 46 too large)

.vector_47      0x9fc017e0        0x8
 *(.vector_47)
 .vector_47     0x9fc017e0        0x8 c:/program files (x86)/microchip/xc32/v1.40/bin/bin/../../lib/gcc/pic32mx/4.8.3/../../../../pic32mx/lib\libpic32.a(vector47.o)
                0x9fc017e0                __vector_dispatch_47
                0x00000001                ASSERT (((_vector_spacing == 0x0) || (SIZEOF (.vector_47) <= (_vector_spacing << 0x5))), function at exception vector 47 too large)

.vector_48      0x9fc01800        0x8
 *(.vector_48)
 .vector_48     0x9fc01800        0x8 c:/program files (x86)/microchip/xc32/v1.40/bin/bin/../../lib/gcc/pic32mx/4.8.3/../../../../pic32mx/lib\libpic32.a(vector48.o)
                0x9fc01800                __vector_dispatch_48
                0x00000001                ASSERT (((_vector_spacing == 0x0) || (SIZEOF (.vector_48) <= (_vector_spacing << 0x5))), function at exception vector 48 too large)

.vector_49      0x9fc01820        0x8
 *(.vector_49)
 .vector_49     0x9fc01820        0x8 c:/program files (x86)/microchip/xc32/v1.40/bin/bin/../../lib/gcc/pic32mx/4.8.3/../../../../pic32mx/lib\libpic32.a(vector49.o)
                0x9fc01820                __vector_dispatch_49
                0x00000001                ASSERT (((_vector_spacing == 0x0) || (SIZEOF (.vector_49) <= (_vector_spacing << 0x5))), function at exception vector 49 too large)

.vector_50      0x9fc01840        0x8
 *(.vector_50)
 .vector_50     0x9fc01840        0x8 c:/program files (x86)/microchip/xc32/v1.40/bin/bin/../../lib/gcc/pic32mx/4.8.3/../../../../pic32mx/lib\libpic32.a(vector50.o)
                0x9fc01840                __vector_dispatch_50
                0x00000001                ASSERT (((_vector_spacing == 0x0) || (SIZEOF (.vector_50) <= (_vector_spacing << 0x5))), function at exception vector 50 too large)

.vector_51      0x9fc01860        0x8
 *(.vector_51)
 .vector_51     0x9fc01860        0x8 c:/program files (x86)/microchip/xc32/v1.40/bin/bin/../../lib/gcc/pic32mx/4.8.3/../../../../pic32mx/lib\libpic32.a(vector51.o)
                0x9fc01860                __vector_dispatch_51
                0x00000001                ASSERT (((_vector_spacing == 0x0) || (SIZEOF (.vector_51) <= (_vector_spacing << 0x5))), function at exception vector 51 too large)

.vector_52      0x9fc01880        0x0
 *(.vector_52)
                0x00000001                ASSERT (((_vector_spacing == 0x0) || (SIZEOF (.vector_52) <= (_vector_spacing << 0x5))), function at exception vector 52 too large)

.vector_53      0x9fc018a0        0x0
 *(.vector_53)
                0x00000001                ASSERT (((_vector_spacing == 0x0) || (SIZEOF (.vector_53) <= (_vector_spacing << 0x5))), function at exception vector 53 too large)

.vector_54      0x9fc018c0        0x0
 *(.vector_54)
                0x00000001                ASSERT (((_vector_spacing == 0x0) || (SIZEOF (.vector_54) <= (_vector_spacing << 0x5))), function at exception vector 54 too large)

.vector_55      0x9fc018e0        0x0
 *(.vector_55)
                0x00000001                ASSERT (((_vector_spacing == 0x0) || (SIZEOF (.vector_55) <= (_vector_spacing << 0x5))), function at exception vector 55 too large)

.vector_56      0x9fc01900        0x0
 *(.vector_56)
                0x00000001                ASSERT (((_vector_spacing == 0x0) || (SIZEOF (.vector_56) <= (_vector_spacing << 0x5))), function at exception vector 56 too large)

.vector_57      0x9fc01920        0x0
 *(.vector_57)
                0x00000001                ASSERT (((_vector_spacing == 0x0) || (SIZEOF (.vector_57) <= (_vector_spacing << 0x5))), function at exception vector 57 too large)

.vector_58      0x9fc01940        0x0
 *(.vector_58)
                0x00000001                ASSERT (((_vector_spacing == 0x0) || (SIZEOF (.vector_58) <= (_vector_spacing << 0x5))), function at exception vector 58 too large)

.vector_59      0x9fc01960        0x0
 *(.vector_59)
                0x00000001                ASSERT (((_vector_spacing == 0x0) || (SIZEOF (.vector_59) <= (_vector_spacing << 0x5))), function at exception vector 59 too large)

.vector_60      0x9fc01980        0x0
 *(.vector_60)
                0x00000001                ASSERT (((_vector_spacing == 0x0) || (SIZEOF (.vector_60) <= (_vector_spacing << 0x5))), function at exception vector 60 too large)

.vector_61      0x9fc019a0        0x0
 *(.vector_61)
                0x00000001                ASSERT (((_vector_spacing == 0x0) || (SIZEOF (.vector_61) <= (_vector_spacing << 0x5))), function at exception vector 61 too large)

.vector_62      0x9fc019c0        0x0
 *(.vector_62)
                0x00000001                ASSERT (((_vector_spacing == 0x0) || (SIZEOF (.vector_62) <= (_vector_spacing << 0x5))), function at exception vector 62 too large)

.vector_63      0x9fc019e0        0x0
 *(.vector_63)
                0x00000001                ASSERT (((_vector_spacing == 0x0) || (SIZEOF (.vector_63) <= (_vector_spacing << 0x5))), function at exception vector 63 too large)

.startup
 *(.startup)

.text           0x9d000000      0xad0
 *(.stub .gnu.linkonce.t.*)
 .gnu.linkonce.t._ZNKSt9bad_alloc4whatEv
                0x9d000000        0xc build/default/production/src/anComets.o
                0x9d000000                std::bad_alloc::what() const
 .gnu.linkonce.t._ZNKSt9bad_alloc8_DoraiseEv
                0x9d00000c       0x1c build/default/production/src/anComets.o
                0x9d00000c                std::bad_alloc::_Doraise() const
 .gnu.linkonce.t._ZNSt9bad_allocD1Ev
                0x9d000028       0x24 build/default/production/src/anComets.o
                0x9d000028                std::bad_alloc::~bad_alloc()
 .gnu.linkonce.t._ZNSt9bad_allocD0Ev
                0x9d00004c       0x38 build/default/production/src/anComets.o
                0x9d00004c                std::bad_alloc::~bad_alloc()
 .gnu.linkonce.t._ZNSt6vectorI5pixelSaIS0_EE5_TidyEv
                0x9d000084       0x6c build/default/production/src/anTest.o
                0x9d000084                std::vector<pixel, std::allocator<pixel> >::_Tidy()
 .gnu.linkonce.t._ZSt9_Cons_valISaI6spriteES0_S0_EvRT_PT0_RKT1_
                0x9d0000f0      0x20c build/default/production/src/anTetrisSA.o
                0x9d0000f0                void std::_Cons_val<std::allocator<sprite>, sprite, sprite>(std::allocator<sprite>&, sprite*, sprite const&)
 .gnu.linkonce.t._ZNSt11logic_errorD1Ev
                0x9d0002fc       0x58 c:/program files (x86)/microchip/xc32/v1.40/bin/bin/../../lib/gcc/pic32mx/4.8.3/../../../../pic32mx/lib\libxcpp.a(xthrow.o)
                0x9d0002fc                std::logic_error::~logic_error()
 .gnu.linkonce.t._ZNSt11logic_errorD0Ev
                0x9d000354       0x60 c:/program files (x86)/microchip/xc32/v1.40/bin/bin/../../lib/gcc/pic32mx/4.8.3/../../../../pic32mx/lib\libxcpp.a(xthrow.o)
                0x9d000354                std::logic_error::~logic_error()
 .gnu.linkonce.t._ZNKSt11logic_error4whatEv
                0x9d0003b4       0x20 c:/program files (x86)/microchip/xc32/v1.40/bin/bin/../../lib/gcc/pic32mx/4.8.3/../../../../pic32mx/lib\libxcpp.a(xthrow.o)
                0x9d0003b4                std::logic_error::what() const
 .gnu.linkonce.t._ZNKSt11logic_error8_DoraiseEv
                0x9d0003d4       0x1c c:/program files (x86)/microchip/xc32/v1.40/bin/bin/../../lib/gcc/pic32mx/4.8.3/../../../../pic32mx/lib\libxcpp.a(xthrow.o)
                0x9d0003d4                std::logic_error::_Doraise() const
 .gnu.linkonce.t._ZNKSt12length_error8_DoraiseEv
                0x9d0003f0       0x1c c:/program files (x86)/microchip/xc32/v1.40/bin/bin/../../lib/gcc/pic32mx/4.8.3/../../../../pic32mx/lib\libxcpp.a(xthrow.o)
                0x9d0003f0                std::length_error::_Doraise() const
 .gnu.linkonce.t._ZNKSt12out_of_range8_DoraiseEv
                0x9d00040c       0x1c c:/program files (x86)/microchip/xc32/v1.40/bin/bin/../../lib/gcc/pic32mx/4.8.3/../../../../pic32mx/lib\libxcpp.a(xthrow.o)
                0x9d00040c                std::out_of_range::_Doraise() const
 .gnu.linkonce.t._ZNSt12out_of_rangeD1Ev
                0x9d000428       0x58 c:/program files (x86)/microchip/xc32/v1.40/bin/bin/../../lib/gcc/pic32mx/4.8.3/../../../../pic32mx/lib\libxcpp.a(xthrow.o)
                0x9d000428                std::out_of_range::~out_of_range()
 .gnu.linkonce.t._ZNSt12out_of_rangeD0Ev
                0x9d000480       0x60 c:/program files (x86)/microchip/xc32/v1.40/bin/bin/../../lib/gcc/pic32mx/4.8.3/../../../../pic32mx/lib\libxcpp.a(xthrow.o)
                0x9d000480                std::out_of_range::~out_of_range()
 .gnu.linkonce.t._ZNSt12length_errorD1Ev
                0x9d0004e0       0x58 c:/program files (x86)/microchip/xc32/v1.40/bin/bin/../../lib/gcc/pic32mx/4.8.3/../../../../pic32mx/lib\libxcpp.a(xthrow.o)
                0x9d0004e0                std::length_error::~length_error()
 .gnu.linkonce.t._ZNSt12length_errorD0Ev
                0x9d000538       0x60 c:/program files (x86)/microchip/xc32/v1.40/bin/bin/../../lib/gcc/pic32mx/4.8.3/../../../../pic32mx/lib\libxcpp.a(xthrow.o)
                0x9d000538                std::length_error::~length_error()
 *(.text.*personality*)
 .text.__gxx_personality_sj0
                0x9d000598      0x538 c:/program files (x86)/microchip/xc32/v1.40/bin/bin/../../lib/gcc/pic32mx/4.8.3/../../../../pic32mx/lib\libsupc++.a(eh_personality.o)
                0x9d000598                __gxx_personality_sj0
 *(.mips16.fn.*)
 *(.mips16.call.*)
 *(.gnu.warning)
                0x9d000ad0                . = ALIGN (0x4)

.init           0x9d000ad0       0x24
 *crti.o(.init)
 .init          0x9d000ad0        0x8 c:/program files (x86)/microchip/xc32/v1.40/bin/bin/../../lib/gcc/pic32mx/4.8.3/crti.o
                0x9d000ad0                _init
 *crtbegin.o(.init)
 .init          0x9d000ad8        0x8 c:/program files (x86)/microchip/xc32/v1.40/bin/bin/../../lib/gcc/pic32mx/4.8.3/crtbegin.o
 *(EXCLUDE_FILE(*crtn.o *crtend?.o *crtend.o) .init)
 *crtend.o(.init)
 .init          0x9d000ae0        0x8 c:/program files (x86)/microchip/xc32/v1.40/bin/bin/../../lib/gcc/pic32mx/4.8.3/crtend.o
 *crtn.o(.init)
 .init          0x9d000ae8        0xc c:/program files (x86)/microchip/xc32/v1.40/bin/bin/../../lib/gcc/pic32mx/4.8.3/crtn.o
                0x9d000af4                . = ALIGN (0x4)

.fini           0x9d000af4       0x1c
 *(.fini)
 .fini          0x9d000af4        0x8 c:/program files (x86)/microchip/xc32/v1.40/bin/bin/../../lib/gcc/pic32mx/4.8.3/crti.o
                0x9d000af4                _fini
 .fini          0x9d000afc        0x8 c:/program files (x86)/microchip/xc32/v1.40/bin/bin/../../lib/gcc/pic32mx/4.8.3/crtbegin.o
 .fini          0x9d000b04        0xc c:/program files (x86)/microchip/xc32/v1.40/bin/bin/../../lib/gcc/pic32mx/4.8.3/crtn.o
                0x9d000b10                . = ALIGN (0x4)

.preinit_array  0x9d000b10        0x0
                0x9d000b10                PROVIDE (__preinit_array_start, .)
 *(.preinit_array)
                0x9d000b10                PROVIDE (__preinit_array_end, .)
                0x9d000b10                . = ALIGN (0x4)

.init_array     0x9d000b10        0x0
                0x9d000b10                PROVIDE (__init_array_start, .)
 *(SORT(.init_array.*))
 *(.init_array)
                0x9d000b10                PROVIDE (__init_array_end, .)
                0x9d000b10                . = ALIGN (0x4)

.fini_array     0x9d000b10        0x0
                0x9d000b10                PROVIDE (__fini_array_start, .)
 *(SORT(.fini_array.*))
 *(.fini_array)
                0x9d000b10                PROVIDE (__fini_array_end, .)
                0x9d000b10                . = ALIGN (0x4)

.ctors          0x9d000b10        0xc
 *crtbegin.o(.ctors)
 .ctors         0x9d000b10        0x4 c:/program files (x86)/microchip/xc32/v1.40/bin/bin/../../lib/gcc/pic32mx/4.8.3/crtbegin.o
 *crtbegin?.o(.ctors)
 *(EXCLUDE_FILE(*crtend?.o *crtend.o) .ctors)
 .ctors         0x9d000b14        0x4 build/default/production/src/anTetrisSA.o
 *(SORT(.ctors.*))
 *(.ctors)
 .ctors         0x9d000b18        0x4 c:/program files (x86)/microchip/xc32/v1.40/bin/bin/../../lib/gcc/pic32mx/4.8.3/crtend.o
                0x9d000b1c                . = ALIGN (0x4)

.dtors          0x9d000b1c        0x8
 *crtbegin.o(.dtors)
 .dtors         0x9d000b1c        0x4 c:/program files (x86)/microchip/xc32/v1.40/bin/bin/../../lib/gcc/pic32mx/4.8.3/crtbegin.o
 *crtbegin?.o(.dtors)
 *(EXCLUDE_FILE(*crtend?.o *crtend.o) .dtors)
 *(SORT(.dtors.*))
 *(.dtors)
 .dtors         0x9d000b20        0x4 c:/program files (x86)/microchip/xc32/v1.40/bin/bin/../../lib/gcc/pic32mx/4.8.3/crtend.o
                0x9d000b20                __DTOR_END__
                0x9d000b24                . = ALIGN (0x4)

.rodata         0x9d000b24      0x4d4
 *(.gnu.linkonce.r.*)
 .gnu.linkonce.r._ZTV10anChevrons
                0x9d000b24       0x14 build/default/production/src/anChevrons.o
                0x9d000b24                vtable for anChevrons
 .gnu.linkonce.r._ZTI10anChevrons
                0x9d000b38        0xc build/default/production/src/anChevrons.o
                0x9d000b38                typeinfo for anChevrons
 .gnu.linkonce.r._ZTS10anChevrons
                0x9d000b44       0x10 build/default/production/src/anChevrons.o
                0x9d000b44                typeinfo name for anChevrons
 .gnu.linkonce.r._ZTV13anColorFlowSA
                0x9d000b54       0x14 build/default/production/src/anColorFlowSA.o
                0x9d000b54                vtable for anColorFlowSA
 .gnu.linkonce.r._ZTI13anColorFlowSA
                0x9d000b68        0xc build/default/production/src/anColorFlowSA.o
                0x9d000b68                typeinfo for anColorFlowSA
 .gnu.linkonce.r._ZTS13anColorFlowSA
                0x9d000b74       0x10 build/default/production/src/anColorFlowSA.o
                0x9d000b74                typeinfo name for anColorFlowSA
 .gnu.linkonce.r._ZTV13anColorRaceSA
                0x9d000b84       0x14 build/default/production/src/anColorRaceSA.o
                0x9d000b84                vtable for anColorRaceSA
 .gnu.linkonce.r._ZTI13anColorRaceSA
                0x9d000b98        0xc build/default/production/src/anColorRaceSA.o
                0x9d000b98                typeinfo for anColorRaceSA
 .gnu.linkonce.r._ZTS13anColorRaceSA
                0x9d000ba4       0x10 build/default/production/src/anColorRaceSA.o
                0x9d000ba4                typeinfo name for anColorRaceSA
 .gnu.linkonce.r._ZTV8anComets
                0x9d000bb4       0x14 build/default/production/src/anComets.o
                0x9d000bb4                vtable for anComets
 .gnu.linkonce.r._ZTVSt9bad_alloc
                0x9d000bc8       0x18 build/default/production/src/anComets.o
                0x9d000bc8                vtable for std::bad_alloc
 .gnu.linkonce.r._ZTI8anComets
                0x9d000be0        0xc build/default/production/src/anComets.o
                0x9d000be0                typeinfo for anComets
 .gnu.linkonce.r._ZTS8anComets
                0x9d000bec        0xc build/default/production/src/anComets.o
                0x9d000bec                typeinfo name for anComets
 .gnu.linkonce.r._ZTSSt9bad_alloc
                0x9d000bf8       0x10 build/default/production/src/anComets.o
                0x9d000bf8                typeinfo name for std::bad_alloc
 .gnu.linkonce.r._ZTISt9bad_alloc
                0x9d000c08        0xc build/default/production/src/anComets.o
                0x9d000c08                typeinfo for std::bad_alloc
 .gnu.linkonce.r._ZTV12anFadeMiddle
                0x9d000c14       0x14 build/default/production/src/anFadeMiddle.o
                0x9d000c14                vtable for anFadeMiddle
 .gnu.linkonce.r._ZTI12anFadeMiddle
                0x9d000c28        0xc build/default/production/src/anFadeMiddle.o
                0x9d000c28                typeinfo for anFadeMiddle
 .gnu.linkonce.r._ZTS12anFadeMiddle
                0x9d000c34       0x10 build/default/production/src/anFadeMiddle.o
                0x9d000c34                typeinfo name for anFadeMiddle
 .gnu.linkonce.r._ZTV13anPulseFadeSA
                0x9d000c44       0x14 build/default/production/src/anPulseFadeSA.o
                0x9d000c44                vtable for anPulseFadeSA
 .gnu.linkonce.r._ZTI13anPulseFadeSA
                0x9d000c58        0xc build/default/production/src/anPulseFadeSA.o
                0x9d000c58                typeinfo for anPulseFadeSA
 .gnu.linkonce.r._ZTS13anPulseFadeSA
                0x9d000c64       0x10 build/default/production/src/anPulseFadeSA.o
                0x9d000c64                typeinfo name for anPulseFadeSA
 .gnu.linkonce.r._ZTV6anRain
                0x9d000c74       0x14 build/default/production/src/anRain.o
                0x9d000c74                vtable for anRain
 .gnu.linkonce.r._ZTI6anRain
                0x9d000c88        0xc build/default/production/src/anRain.o
                0x9d000c88                typeinfo for anRain
 .gnu.linkonce.r._ZTS6anRain
                0x9d000c94        0x8 build/default/production/src/anRain.o
                0x9d000c94                typeinfo name for anRain
 .gnu.linkonce.r._ZTV15anRainbowChaser
                0x9d000c9c       0x14 build/default/production/src/anRainbowChaser.o
                0x9d000c9c                vtable for anRainbowChaser
 .gnu.linkonce.r._ZTI15anRainbowChaser
                0x9d000cb0        0xc build/default/production/src/anRainbowChaser.o
                0x9d000cb0                typeinfo for anRainbowChaser
 .gnu.linkonce.r._ZTS15anRainbowChaser
                0x9d000cbc       0x14 build/default/production/src/anRainbowChaser.o
                0x9d000cbc                typeinfo name for anRainbowChaser
 .gnu.linkonce.r._ZTV12anSplatterSA
                0x9d000cd0       0x14 build/default/production/src/anSplatterSA.o
                0x9d000cd0                vtable for anSplatterSA
 .gnu.linkonce.r._ZTI12anSplatterSA
                0x9d000ce4        0xc build/default/production/src/anSplatterSA.o
                0x9d000ce4                typeinfo for anSplatterSA
 .gnu.linkonce.r._ZTS12anSplatterSA
                0x9d000cf0       0x10 build/default/production/src/anSplatterSA.o
                0x9d000cf0                typeinfo name for anSplatterSA
 .gnu.linkonce.r._ZTV11npAnimation
                0x9d000d00       0x14 build/default/production/src/npAnimation.o
                0x9d000d00                vtable for npAnimation
 .gnu.linkonce.r._ZTI11npAnimation
                0x9d000d14        0x8 build/default/production/src/npAnimation.o
                0x9d000d14                typeinfo for npAnimation
 .gnu.linkonce.r._ZTS11npAnimation
                0x9d000d1c       0x10 build/default/production/src/npAnimation.o
                0x9d000d1c                typeinfo name for npAnimation
 .gnu.linkonce.r._ZTV9anSprites
                0x9d000d2c       0x14 build/default/production/src/anSprites.o
                0x9d000d2c                vtable for anSprites
 .gnu.linkonce.r._ZTI9anSprites
                0x9d000d40        0xc build/default/production/src/anSprites.o
                0x9d000d40                typeinfo for anSprites
 .gnu.linkonce.r._ZTS9anSprites
                0x9d000d4c        0xc build/default/production/src/anSprites.o
                0x9d000d4c                typeinfo name for anSprites
 .gnu.linkonce.r._ZTV6anTest
                0x9d000d58       0x14 build/default/production/src/anTest.o
                0x9d000d58                vtable for anTest
 .gnu.linkonce.r._ZTI6anTest
                0x9d000d6c        0xc build/default/production/src/anTest.o
                0x9d000d6c                typeinfo for anTest
 .gnu.linkonce.r._ZTS6anTest
                0x9d000d78        0x8 build/default/production/src/anTest.o
                0x9d000d78                typeinfo name for anTest
 .gnu.linkonce.r._ZTV11anClassicSA
                0x9d000d80       0x14 build/default/production/src/anClassicSA.o
                0x9d000d80                vtable for anClassicSA
 .gnu.linkonce.r._ZTI11anClassicSA
                0x9d000d94        0xc build/default/production/src/anClassicSA.o
                0x9d000d94                typeinfo for anClassicSA
 .gnu.linkonce.r._ZTS11anClassicSA
                0x9d000da0       0x10 build/default/production/src/anClassicSA.o
                0x9d000da0                typeinfo name for anClassicSA
 .gnu.linkonce.r._ZTV10anTetrisSA
                0x9d000db0       0x14 build/default/production/src/anTetrisSA.o
                0x9d000db0                vtable for anTetrisSA
 .gnu.linkonce.r._ZTI10anTetrisSA
                0x9d000dc4        0xc build/default/production/src/anTetrisSA.o
                0x9d000dc4                typeinfo for anTetrisSA
 .gnu.linkonce.r._ZTS10anTetrisSA
                0x9d000dd0       0x10 build/default/production/src/anTetrisSA.o
                0x9d000dd0                typeinfo name for anTetrisSA
 .gnu.linkonce.r._ZTVN10__cxxabiv117__class_type_infoE._ZTVN10__cxxabiv117__class_type_infoE
                0x9d000de0       0x2c c:/program files (x86)/microchip/xc32/v1.40/bin/bin/../../lib/gcc/pic32mx/4.8.3/../../../../pic32mx/lib\libsupc++.a(class_type_info.o)
                0x9d000de0                vtable for __cxxabiv1::__class_type_info
 .gnu.linkonce.r._ZTIN10__cxxabiv117__class_type_infoE._ZTIN10__cxxabiv117__class_type_infoE
                0x9d000e0c        0xc c:/program files (x86)/microchip/xc32/v1.40/bin/bin/../../lib/gcc/pic32mx/4.8.3/../../../../pic32mx/lib\libsupc++.a(class_type_info.o)
                0x9d000e0c                typeinfo for __cxxabiv1::__class_type_info
 .gnu.linkonce.r._ZTSN10__cxxabiv117__class_type_infoE._ZTSN10__cxxabiv117__class_type_infoE
                0x9d000e18       0x24 c:/program files (x86)/microchip/xc32/v1.40/bin/bin/../../lib/gcc/pic32mx/4.8.3/../../../../pic32mx/lib\libsupc++.a(class_type_info.o)
                0x9d000e18                typeinfo name for __cxxabiv1::__class_type_info
 .gnu.linkonce.r._ZTVSt9exception._ZTVSt9exception
                0x9d000e3c       0x14 c:/program files (x86)/microchip/xc32/v1.40/bin/bin/../../lib/gcc/pic32mx/4.8.3/../../../../pic32mx/lib\libsupc++.a(eh_exception.o)
                0x9d000e3c                vtable for std::exception
 .gnu.linkonce.r._ZTIN10__cxxabiv119__foreign_exceptionE._ZTIN10__cxxabiv119__foreign_exceptionE
                0x9d000e50        0x8 c:/program files (x86)/microchip/xc32/v1.40/bin/bin/../../lib/gcc/pic32mx/4.8.3/../../../../pic32mx/lib\libsupc++.a(eh_exception.o)
                0x9d000e50                typeinfo for __cxxabiv1::__foreign_exception
 .gnu.linkonce.r._ZTSN10__cxxabiv119__foreign_exceptionE._ZTSN10__cxxabiv119__foreign_exceptionE
                0x9d000e58       0x24 c:/program files (x86)/microchip/xc32/v1.40/bin/bin/../../lib/gcc/pic32mx/4.8.3/../../../../pic32mx/lib\libsupc++.a(eh_exception.o)
                0x9d000e58                typeinfo name for __cxxabiv1::__foreign_exception
 .gnu.linkonce.r._ZTIN10__cxxabiv115__forced_unwindE._ZTIN10__cxxabiv115__forced_unwindE
                0x9d000e7c        0x8 c:/program files (x86)/microchip/xc32/v1.40/bin/bin/../../lib/gcc/pic32mx/4.8.3/../../../../pic32mx/lib\libsupc++.a(eh_exception.o)
                0x9d000e7c                typeinfo for __cxxabiv1::__forced_unwind
 .gnu.linkonce.r._ZTSN10__cxxabiv115__forced_unwindE._ZTSN10__cxxabiv115__forced_unwindE
                0x9d000e84       0x20 c:/program files (x86)/microchip/xc32/v1.40/bin/bin/../../lib/gcc/pic32mx/4.8.3/../../../../pic32mx/lib\libsupc++.a(eh_exception.o)
                0x9d000e84                typeinfo name for __cxxabiv1::__forced_unwind
 .gnu.linkonce.r._ZTISt9exception._ZTISt9exception
                0x9d000ea4        0x8 c:/program files (x86)/microchip/xc32/v1.40/bin/bin/../../lib/gcc/pic32mx/4.8.3/../../../../pic32mx/lib\libsupc++.a(eh_exception.o)
                0x9d000ea4                typeinfo for std::exception
 .gnu.linkonce.r._ZTSSt9exception._ZTSSt9exception
                0x9d000eac       0x10 c:/program files (x86)/microchip/xc32/v1.40/bin/bin/../../lib/gcc/pic32mx/4.8.3/../../../../pic32mx/lib\libsupc++.a(eh_exception.o)
                0x9d000eac                typeinfo name for std::exception
 .gnu.linkonce.r._ZTVN10__cxxabiv120__si_class_type_infoE._ZTVN10__cxxabiv120__si_class_type_infoE
                0x9d000ebc       0x2c c:/program files (x86)/microchip/xc32/v1.40/bin/bin/../../lib/gcc/pic32mx/4.8.3/../../../../pic32mx/lib\libsupc++.a(si_class_type_info.o)
                0x9d000ebc                vtable for __cxxabiv1::__si_class_type_info
 .gnu.linkonce.r._ZTIN10__cxxabiv120__si_class_type_infoE._ZTIN10__cxxabiv120__si_class_type_infoE
                0x9d000ee8        0xc c:/program files (x86)/microchip/xc32/v1.40/bin/bin/../../lib/gcc/pic32mx/4.8.3/../../../../pic32mx/lib\libsupc++.a(si_class_type_info.o)
                0x9d000ee8                typeinfo for __cxxabiv1::__si_class_type_info
 .gnu.linkonce.r._ZTSN10__cxxabiv120__si_class_type_infoE._ZTSN10__cxxabiv120__si_class_type_infoE
                0x9d000ef4       0x28 c:/program files (x86)/microchip/xc32/v1.40/bin/bin/../../lib/gcc/pic32mx/4.8.3/../../../../pic32mx/lib\libsupc++.a(si_class_type_info.o)
                0x9d000ef4                typeinfo name for __cxxabiv1::__si_class_type_info
 .gnu.linkonce.r._ZTVSt9type_info._ZTVSt9type_info
                0x9d000f1c       0x20 c:/program files (x86)/microchip/xc32/v1.40/bin/bin/../../lib/gcc/pic32mx/4.8.3/../../../../pic32mx/lib\libsupc++.a(tinfo.o)
                0x9d000f1c                vtable for std::type_info
 .gnu.linkonce.r._ZTISt9type_info._ZTISt9type_info
                0x9d000f3c        0x8 c:/program files (x86)/microchip/xc32/v1.40/bin/bin/../../lib/gcc/pic32mx/4.8.3/../../../../pic32mx/lib\libsupc++.a(tinfo.o)
                0x9d000f3c                typeinfo for std::type_info
 .gnu.linkonce.r._ZTSSt9type_info._ZTSSt9type_info
                0x9d000f44       0x10 c:/program files (x86)/microchip/xc32/v1.40/bin/bin/../../lib/gcc/pic32mx/4.8.3/../../../../pic32mx/lib\libsupc++.a(tinfo.o)
                0x9d000f44                typeinfo name for std::type_info
 .gnu.linkonce.r._ZTVSt12out_of_range
                0x9d000f54       0x18 c:/program files (x86)/microchip/xc32/v1.40/bin/bin/../../lib/gcc/pic32mx/4.8.3/../../../../pic32mx/lib\libxcpp.a(xthrow.o)
                0x9d000f54                vtable for std::out_of_range
 .gnu.linkonce.r._ZTVSt12length_error
                0x9d000f6c       0x18 c:/program files (x86)/microchip/xc32/v1.40/bin/bin/../../lib/gcc/pic32mx/4.8.3/../../../../pic32mx/lib\libxcpp.a(xthrow.o)
                0x9d000f6c                vtable for std::length_error
 .gnu.linkonce.r._ZTVSt11logic_error
                0x9d000f84       0x18 c:/program files (x86)/microchip/xc32/v1.40/bin/bin/../../lib/gcc/pic32mx/4.8.3/../../../../pic32mx/lib\libxcpp.a(xthrow.o)
                0x9d000f84                vtable for std::logic_error
 .gnu.linkonce.r._ZTSSt12out_of_range
                0x9d000f9c       0x14 c:/program files (x86)/microchip/xc32/v1.40/bin/bin/../../lib/gcc/pic32mx/4.8.3/../../../../pic32mx/lib\libxcpp.a(xthrow.o)
                0x9d000f9c                typeinfo name for std::out_of_range
 .gnu.linkonce.r._ZTISt12out_of_range
                0x9d000fb0        0xc c:/program files (x86)/microchip/xc32/v1.40/bin/bin/../../lib/gcc/pic32mx/4.8.3/../../../../pic32mx/lib\libxcpp.a(xthrow.o)
                0x9d000fb0                typeinfo for std::out_of_range
 .gnu.linkonce.r._ZTSSt12length_error
                0x9d000fbc       0x14 c:/program files (x86)/microchip/xc32/v1.40/bin/bin/../../lib/gcc/pic32mx/4.8.3/../../../../pic32mx/lib\libxcpp.a(xthrow.o)
                0x9d000fbc                typeinfo name for std::length_error
 .gnu.linkonce.r._ZTISt12length_error
                0x9d000fd0        0xc c:/program files (x86)/microchip/xc32/v1.40/bin/bin/../../lib/gcc/pic32mx/4.8.3/../../../../pic32mx/lib\libxcpp.a(xthrow.o)
                0x9d000fd0                typeinfo for std::length_error
 .gnu.linkonce.r._ZTSSt11logic_error
                0x9d000fdc       0x10 c:/program files (x86)/microchip/xc32/v1.40/bin/bin/../../lib/gcc/pic32mx/4.8.3/../../../../pic32mx/lib\libxcpp.a(xthrow.o)
                0x9d000fdc                typeinfo name for std::logic_error
 .gnu.linkonce.r._ZTISt11logic_error
                0x9d000fec        0xc c:/program files (x86)/microchip/xc32/v1.40/bin/bin/../../lib/gcc/pic32mx/4.8.3/../../../../pic32mx/lib\libxcpp.a(xthrow.o)
                0x9d000fec                typeinfo for std::logic_error
 *(.rodata1)
                0x9d000ff8                . = ALIGN (0x4)

.sdata2         0x9d000ff8        0x0
 *(.sdata2 .sdata2.* .gnu.linkonce.s2.*)
                0x9d000ff8                . = ALIGN (0x4)

.sbss2          0x9d000ff8        0x0
 *(.sbss2 .sbss2.* .gnu.linkonce.sb2.*)
                0x9d000ff8                . = ALIGN (0x4)

.eh_frame_hdr
 *(.eh_frame_hdr)
                0x9d000ff8                . = ALIGN (0x4)

.eh_frame
 *(.eh_frame)
                0x9d000ff8                . = ALIGN (0x4)

.gcc_except_table
 *(.gcc_except_table .gcc_except_table.*)
                0x9d000ff8                . = ALIGN (0x4)

.dbg_data       0xa0000000        0x0
                0xa0000000                . = (. + DEFINED (_DEBUGGER)?0x200:0x0)

.jcr            0xa0000000        0x4
 *(.jcr)
 .jcr           0xa0000000        0x0 c:/program files (x86)/microchip/xc32/v1.40/bin/bin/../../lib/gcc/pic32mx/4.8.3/crtbegin.o
 .jcr           0xa0000000        0x4 c:/program files (x86)/microchip/xc32/v1.40/bin/bin/../../lib/gcc/pic32mx/4.8.3/crtend.o
                0xa0000004                . = ALIGN (0x4)

.eh_frame       0xa0000004        0x4
 *(.eh_frame)
 .eh_frame      0xa0000004        0x0 c:/program files (x86)/microchip/xc32/v1.40/bin/bin/../../lib/gcc/pic32mx/4.8.3/crtbegin.o
 .eh_frame      0xa0000004        0x4 c:/program files (x86)/microchip/xc32/v1.40/bin/bin/../../lib/gcc/pic32mx/4.8.3/crtend.o
                0xa0000008                . = ALIGN (0x4)

.gcc_except_table
                0xa0000008      0x108
 *(.gcc_except_table .gcc_except_table.*)
 .gcc_except_table
                0xa0000008        0x6 build/default/production/src/anChevrons.o
 .gcc_except_table
                0xa000000e        0x6 build/default/production/src/anColorFlowSA.o
 .gcc_except_table
                0xa0000014        0x6 build/default/production/src/anColorRaceSA.o
 .gcc_except_table
                0xa000001a        0xc build/default/production/src/anComets.o
 .gcc_except_table
                0xa0000026        0x6 build/default/production/src/anFadeMiddle.o
 .gcc_except_table
                0xa000002c        0x6 build/default/production/src/anPulseFadeSA.o
 .gcc_except_table
                0xa0000032        0x6 build/default/production/src/anRain.o
 .gcc_except_table
                0xa0000038        0x6 build/default/production/src/anRainbowChaser.o
 .gcc_except_table
                0xa000003e        0x6 build/default/production/src/anSplatterSA.o
 .gcc_except_table
                0xa0000044       0x22 build/default/production/src/main.o
 .gcc_except_table
                0xa0000066        0x6 build/default/production/src/npAnimation.o
 .gcc_except_table
                0xa000006c        0xa build/default/production/src/npDisplay.o
 .gcc_except_table
                0xa0000076        0xe build/default/production/src/anSprites.o
 .gcc_except_table
                0xa0000084        0xe build/default/production/src/anTest.o
 .gcc_except_table
                0xa0000092        0xe build/default/production/src/pixel.o
 .gcc_except_table
                0xa00000a0       0x20 build/default/production/src/anClassicSA.o
 .gcc_except_table
                0xa00000c0       0x20 build/default/production/src/anTetrisSA.o
 .gcc_except_table
                0xa00000e0       0x20 c:/program files (x86)/microchip/xc32/v1.40/bin/bin/../../lib/gcc/pic32mx/4.8.3/../../../../pic32mx/lib\libsupc++.a(eh_personality.o)
 .gcc_except_table
                0xa0000100       0x10 c:/program files (x86)/microchip/xc32/v1.40/bin/bin/../../lib/gcc/pic32mx/4.8.3/../../../../pic32mx/lib\libsupc++.a(eh_terminate.o)
                0xa0000110                . = ALIGN (0x4)

.persist        0xa0000110        0x0
                0xa0000110                _persist_begin = .
 *(.persist .persist.*)
 *(.pbss .pbss.*)
                0xa0000110                . = ALIGN (0x4)
                0xa0000110                _persist_end = .

.data           0xa0000110        0x0
 *(.gnu.linkonce.d.*)
 *(.data1)
                0xa0000110                . = ALIGN (0x4)
                0xa0000110                . = .
                0xa0008100                _gp = (ALIGN (0x10) + 0x7ff0)

.got            0xa0000110        0x0
 *(.got.plt)
 *(.got)
                0xa0000110                . = ALIGN (0x4)

.sdata          0xa0000110       0x1c
                0xa0000110                _sdata_begin = .
 *(.sdata .sdata.* .gnu.linkonce.s.*)
 .sdata         0xa0000110        0x4 c:/program files (x86)/microchip/xc32/v1.40/bin/bin/../../lib/gcc/pic32mx/4.8.3/crtbegin.o
                0xa0000110                __dso_handle
 .sdata         0xa0000114        0x4 build/default/production/src/anChevrons.o
 .sdata         0xa0000118        0x4 build/default/production/src/fft.o
                0xa0000118                log2N
 .sdata         0xa000011c        0x4 build/default/production/src/main.o
                0xa000011c                T4Period
 .sdata._ZN10__cxxabiv120__unexpected_handlerE.__unexpected_handler
                0xa0000120        0x4 c:/program files (x86)/microchip/xc32/v1.40/bin/bin/../../lib/gcc/pic32mx/4.8.3/../../../../pic32mx/lib\libsupc++.a(eh_unex_handler.o)
                0xa0000120                __cxxabiv1::__unexpected_handler
 .sdata._ZN10__cxxabiv119__terminate_handlerE.__terminate_handler
                0xa0000124        0x4 c:/program files (x86)/microchip/xc32/v1.40/bin/bin/../../lib/gcc/pic32mx/4.8.3/../../../../pic32mx/lib\libsupc++.a(eh_term_handler.o)
                0xa0000124                __cxxabiv1::__terminate_handler
 .sdata         0xa0000128        0x4 c:/program files (x86)/microchip/xc32/v1.40/bin/bin/../../lib/gcc/pic32mx/4.8.3/../../../../pic32mx/lib\libpic32.a(xc32_uart.o)
                0xa0000128                __XC_UART
                0xa000012c                . = ALIGN (0x4)
                0xa000012c                _sdata_end = .

.lit8
 *(.lit8)

.lit4
 *(.lit4)
                0xa000012c                . = ALIGN (0x4)
                0xa000012c                _data_end = .
                0xa000012c                _bss_begin = .

.sbss           0xa000012c       0x90
                0xa000012c                _sbss_begin = .
 *(.dynsbss)
 *(.sbss .sbss.* .gnu.linkonce.sb.*)
 .sbss          0xa000012c       0x10 build/default/production/src/anChevrons.o
 .sbss          0xa000013c        0x4 build/default/production/src/anColorFlowSA.o
 .sbss          0xa0000140        0x4 build/default/production/src/anColorRaceSA.o
 .sbss          0xa0000144        0x4 build/default/production/src/anComets.o
 .sbss          0xa0000148        0x4 build/default/production/src/anFadeMiddle.o
 .sbss          0xa000014c        0x4 build/default/production/src/anPulseFadeSA.o
 .sbss          0xa0000150        0x4 build/default/production/src/anRain.o
 .sbss          0xa0000154        0x4 build/default/production/src/anRainbowChaser.o
 .sbss          0xa0000158        0x4 build/default/production/src/anSplatterSA.o
 .sbss          0xa000015c        0x8 build/default/production/src/fft.o
                0xa000015c                sampleIndex
                0xa0000160                FFTBufferReady
                0xa0000161                analyzerRun
 *fill*         0xa0000164        0x4 
 .sbss          0xa0000168       0x10 build/default/production/src/io.o
                0xa0000168                uartBytesRead
                0xa000016c                isReadPacket
                0xa0000170                lcdReadBuffer
 .sbss          0xa0000178       0x10 build/default/production/src/main.o
                0xa000017c                t2Ticks
                0xa0000180                ticks
                0xa0000184                _1_ms_tick
 .sbss          0xa0000188        0x4 build/default/production/src/npAnimation.o
 .sbss          0xa000018c        0x4 build/default/production/src/npDisplay.o
 .sbss          0xa0000190        0x4 build/default/production/src/anSprites.o
 .sbss          0xa0000194        0x4 build/default/production/src/anTest.o
 .sbss          0xa0000198        0x4 build/default/production/src/pixel.o
 .sbss          0xa000019c        0x4 build/default/production/src/anClassicSA.o
 .sbss          0xa00001a0        0x4 build/default/production/src/anTetrisSA.o
 .sbss._ZL14emergency_used.emergency_used
                0xa00001a4        0x4 c:/program files (x86)/microchip/xc32/v1.40/bin/bin/../../lib/gcc/pic32mx/4.8.3/../../../../pic32mx/lib\libsupc++.a(eh_alloc.o)
 .sbss._ZL15dependents_used.dependents_used
                0xa00001a8        0x4 c:/program files (x86)/microchip/xc32/v1.40/bin/bin/../../lib/gcc/pic32mx/4.8.3/../../../../pic32mx/lib\libsupc++.a(eh_alloc.o)
 .sbss._ZN12_GLOBAL__N_115emergency_mutexE.emergency_mutex
                0xa00001ac        0x4 c:/program files (x86)/microchip/xc32/v1.40/bin/bin/../../lib/gcc/pic32mx/4.8.3/../../../../pic32mx/lib\libsupc++.a(eh_alloc.o)
 .sbss._ZL10eh_globals.eh_globals
                0xa00001b0        0x8 c:/program files (x86)/microchip/xc32/v1.40/bin/bin/../../lib/gcc/pic32mx/4.8.3/../../../../pic32mx/lib\libsupc++.a(eh_globals.o)
 .sbss.__new_handler.__new_handler
                0xa00001b8        0x4 c:/program files (x86)/microchip/xc32/v1.40/bin/bin/../../lib/gcc/pic32mx/4.8.3/../../../../pic32mx/lib\libsupc++.a(new_handler.o)
                0xa00001b8                __new_handler
 *(.scommon)
                0xa00001bc                _sbss_end = .
                0xa00001bc                . = ALIGN (0x4)

.bss            0xa00001bc        0x0
 *(.dynbss)
 *(COMMON)
                0xa00001bc                . = ALIGN ((. != 0x0)?0x4:0x1)
                0xa00001bc                . = ALIGN (0x4)
                0xa00001bc                _end = .
                0xa00001bc                _bss_end = .
                0x00020000                _bmxdudba_address = 0x20000
                0x00020000                _bmxdupba_address = 0x20000

/DISCARD/
 *(.pdr)
 *(.rel.dyn)
 *(.note.GNU-stack)
 *(.note.GNU-stack)
 *(.gnu_debuglink)
 *(.gnu.lto_*)
 *(.discard)

.gptab.sdata
 *(.gptab.data)
 *(.gptab.sdata)

.gptab.sbss
 *(.gptab.bss)
 *(.gptab.sbss)

.mdebug.abi32   0xa00001bc        0x0
 *(.mdebug.abi32)
 .mdebug.abi32  0xa00001bc        0x0 c:/program files (x86)/microchip/xc32/v1.40/bin/bin/../../lib/gcc/pic32mx/4.8.3/crtbegin.o
 .mdebug.abi32  0xa00001bc        0x0 build/default/production/src/anChevrons.o
 .mdebug.abi32  0xa00001bc        0x0 build/default/production/src/anColorFlowSA.o
 .mdebug.abi32  0xa00001bc        0x0 build/default/production/src/anColorRaceSA.o
 .mdebug.abi32  0xa00001bc        0x0 build/default/production/src/anComets.o
 .mdebug.abi32  0xa00001bc        0x0 build/default/production/src/anFadeMiddle.o
 .mdebug.abi32  0xa00001bc        0x0 build/default/production/src/anPulseFadeSA.o
 .mdebug.abi32  0xa00001bc        0x0 build/default/production/src/anRain.o
 .mdebug.abi32  0xa00001bc        0x0 build/default/production/src/anRainbowChaser.o
 .mdebug.abi32  0xa00001bc        0x0 build/default/production/src/anSplatterSA.o
 .mdebug.abi32  0xa00001bc        0x0 build/default/production/src/counter.o
 .mdebug.abi32  0xa00001bc        0x0 build/default/production/src/fft.o
 .mdebug.abi32  0xa00001bc        0x0 build/default/production/src/io.o
 .mdebug.abi32  0xa00001bc        0x0 build/default/production/src/main.o
 .mdebug.abi32  0xa00001bc        0x0 build/default/production/src/Neopixel.o
 .mdebug.abi32  0xa00001bc        0x0 build/default/production/src/npAnimation.o
 .mdebug.abi32  0xa00001bc        0x0 build/default/production/src/npDisplay.o
 .mdebug.abi32  0xa00001bc        0x0 build/default/production/src/rgbColor.o
 .mdebug.abi32  0xa00001bc        0x0 build/default/production/src/anSprites.o
 .mdebug.abi32  0xa00001bc        0x0 build/default/production/src/anTest.o
 .mdebug.abi32  0xa00001bc        0x0 build/default/production/src/pixel.o
 .mdebug.abi32  0xa00001bc        0x0 build/default/production/src/anClassicSA.o
 .mdebug.abi32  0xa00001bc        0x0 build/default/production/src/anTetrisSA.o
 .mdebug.abi32  0xa00001bc        0x0 c:/program files (x86)/microchip/xc32/v1.40/bin/bin/../../lib/gcc/pic32mx/4.8.3/../../../../pic32mx/lib\libsupc++.a(class_type_info.o)
 .mdebug.abi32  0xa00001bc        0x0 c:/program files (x86)/microchip/xc32/v1.40/bin/bin/../../lib/gcc/pic32mx/4.8.3/../../../../pic32mx/lib\libsupc++.a(del_op.o)
 .mdebug.abi32  0xa00001bc        0x0 c:/program files (x86)/microchip/xc32/v1.40/bin/bin/../../lib/gcc/pic32mx/4.8.3/../../../../pic32mx/lib\libsupc++.a(eh_exception.o)
 .mdebug.abi32  0xa00001bc        0x0 c:/program files (x86)/microchip/xc32/v1.40/bin/bin/../../lib/gcc/pic32mx/4.8.3/../../../../pic32mx/lib\libsupc++.a(eh_personality.o)
 .mdebug.abi32  0xa00001bc        0x0 c:/program files (x86)/microchip/xc32/v1.40/bin/bin/../../lib/gcc/pic32mx/4.8.3/../../../../pic32mx/lib\libsupc++.a(eh_terminate.o)
 .mdebug.abi32  0xa00001bc        0x0 c:/program files (x86)/microchip/xc32/v1.40/bin/bin/../../lib/gcc/pic32mx/4.8.3/../../../../pic32mx/lib\libsupc++.a(eh_throw.o)
 .mdebug.abi32  0xa00001bc        0x0 c:/program files (x86)/microchip/xc32/v1.40/bin/bin/../../lib/gcc/pic32mx/4.8.3/../../../../pic32mx/lib\libsupc++.a(eh_unex_handler.o)
 .mdebug.abi32  0xa00001bc        0x0 c:/program files (x86)/microchip/xc32/v1.40/bin/bin/../../lib/gcc/pic32mx/4.8.3/../../../../pic32mx/lib\libsupc++.a(new_op.o)
 .mdebug.abi32  0xa00001bc        0x0 c:/program files (x86)/microchip/xc32/v1.40/bin/bin/../../lib/gcc/pic32mx/4.8.3/../../../../pic32mx/lib\libsupc++.a(si_class_type_info.o)
 .mdebug.abi32  0xa00001bc        0x0 c:/program files (x86)/microchip/xc32/v1.40/bin/bin/../../lib/gcc/pic32mx/4.8.3/../../../../pic32mx/lib\libsupc++.a(tinfo.o)
 .mdebug.abi32  0xa00001bc        0x0 c:/program files (x86)/microchip/xc32/v1.40/bin/bin/../../lib/gcc/pic32mx/4.8.3/../../../../pic32mx/lib\libsupc++.a(pure.o)
 .mdebug.abi32  0xa00001bc        0x0 c:/program files (x86)/microchip/xc32/v1.40/bin/bin/../../lib/gcc/pic32mx/4.8.3/../../../../pic32mx/lib\libsupc++.a(eh_alloc.o)
 .mdebug.abi32  0xa00001bc        0x0 c:/program files (x86)/microchip/xc32/v1.40/bin/bin/../../lib/gcc/pic32mx/4.8.3/../../../../pic32mx/lib\libsupc++.a(eh_call.o)
 .mdebug.abi32  0xa00001bc        0x0 c:/program files (x86)/microchip/xc32/v1.40/bin/bin/../../lib/gcc/pic32mx/4.8.3/../../../../pic32mx/lib\libsupc++.a(eh_catch.o)
 .mdebug.abi32  0xa00001bc        0x0 c:/program files (x86)/microchip/xc32/v1.40/bin/bin/../../lib/gcc/pic32mx/4.8.3/../../../../pic32mx/lib\libsupc++.a(eh_globals.o)
 .mdebug.abi32  0xa00001bc        0x0 c:/program files (x86)/microchip/xc32/v1.40/bin/bin/../../lib/gcc/pic32mx/4.8.3/../../../../pic32mx/lib\libsupc++.a(eh_term_handler.o)
 .mdebug.abi32  0xa00001bc        0x0 c:/program files (x86)/microchip/xc32/v1.40/bin/bin/../../lib/gcc/pic32mx/4.8.3/../../../../pic32mx/lib\libsupc++.a(new_handler.o)
 .mdebug.abi32  0xa00001bc        0x0 c:/program files (x86)/microchip/xc32/v1.40/bin/bin/../../lib/gcc/pic32mx/4.8.3/../../../../pic32mx/lib\libxcpp.a(delop3.o)
 .mdebug.abi32  0xa00001bc        0x0 c:/program files (x86)/microchip/xc32/v1.40/bin/bin/../../lib/gcc/pic32mx/4.8.3/../../../../pic32mx/lib\libxcpp.a(gccex.o)
 .mdebug.abi32  0xa00001bc        0x0 c:/program files (x86)/microchip/xc32/v1.40/bin/bin/../../lib/gcc/pic32mx/4.8.3/../../../../pic32mx/lib\libxcpp.a(xthrow.o)
 .mdebug.abi32  0xa00001bc        0x0 c:/program files (x86)/microchip/xc32/v1.40/bin/bin/../../lib/gcc/pic32mx/4.8.3/../../../../pic32mx/lib\libxcpp.a(raisehan.o)
 .mdebug.abi32  0xa00001bc        0x0 c:/program files (x86)/microchip/xc32/v1.40/bin/bin/../../lib/gcc/pic32mx/4.8.3/../../../../pic32mx/lib\libxcpp.a(stdthrow.o)
 .mdebug.abi32  0xa00001bc        0x0 c:/program files (x86)/microchip/xc32/v1.40/bin/bin/../../lib/gcc/pic32mx/4.8.3/../../../../pic32mx/lib\libxcpp.a(abort.o)
 .mdebug.abi32  0xa00001bc        0x0 c:/program files (x86)/microchip/xc32/v1.40/bin/bin/../../lib/gcc/pic32mx/4.8.3/../../../../pic32mx/lib\libxcpp.a(abs.o)
 .mdebug.abi32  0xa00001bc        0x0 c:/program files (x86)/microchip/xc32/v1.40/bin/bin/../../lib/gcc/pic32mx/4.8.3/../../../../pic32mx/lib\libxcpp.a(ceilf.o)
 .mdebug.abi32  0xa00001bc        0x0 c:/program files (x86)/microchip/xc32/v1.40/bin/bin/../../lib/gcc/pic32mx/4.8.3/../../../../pic32mx/lib\libxcpp.a(exit.o)
 .mdebug.abi32  0xa00001bc        0x0 c:/program files (x86)/microchip/xc32/v1.40/bin/bin/../../lib/gcc/pic32mx/4.8.3/../../../../pic32mx/lib\libxcpp.a(fflush.o)
 .mdebug.abi32  0xa00001bc        0x0 c:/program files (x86)/microchip/xc32/v1.40/bin/bin/../../lib/gcc/pic32mx/4.8.3/../../../../pic32mx/lib\libxcpp.a(floorf.o)
 .mdebug.abi32  0xa00001bc        0x0 c:/program files (x86)/microchip/xc32/v1.40/bin/bin/../../lib/gcc/pic32mx/4.8.3/../../../../pic32mx/lib\libxcpp.a(fputs.o)
 .mdebug.abi32  0xa00001bc        0x0 c:/program files (x86)/microchip/xc32/v1.40/bin/bin/../../lib/gcc/pic32mx/4.8.3/../../../../pic32mx/lib\libxcpp.a(free.o)
 .mdebug.abi32  0xa00001bc        0x0 c:/program files (x86)/microchip/xc32/v1.40/bin/bin/../../lib/gcc/pic32mx/4.8.3/../../../../pic32mx/lib\libxcpp.a(malloc.o)
 .mdebug.abi32  0xa00001bc        0x0 c:/program files (x86)/microchip/xc32/v1.40/bin/bin/../../lib/gcc/pic32mx/4.8.3/../../../../pic32mx/lib\libxcpp.a(memcpy.o)
 .mdebug.abi32  0xa00001bc        0x0 c:/program files (x86)/microchip/xc32/v1.40/bin/bin/../../lib/gcc/pic32mx/4.8.3/../../../../pic32mx/lib\libxcpp.a(memmove.o)
 .mdebug.abi32  0xa00001bc        0x0 c:/program files (x86)/microchip/xc32/v1.40/bin/bin/../../lib/gcc/pic32mx/4.8.3/../../../../pic32mx/lib\libxcpp.a(memset.o)
 .mdebug.abi32  0xa00001bc        0x0 c:/program files (x86)/microchip/xc32/v1.40/bin/bin/../../lib/gcc/pic32mx/4.8.3/../../../../pic32mx/lib\libxcpp.a(raise.o)
 .mdebug.abi32  0xa00001bc        0x0 c:/program files (x86)/microchip/xc32/v1.40/bin/bin/../../lib/gcc/pic32mx/4.8.3/../../../../pic32mx/lib\libxcpp.a(rand.o)
 .mdebug.abi32  0xa00001bc        0x0 c:/program files (x86)/microchip/xc32/v1.40/bin/bin/../../lib/gcc/pic32mx/4.8.3/../../../../pic32mx/lib\libxcpp.a(roundf.o)
 .mdebug.abi32  0xa00001bc        0x0 c:/program files (x86)/microchip/xc32/v1.40/bin/bin/../../lib/gcc/pic32mx/4.8.3/../../../../pic32mx/lib\libxcpp.a(sqrtf.o)
 .mdebug.abi32  0xa00001bc        0x0 c:/program files (x86)/microchip/xc32/v1.40/bin/bin/../../lib/gcc/pic32mx/4.8.3/../../../../pic32mx/lib\libxcpp.a(srand.o)
 .mdebug.abi32  0xa00001bc        0x0 c:/program files (x86)/microchip/xc32/v1.40/bin/bin/../../lib/gcc/pic32mx/4.8.3/../../../../pic32mx/lib\libxcpp.a(strcmp.o)
 .mdebug.abi32  0xa00001bc        0x0 c:/program files (x86)/microchip/xc32/v1.40/bin/bin/../../lib/gcc/pic32mx/4.8.3/../../../../pic32mx/lib\libxcpp.a(strlen.o)
 .mdebug.abi32  0xa00001bc        0x0 c:/program files (x86)/microchip/xc32/v1.40/bin/bin/../../lib/gcc/pic32mx/4.8.3/../../../../pic32mx/lib\libxcpp.a(strrchr.o)
 .mdebug.abi32  0xa00001bc        0x0 c:/program files (x86)/microchip/xc32/v1.40/bin/bin/../../lib/gcc/pic32mx/4.8.3/../../../../pic32mx/lib\libxcpp.a(xexit.o)
 .mdebug.abi32  0xa00001bc        0x0 c:/program files (x86)/microchip/xc32/v1.40/bin/bin/../../lib/gcc/pic32mx/4.8.3/../../../../pic32mx/lib\libxcpp.a(xfdint.o)
 .mdebug.abi32  0xa00001bc        0x0 c:/program files (x86)/microchip/xc32/v1.40/bin/bin/../../lib/gcc/pic32mx/4.8.3/../../../../pic32mx/lib\libxcpp.a(xfdscale.o)
 .mdebug.abi32  0xa00001bc        0x0 c:/program files (x86)/microchip/xc32/v1.40/bin/bin/../../lib/gcc/pic32mx/4.8.3/../../../../pic32mx/lib\libxcpp.a(xfdunsca.o)
 .mdebug.abi32  0xa00001bc        0x0 c:/program files (x86)/microchip/xc32/v1.40/bin/bin/../../lib/gcc/pic32mx/4.8.3/../../../../pic32mx/lib\libxcpp.a(xferaise.o)
 .mdebug.abi32  0xa00001bc        0x0 c:/program files (x86)/microchip/xc32/v1.40/bin/bin/../../lib/gcc/pic32mx/4.8.3/../../../../pic32mx/lib\libxcpp.a(xfiles.o)
 .mdebug.abi32  0xa00001bc        0x0 c:/program files (x86)/microchip/xc32/v1.40/bin/bin/../../lib/gcc/pic32mx/4.8.3/../../../../pic32mx/lib\libxcpp.a(xfvalues.o)
 .mdebug.abi32  0xa00001bc        0x0 c:/program files (x86)/microchip/xc32/v1.40/bin/bin/../../lib/gcc/pic32mx/4.8.3/../../../../pic32mx/lib\libxcpp.a(xfwprep.o)
 .mdebug.abi32  0xa00001bc        0x0 c:/program files (x86)/microchip/xc32/v1.40/bin/bin/../../lib/gcc/pic32mx/4.8.3/../../../../pic32mx/lib\libxcpp.a(xgetmem.o)
 .mdebug.abi32  0xa00001bc        0x0 c:/program files (x86)/microchip/xc32/v1.40/bin/bin/../../lib/gcc/pic32mx/4.8.3/../../../../pic32mx/lib\libxcpp.a(feraiseexcept.o)
 .mdebug.abi32  0xa00001bc        0x0 c:/program files (x86)/microchip/xc32/v1.40/bin/bin/../../lib/gcc/pic32mx/4.8.3/../../../../pic32mx/lib\libxcpp.a(errno.o)
 .mdebug.abi32  0xa00001bc        0x0 c:/program files (x86)/microchip/xc32/v1.40/bin/bin/../../lib/gcc/pic32mx/4.8.3/../../../../pic32mx/lib\libxcpp.a(fclose.o)
 .mdebug.abi32  0xa00001bc        0x0 c:/program files (x86)/microchip/xc32/v1.40/bin/bin/../../lib/gcc/pic32mx/4.8.3/../../../../pic32mx/lib\libxcpp.a(remove.o)
 .mdebug.abi32  0xa00001bc        0x0 c:/program files (x86)/microchip/xc32/v1.40/bin/bin/../../lib/gcc/pic32mx/4.8.3/../../../../pic32mx/lib\libxcpp.a(xatexit.o)
 .mdebug.abi32  0xa00001bc        0x0 c:/program files (x86)/microchip/xc32/v1.40/bin/bin/../../lib/gcc/pic32mx/4.8.3/../../../../pic32mx/lib\libxcpp.a(xfdnorm.o)
 .mdebug.abi32  0xa00001bc        0x0 c:/program files (x86)/microchip/xc32/v1.40/bin/bin/../../lib/gcc/pic32mx/4.8.3/../../../../pic32mx/lib\libxcpp.a(xfofind.o)
 .mdebug.abi32  0xa00001bc        0x0 c:/program files (x86)/microchip/xc32/v1.40/bin/bin/../../lib/gcc/pic32mx/4.8.3/../../../../pic32mx/lib\libmchp_peripheral_32MX795F512L.a(pcache.o)
 .mdebug.abi32  0xa00001bc        0x0 c:/program files (x86)/microchip/xc32/v1.40/bin/bin/../../lib/gcc/pic32mx/4.8.3/../../../../pic32mx/lib\libmchp_peripheral_32MX795F512L.a(int_enable_interrupts_lib.o)
 .mdebug.abi32  0xa00001bc        0x0 c:/program files (x86)/microchip/xc32/v1.40/bin/bin/../../lib/gcc/pic32mx/4.8.3/../../../../pic32mx/lib\libmchp_peripheral_32MX795F512L.a(int_disable_interrupts_lib.o)
 .mdebug.abi32  0xa00001bc        0x0 c:/program files (x86)/microchip/xc32/v1.40/bin/bin/../../lib/gcc/pic32mx/4.8.3/../../../../pic32mx/lib\libmchp_peripheral_32MX795F512L.a(int_restore_interrupts_lib.o)
 .mdebug.abi32  0xa00001bc        0x0 c:/program files (x86)/microchip/xc32/v1.40/bin/bin/../../lib/gcc/pic32mx/4.8.3/../../../../pic32mx/lib\libmchp_peripheral_32MX795F512L.a(int_enable_mv_int_lib.o)
 .mdebug.abi32  0xa00001bc        0x0 c:/program files (x86)/microchip/xc32/v1.40/bin/bin/../../lib/gcc/pic32mx/4.8.3\libgcc.a(_ucmpdi2.o)
 .mdebug.abi32  0xa00001bc        0x0 c:/program files (x86)/microchip/xc32/v1.40/bin/bin/../../lib/gcc/pic32mx/4.8.3\libgcc.a(floatunsisf.o)
 .mdebug.abi32  0xa00001bc        0x0 c:/program files (x86)/microchip/xc32/v1.40/bin/bin/../../lib/gcc/pic32mx/4.8.3\libgcc.a(unwind-sjlj.o)
 .mdebug.abi32  0xa00001bc        0x0 c:/program files (x86)/microchip/xc32/v1.40/bin/bin/../../lib/gcc/pic32mx/4.8.3/../../../../pic32mx/lib\libpic32.a(sbrk.o)
 .mdebug.abi32  0xa00001bc        0x0 c:/program files (x86)/microchip/xc32/v1.40/bin/bin/../../lib/gcc/pic32mx/4.8.3/../../../../pic32mx/lib\libpic32.a(default-bootstrap-exception-handler.o)
 .mdebug.abi32  0xa00001bc        0x0 c:/program files (x86)/microchip/xc32/v1.40/bin/bin/../../lib/gcc/pic32mx/4.8.3/../../../../pic32mx/lib\libpic32.a(default-on-reset.o)
 .mdebug.abi32  0xa00001bc        0x0 c:/program files (x86)/microchip/xc32/v1.40/bin/bin/../../lib/gcc/pic32mx/4.8.3/../../../../pic32mx/lib\libpic32.a(default-on-bootstrap.o)
 .mdebug.abi32  0xa00001bc        0x0 c:/program files (x86)/microchip/xc32/v1.40/bin/bin/../../lib/gcc/pic32mx/4.8.3/../../../../pic32mx/lib\libpic32.a(_exit.o)
 .mdebug.abi32  0xa00001bc        0x0 c:/program files (x86)/microchip/xc32/v1.40/bin/bin/../../lib/gcc/pic32mx/4.8.3/../../../../pic32mx/lib\libpic32.a(isatty.o)
 .mdebug.abi32  0xa00001bc        0x0 c:/program files (x86)/microchip/xc32/v1.40/bin/bin/../../lib/gcc/pic32mx/4.8.3/../../../../pic32mx/lib\libpic32.a(write.o)
 .mdebug.abi32  0xa00001bc        0x0 c:/program files (x86)/microchip/xc32/v1.40/bin/bin/../../lib/gcc/pic32mx/4.8.3/../../../../pic32mx/lib\libpic32.a(close.o)
 .mdebug.abi32  0xa00001bc        0x0 c:/program files (x86)/microchip/xc32/v1.40/bin/bin/../../lib/gcc/pic32mx/4.8.3/../../../../pic32mx/lib\libpic32.a(unlink.o)
 .mdebug.abi32  0xa00001bc        0x0 c:/program files (x86)/microchip/xc32/v1.40/bin/bin/../../lib/gcc/pic32mx/4.8.3/../../../../pic32mx/lib\libpic32.a(kill.o)
 .mdebug.abi32  0xa00001bc        0x0 c:/program files (x86)/microchip/xc32/v1.40/bin/bin/../../lib/gcc/pic32mx/4.8.3/../../../../pic32mx/lib\libpic32.a(getpid.o)
 .mdebug.abi32  0xa00001bc        0x0 c:/program files (x86)/microchip/xc32/v1.40/bin/bin/../../lib/gcc/pic32mx/4.8.3/../../../../pic32mx/lib\libpic32.a(errno.o)
 .mdebug.abi32  0xa00001bc        0x0 c:/program files (x86)/microchip/xc32/v1.40/bin/bin/../../lib/gcc/pic32mx/4.8.3/../../../../pic32mx/lib\libpic32.a(rmdir.o)
 .mdebug.abi32  0xa00001bc        0x0 c:/program files (x86)/microchip/xc32/v1.40/bin/bin/../../lib/gcc/pic32mx/4.8.3/../../../../pic32mx/lib\libpic32.a(default-general-exception-handler.o)
 .mdebug.abi32  0xa00001bc        0x0 c:/program files (x86)/microchip/xc32/v1.40/bin/bin/../../lib/gcc/pic32mx/4.8.3/../../../../pic32mx/lib\libpic32.a(_mon_putc.o)
 .mdebug.abi32  0xa00001bc        0x0 c:/program files (x86)/microchip/xc32/v1.40/bin/bin/../../lib/gcc/pic32mx/4.8.3/../../../../pic32mx/lib\libpic32.a(xc32_uart.o)
 .mdebug.abi32  0xa00001bc        0x0 c:/program files (x86)/microchip/xc32/v1.40/bin/bin/../../lib/gcc/pic32mx/4.8.3/../../../../pic32mx/lib\libpic32.a(defaultinterrupt.o)
 .mdebug.abi32  0xa00001bc        0x0 c:/program files (x86)/microchip/xc32/v1.40/bin/bin/../../lib/gcc/pic32mx/4.8.3/../../../../pic32mx/lib\libdsp.a(fft16c128.o)
 .mdebug.abi32  0xa00001bc        0x0 c:/program files (x86)/microchip/xc32/v1.40/bin/bin/../../lib/gcc/pic32mx/4.8.3/crtend.o

.mdebug.abiN32
 *(.mdebug.abiN32)

.mdebug.abi64
 *(.mdebug.abi64)

.mdebug.abiO64
 *(.mdebug.abiO64)

.mdebug.eabi32
 *(.mdebug.eabi32)

.mdebug.eabi64
 *(.mdebug.eabi64)

.gcc_compiled_long32
 *(.gcc_compiled_long32)

.gcc_compiled_long64
 *(.gcc_compiled_long64)

.stab
 *(.stab)

.stabstr
 *(.stabstr)

.stab.excl
 *(.stab.excl)

.stab.exclstr
 *(.stab.exclstr)

.stab.index
 *(.stab.index)

.stab.indexstr
 *(.stab.indexstr)

.comment        0x00000000       0xd5
 *(.comment)
 .comment       0x00000000       0x3c c:/program files (x86)/microchip/xc32/v1.40/bin/bin/../../lib/gcc/pic32mx/4.8.3/crtbegin.o
                                 0x3d (size before relaxing)
 .comment       0x00000000       0x3d build/default/production/src/anChevrons.o
 .comment       0x00000000       0x3d build/default/production/src/anColorFlowSA.o
 .comment       0x00000000       0x3d build/default/production/src/anColorRaceSA.o
 .comment       0x00000000       0x3d build/default/production/src/anComets.o
 .comment       0x00000000       0x3d build/default/production/src/anFadeMiddle.o
 .comment       0x00000000       0x3d build/default/production/src/anPulseFadeSA.o
 .comment       0x00000000       0x3d build/default/production/src/anRain.o
 .comment       0x00000000       0x3d build/default/production/src/anRainbowChaser.o
 .comment       0x00000000       0x3d build/default/production/src/anSplatterSA.o
 .comment       0x00000000       0x3d build/default/production/src/counter.o
 .comment       0x00000000       0x3d build/default/production/src/fft.o
 .comment       0x00000000       0x3d build/default/production/src/io.o
 .comment       0x00000000       0x3d build/default/production/src/main.o
 .comment       0x00000000       0x3d build/default/production/src/Neopixel.o
 .comment       0x00000000       0x3d build/default/production/src/npAnimation.o
 .comment       0x00000000       0x3d build/default/production/src/npDisplay.o
 .comment       0x00000000       0x3d build/default/production/src/rgbColor.o
 .comment       0x00000000       0x3d build/default/production/src/anSprites.o
 .comment       0x00000000       0x3d build/default/production/src/anTest.o
 .comment       0x00000000       0x3d build/default/production/src/pixel.o
 .comment       0x00000000       0x3d build/default/production/src/anClassicSA.o
 .comment       0x00000000       0x3d build/default/production/src/anTetrisSA.o
 .comment       0x00000000       0x3d c:/program files (x86)/microchip/xc32/v1.40/bin/bin/../../lib/gcc/pic32mx/4.8.3/../../../../pic32mx/lib\libsupc++.a(class_type_info.o)
 .comment       0x00000000       0x3d c:/program files (x86)/microchip/xc32/v1.40/bin/bin/../../lib/gcc/pic32mx/4.8.3/../../../../pic32mx/lib\libsupc++.a(del_op.o)
 .comment       0x00000000       0x3d c:/program files (x86)/microchip/xc32/v1.40/bin/bin/../../lib/gcc/pic32mx/4.8.3/../../../../pic32mx/lib\libsupc++.a(eh_exception.o)
 .comment       0x00000000       0x3d c:/program files (x86)/microchip/xc32/v1.40/bin/bin/../../lib/gcc/pic32mx/4.8.3/../../../../pic32mx/lib\libsupc++.a(eh_personality.o)
 .comment       0x00000000       0x3d c:/program files (x86)/microchip/xc32/v1.40/bin/bin/../../lib/gcc/pic32mx/4.8.3/../../../../pic32mx/lib\libsupc++.a(eh_terminate.o)
 .comment       0x00000000       0x3d c:/program files (x86)/microchip/xc32/v1.40/bin/bin/../../lib/gcc/pic32mx/4.8.3/../../../../pic32mx/lib\libsupc++.a(eh_throw.o)
 .comment       0x00000000       0x3d c:/program files (x86)/microchip/xc32/v1.40/bin/bin/../../lib/gcc/pic32mx/4.8.3/../../../../pic32mx/lib\libsupc++.a(eh_unex_handler.o)
 .comment       0x00000000       0x3d c:/program files (x86)/microchip/xc32/v1.40/bin/bin/../../lib/gcc/pic32mx/4.8.3/../../../../pic32mx/lib\libsupc++.a(new_op.o)
 .comment       0x00000000       0x3d c:/program files (x86)/microchip/xc32/v1.40/bin/bin/../../lib/gcc/pic32mx/4.8.3/../../../../pic32mx/lib\libsupc++.a(si_class_type_info.o)
 .comment       0x00000000       0x3d c:/program files (x86)/microchip/xc32/v1.40/bin/bin/../../lib/gcc/pic32mx/4.8.3/../../../../pic32mx/lib\libsupc++.a(tinfo.o)
 .comment       0x00000000       0x3d c:/program files (x86)/microchip/xc32/v1.40/bin/bin/../../lib/gcc/pic32mx/4.8.3/../../../../pic32mx/lib\libsupc++.a(pure.o)
 .comment       0x00000000       0x3d c:/program files (x86)/microchip/xc32/v1.40/bin/bin/../../lib/gcc/pic32mx/4.8.3/../../../../pic32mx/lib\libsupc++.a(eh_alloc.o)
 .comment       0x00000000       0x3d c:/program files (x86)/microchip/xc32/v1.40/bin/bin/../../lib/gcc/pic32mx/4.8.3/../../../../pic32mx/lib\libsupc++.a(eh_call.o)
 .comment       0x00000000       0x3d c:/program files (x86)/microchip/xc32/v1.40/bin/bin/../../lib/gcc/pic32mx/4.8.3/../../../../pic32mx/lib\libsupc++.a(eh_catch.o)
 .comment       0x00000000       0x3d c:/program files (x86)/microchip/xc32/v1.40/bin/bin/../../lib/gcc/pic32mx/4.8.3/../../../../pic32mx/lib\libsupc++.a(eh_globals.o)
 .comment       0x00000000       0x3d c:/program files (x86)/microchip/xc32/v1.40/bin/bin/../../lib/gcc/pic32mx/4.8.3/../../../../pic32mx/lib\libsupc++.a(eh_term_handler.o)
 .comment       0x00000000       0x3d c:/program files (x86)/microchip/xc32/v1.40/bin/bin/../../lib/gcc/pic32mx/4.8.3/../../../../pic32mx/lib\libsupc++.a(new_handler.o)
 .comment       0x00000000       0x3d c:/program files (x86)/microchip/xc32/v1.40/bin/bin/../../lib/gcc/pic32mx/4.8.3/../../../../pic32mx/lib\libxcpp.a(delop3.o)
 .comment       0x00000000       0x3d c:/program files (x86)/microchip/xc32/v1.40/bin/bin/../../lib/gcc/pic32mx/4.8.3/../../../../pic32mx/lib\libxcpp.a(gccex.o)
 .comment       0x00000000       0x3d c:/program files (x86)/microchip/xc32/v1.40/bin/bin/../../lib/gcc/pic32mx/4.8.3/../../../../pic32mx/lib\libxcpp.a(xthrow.o)
 .comment       0x00000000       0x3d c:/program files (x86)/microchip/xc32/v1.40/bin/bin/../../lib/gcc/pic32mx/4.8.3/../../../../pic32mx/lib\libxcpp.a(raisehan.o)
 .comment       0x00000000       0x3d c:/program files (x86)/microchip/xc32/v1.40/bin/bin/../../lib/gcc/pic32mx/4.8.3/../../../../pic32mx/lib\libxcpp.a(stdthrow.o)
 .comment       0x00000000       0x3d c:/program files (x86)/microchip/xc32/v1.40/bin/bin/../../lib/gcc/pic32mx/4.8.3/../../../../pic32mx/lib\libxcpp.a(abort.o)
 .comment       0x00000000       0x3d c:/program files (x86)/microchip/xc32/v1.40/bin/bin/../../lib/gcc/pic32mx/4.8.3/../../../../pic32mx/lib\libxcpp.a(abs.o)
 .comment       0x00000000       0x3d c:/program files (x86)/microchip/xc32/v1.40/bin/bin/../../lib/gcc/pic32mx/4.8.3/../../../../pic32mx/lib\libxcpp.a(ceilf.o)
 .comment       0x00000000       0x3d c:/program files (x86)/microchip/xc32/v1.40/bin/bin/../../lib/gcc/pic32mx/4.8.3/../../../../pic32mx/lib\libxcpp.a(exit.o)
 .comment       0x00000000       0x3d c:/program files (x86)/microchip/xc32/v1.40/bin/bin/../../lib/gcc/pic32mx/4.8.3/../../../../pic32mx/lib\libxcpp.a(fflush.o)
 .comment       0x00000000       0x3d c:/program files (x86)/microchip/xc32/v1.40/bin/bin/../../lib/gcc/pic32mx/4.8.3/../../../../pic32mx/lib\libxcpp.a(floorf.o)
 .comment       0x00000000       0x3d c:/program files (x86)/microchip/xc32/v1.40/bin/bin/../../lib/gcc/pic32mx/4.8.3/../../../../pic32mx/lib\libxcpp.a(fputs.o)
 .comment       0x00000000       0x3d c:/program files (x86)/microchip/xc32/v1.40/bin/bin/../../lib/gcc/pic32mx/4.8.3/../../../../pic32mx/lib\libxcpp.a(free.o)
 .comment       0x00000000       0x3d c:/program files (x86)/microchip/xc32/v1.40/bin/bin/../../lib/gcc/pic32mx/4.8.3/../../../../pic32mx/lib\libxcpp.a(malloc.o)
 .comment       0x00000000       0x3d c:/program files (x86)/microchip/xc32/v1.40/bin/bin/../../lib/gcc/pic32mx/4.8.3/../../../../pic32mx/lib\libxcpp.a(memcpy.o)
 .comment       0x00000000       0x3d c:/program files (x86)/microchip/xc32/v1.40/bin/bin/../../lib/gcc/pic32mx/4.8.3/../../../../pic32mx/lib\libxcpp.a(memmove.o)
 .comment       0x00000000       0x3d c:/program files (x86)/microchip/xc32/v1.40/bin/bin/../../lib/gcc/pic32mx/4.8.3/../../../../pic32mx/lib\libxcpp.a(memset.o)
 .comment       0x00000000       0x3d c:/program files (x86)/microchip/xc32/v1.40/bin/bin/../../lib/gcc/pic32mx/4.8.3/../../../../pic32mx/lib\libxcpp.a(raise.o)
 .comment       0x00000000       0x3d c:/program files (x86)/microchip/xc32/v1.40/bin/bin/../../lib/gcc/pic32mx/4.8.3/../../../../pic32mx/lib\libxcpp.a(rand.o)
 .comment       0x00000000       0x3d c:/program files (x86)/microchip/xc32/v1.40/bin/bin/../../lib/gcc/pic32mx/4.8.3/../../../../pic32mx/lib\libxcpp.a(roundf.o)
 .comment       0x00000000       0x3d c:/program files (x86)/microchip/xc32/v1.40/bin/bin/../../lib/gcc/pic32mx/4.8.3/../../../../pic32mx/lib\libxcpp.a(sqrtf.o)
 .comment       0x00000000       0x3d c:/program files (x86)/microchip/xc32/v1.40/bin/bin/../../lib/gcc/pic32mx/4.8.3/../../../../pic32mx/lib\libxcpp.a(srand.o)
 .comment       0x00000000       0x3d c:/program files (x86)/microchip/xc32/v1.40/bin/bin/../../lib/gcc/pic32mx/4.8.3/../../../../pic32mx/lib\libxcpp.a(strcmp.o)
 .comment       0x00000000       0x3d c:/program files (x86)/microchip/xc32/v1.40/bin/bin/../../lib/gcc/pic32mx/4.8.3/../../../../pic32mx/lib\libxcpp.a(strlen.o)
 .comment       0x00000000       0x3d c:/program files (x86)/microchip/xc32/v1.40/bin/bin/../../lib/gcc/pic32mx/4.8.3/../../../../pic32mx/lib\libxcpp.a(strrchr.o)
 .comment       0x00000000       0x3d c:/program files (x86)/microchip/xc32/v1.40/bin/bin/../../lib/gcc/pic32mx/4.8.3/../../../../pic32mx/lib\libxcpp.a(xexit.o)
 .comment       0x00000000       0x3d c:/program files (x86)/microchip/xc32/v1.40/bin/bin/../../lib/gcc/pic32mx/4.8.3/../../../../pic32mx/lib\libxcpp.a(xfdint.o)
 .comment       0x00000000       0x3d c:/program files (x86)/microchip/xc32/v1.40/bin/bin/../../lib/gcc/pic32mx/4.8.3/../../../../pic32mx/lib\libxcpp.a(xfdscale.o)
 .comment       0x00000000       0x3d c:/program files (x86)/microchip/xc32/v1.40/bin/bin/../../lib/gcc/pic32mx/4.8.3/../../../../pic32mx/lib\libxcpp.a(xfdunsca.o)
 .comment       0x00000000       0x3d c:/program files (x86)/microchip/xc32/v1.40/bin/bin/../../lib/gcc/pic32mx/4.8.3/../../../../pic32mx/lib\libxcpp.a(xferaise.o)
 .comment       0x00000000       0x3d c:/program files (x86)/microchip/xc32/v1.40/bin/bin/../../lib/gcc/pic32mx/4.8.3/../../../../pic32mx/lib\libxcpp.a(xfiles.o)
 .comment       0x00000000       0x3d c:/program files (x86)/microchip/xc32/v1.40/bin/bin/../../lib/gcc/pic32mx/4.8.3/../../../../pic32mx/lib\libxcpp.a(xfvalues.o)
 .comment       0x00000000       0x3d c:/program files (x86)/microchip/xc32/v1.40/bin/bin/../../lib/gcc/pic32mx/4.8.3/../../../../pic32mx/lib\libxcpp.a(xfwprep.o)
 .comment       0x00000000       0x3d c:/program files (x86)/microchip/xc32/v1.40/bin/bin/../../lib/gcc/pic32mx/4.8.3/../../../../pic32mx/lib\libxcpp.a(xgetmem.o)
 .comment       0x00000000       0x3d c:/program files (x86)/microchip/xc32/v1.40/bin/bin/../../lib/gcc/pic32mx/4.8.3/../../../../pic32mx/lib\libxcpp.a(feraiseexcept.o)
 .comment       0x00000000       0x3d c:/program files (x86)/microchip/xc32/v1.40/bin/bin/../../lib/gcc/pic32mx/4.8.3/../../../../pic32mx/lib\libxcpp.a(errno.o)
 .comment       0x00000000       0x3d c:/program files (x86)/microchip/xc32/v1.40/bin/bin/../../lib/gcc/pic32mx/4.8.3/../../../../pic32mx/lib\libxcpp.a(fclose.o)
 .comment       0x00000000       0x3d c:/program files (x86)/microchip/xc32/v1.40/bin/bin/../../lib/gcc/pic32mx/4.8.3/../../../../pic32mx/lib\libxcpp.a(remove.o)
 .comment       0x00000000       0x3d c:/program files (x86)/microchip/xc32/v1.40/bin/bin/../../lib/gcc/pic32mx/4.8.3/../../../../pic32mx/lib\libxcpp.a(xatexit.o)
 .comment       0x00000000       0x3d c:/program files (x86)/microchip/xc32/v1.40/bin/bin/../../lib/gcc/pic32mx/4.8.3/../../../../pic32mx/lib\libxcpp.a(xfdnorm.o)
 .comment       0x00000000       0x3d c:/program files (x86)/microchip/xc32/v1.40/bin/bin/../../lib/gcc/pic32mx/4.8.3/../../../../pic32mx/lib\libxcpp.a(xfofind.o)
 .comment       0x00000000       0x3d c:/program files (x86)/microchip/xc32/v1.40/bin/bin/../../lib/gcc/pic32mx/4.8.3/../../../../pic32mx/lib\libmchp_peripheral_32MX795F512L.a(pcache.o)
 .comment       0x00000000       0x3d c:/program files (x86)/microchip/xc32/v1.40/bin/bin/../../lib/gcc/pic32mx/4.8.3/../../../../pic32mx/lib\libmchp_peripheral_32MX795F512L.a(int_enable_interrupts_lib.o)
 .comment       0x00000000       0x3d c:/program files (x86)/microchip/xc32/v1.40/bin/bin/../../lib/gcc/pic32mx/4.8.3/../../../../pic32mx/lib\libmchp_peripheral_32MX795F512L.a(int_disable_interrupts_lib.o)
 .comment       0x00000000       0x3d c:/program files (x86)/microchip/xc32/v1.40/bin/bin/../../lib/gcc/pic32mx/4.8.3/../../../../pic32mx/lib\libmchp_peripheral_32MX795F512L.a(int_restore_interrupts_lib.o)