Archive member included because of file (symbol)

d:/program files (x86)/microchip/xc32/v1.43/bin/bin/../../lib/gcc/pic32mx/4.8.3/../../../../pic32mx/lib\libsupc++.a(class_type_info.o)
                              build/default/production/src/anChevrons.o (vtable for __cxxabiv1::__class_type_info)
d:/program files (x86)/microchip/xc32/v1.43/bin/bin/../../lib/gcc/pic32mx/4.8.3/../../../../pic32mx/lib\libsupc++.a(del_op.o)
                              build/default/production/src/anChevrons.o (operator delete(void*))
d:/program files (x86)/microchip/xc32/v1.43/bin/bin/../../lib/gcc/pic32mx/4.8.3/../../../../pic32mx/lib\libsupc++.a(eh_alloc.o)
                              build/default/production/src/anComets.o (__cxa_allocate_exception)
d:/program files (x86)/microchip/xc32/v1.43/bin/bin/../../lib/gcc/pic32mx/4.8.3/../../../../pic32mx/lib\libsupc++.a(eh_catch.o)
                              build/default/production/src/anComets.o (__cxa_begin_catch)
d:/program files (x86)/microchip/xc32/v1.43/bin/bin/../../lib/gcc/pic32mx/4.8.3/../../../../pic32mx/lib\libsupc++.a(eh_exception.o)
                              build/default/production/src/anComets.o (std::exception::~exception())
d:/program files (x86)/microchip/xc32/v1.43/bin/bin/../../lib/gcc/pic32mx/4.8.3/../../../../pic32mx/lib\libsupc++.a(eh_globals.o)
                              d:/program files (x86)/microchip/xc32/v1.43/bin/bin/../../lib/gcc/pic32mx/4.8.3/../../../../pic32mx/lib\libsupc++.a(eh_catch.o) (__cxa_get_globals_fast)
d:/program files (x86)/microchip/xc32/v1.43/bin/bin/../../lib/gcc/pic32mx/4.8.3/../../../../pic32mx/lib\libsupc++.a(eh_personality.o)
                              build/default/production/src/anClassicHorizSA.o (__gxx_personality_sj0)
d:/program files (x86)/microchip/xc32/v1.43/bin/bin/../../lib/gcc/pic32mx/4.8.3/../../../../pic32mx/lib\libsupc++.a(eh_terminate.o)
                              d:/program files (x86)/microchip/xc32/v1.43/bin/bin/../../lib/gcc/pic32mx/4.8.3/../../../../pic32mx/lib\libsupc++.a(eh_personality.o) (__cxxabiv1::__terminate(void (*)()))
d:/program files (x86)/microchip/xc32/v1.43/bin/bin/../../lib/gcc/pic32mx/4.8.3/../../../../pic32mx/lib\libsupc++.a(eh_throw.o)
                              build/default/production/src/anComets.o (__cxa_throw)
d:/program files (x86)/microchip/xc32/v1.43/bin/bin/../../lib/gcc/pic32mx/4.8.3/../../../../pic32mx/lib\libsupc++.a(eh_unex_handler.o)
                              d:/program files (x86)/microchip/xc32/v1.43/bin/bin/../../lib/gcc/pic32mx/4.8.3/../../../../pic32mx/lib\libsupc++.a(eh_terminate.o) (__cxxabiv1::__unexpected_handler)
d:/program files (x86)/microchip/xc32/v1.43/bin/bin/../../lib/gcc/pic32mx/4.8.3/../../../../pic32mx/lib\libsupc++.a(new_op.o)
                              build/default/production/src/anComets.o (operator new(unsigned long))
d:/program files (x86)/microchip/xc32/v1.43/bin/bin/../../lib/gcc/pic32mx/4.8.3/../../../../pic32mx/lib\libsupc++.a(si_class_type_info.o)
                              build/default/production/src/anChevrons.o (vtable for __cxxabiv1::__si_class_type_info)
d:/program files (x86)/microchip/xc32/v1.43/bin/bin/../../lib/gcc/pic32mx/4.8.3/../../../../pic32mx/lib\libsupc++.a(tinfo.o)
                              d:/program files (x86)/microchip/xc32/v1.43/bin/bin/../../lib/gcc/pic32mx/4.8.3/../../../../pic32mx/lib\libsupc++.a(class_type_info.o) (std::type_info::~type_info())
d:/program files (x86)/microchip/xc32/v1.43/bin/bin/../../lib/gcc/pic32mx/4.8.3/../../../../pic32mx/lib\libsupc++.a(pure.o)
                              build/default/production/src/anChevrons.o (__cxa_pure_virtual)
d:/program files (x86)/microchip/xc32/v1.43/bin/bin/../../lib/gcc/pic32mx/4.8.3/../../../../pic32mx/lib\libsupc++.a(eh_call.o)
                              d:/program files (x86)/microchip/xc32/v1.43/bin/bin/../../lib/gcc/pic32mx/4.8.3/../../../../pic32mx/lib\libsupc++.a(eh_personality.o) (__cxa_call_terminate)
d:/program files (x86)/microchip/xc32/v1.43/bin/bin/../../lib/gcc/pic32mx/4.8.3/../../../../pic32mx/lib\libsupc++.a(eh_term_handler.o)
                              d:/program files (x86)/microchip/xc32/v1.43/bin/bin/../../lib/gcc/pic32mx/4.8.3/../../../../pic32mx/lib\libsupc++.a(eh_terminate.o) (__cxxabiv1::__terminate_handler)
d:/program files (x86)/microchip/xc32/v1.43/bin/bin/../../lib/gcc/pic32mx/4.8.3/../../../../pic32mx/lib\libsupc++.a(new_handler.o)
                              d:/program files (x86)/microchip/xc32/v1.43/bin/bin/../../lib/gcc/pic32mx/4.8.3/../../../../pic32mx/lib\libsupc++.a(new_op.o) (__new_handler)
d:/program files (x86)/microchip/xc32/v1.43/bin/bin/../../lib/gcc/pic32mx/4.8.3/../../../../pic32mx/lib\libmchp_peripheral_32MX795F512L.a(pcache.o)
                              build/default/production/src/main.o (CheKseg0CacheOn)
d:/program files (x86)/microchip/xc32/v1.43/bin/bin/../../lib/gcc/pic32mx/4.8.3/../../../../pic32mx/lib\libmchp_peripheral_32MX795F512L.a(int_enable_interrupts_lib.o)
[...]
Memory Configuration

Name             Origin             Length             Attributes
kseg0_program_mem 0x9d000000         0x00080000         xr
kseg0_boot_mem   0x9fc00490         0x00000970
exception_mem    0x9fc01000         0x00001000
kseg1_boot_mem   0xbfc00000         0x00000490
debug_exec_mem   0xbfc02000         0x00000ff0
config3          0xbfc02ff0         0x00000004
config2          0xbfc02ff4         0x00000004
config1          0xbfc02ff8         0x00000004
config0          0xbfc02ffc         0x00000004
kseg1_data_mem   0xa0000000         0x00020000         w !x
sfrs             0xbf800000         0x00100000
configsfrs       0xbfc02ff0         0x00000010
*default*        0x00000000         0xffffffff

Linker script and memory map

LOAD d:/program files (x86)/microchip/xc32/v1.43/bin/bin/../../lib/gcc/pic32mx/4.8.3/../../../../pic32mx/lib/./proc/32MX795F512L/cpprt0_mips32r2.o
LOAD d:/program files (x86)/microchip/xc32/v1.43/bin/bin/../../lib/gcc/pic32mx/4.8.3/crti.o
LOAD d:/program files (x86)/microchip/xc32/v1.43/bin/bin/../../lib/gcc/pic32mx/4.8.3/crtbegin.o
LOAD build/default/production/src/anChevrons.o
LOAD build/default/production/src/anClassicHorizSA.o
LOAD build/default/production/src/anColorFlowSA.o
LOAD build/default/production/src/anColorRaceSA.o
LOAD build/default/production/src/anComets.o
LOAD build/default/production/src/anFadeMiddle.o
LOAD build/default/production/src/anPulseFadeSA.o
LOAD build/default/production/src/anRain.o
LOAD build/default/production/src/anRainbowChaser.o
LOAD build/default/production/src/anSplatterSA.o
LOAD build/default/production/src/counter.o
LOAD build/default/production/src/fft.o
LOAD build/default/production/src/io.o
LOAD build/default/production/src/main.o
LOAD build/default/production/src/Neopixel.o
LOAD build/default/production/src/npAnimation.o
LOAD build/default/production/src/npDisplay.o
LOAD build/default/production/src/pixel.o
LOAD build/default/production/src/rgbColor.o
LOAD build/default/production/src/sprite.o
                0x00000001                __MPLAB_BUILD = 0x1
                0x00004000                _min_heap_size = 0x4000
LOAD d:/program files (x86)/microchip/xc32/v1.43/bin/bin/../../lib/gcc/pic32mx/4.8.3/../../../../pic32mx/lib\libsupc++.a
LOAD d:/program files (x86)/microchip/xc32/v1.43/bin/bin/../../lib/gcc/pic32mx/4.8.3/../../../../pic32mx/lib/./proc/32MX795F512L\default_isr_vectors.o
LOAD d:/program files (x86)/microchip/xc32/v1.43/bin/bin/../../lib/gcc/pic32mx/4.8.3/../../../../pic32mx/lib\pic32_software_reset.o
                0x00000400                PROVIDE (_min_stack_size, 0x400)
LOAD d:/program files (x86)/microchip/xc32/v1.43/bin/bin/../../lib/gcc/pic32mx/4.8.3/../../../../pic32mx/lib/./proc/32MX795F512L\processor.o
START GROUP
LOAD d:/program files (x86)/microchip/xc32/v1.43/bin/bin/../../lib/gcc/pic32mx/4.8.3/../../../../pic32mx/lib\libmchp_peripheral.a
END GROUP
START GROUP
LOAD d:/program files (x86)/microchip/xc32/v1.43/bin/bin/../../lib/gcc/pic32mx/4.8.3/../../../../pic32mx/lib\libmchp_peripheral_32MX795F512L.a
END GROUP
                0x00000001                PROVIDE (_vector_spacing, 0x1)
                0x9fc01000                PROVIDE (_ebase_address, 0x9fc01000)
                0xbfc00000                _RESET_ADDR = 0xbfc00000
                0xbfc00380                _BEV_EXCPT_ADDR = 0xbfc00380
                0xbfc00480                _DBG_EXCPT_ADDR = 0xbfc00480
                0xbfc02000                _DBG_CODE_ADDR = 0xbfc02000
                0x00000ff0                _DBG_CODE_SIZE = 0xff0
                0x9fc01180                _GEN_EXCPT_ADDR = (_ebase_address + 0x180)

.config_BFC02FF0
                0xbfc02ff0        0x4
 *(.config_BFC02FF0)
 .config_BFC02FF0
                0xbfc02ff0        0x4 build/default/production/src/main.o

.config_BFC02FF4
                0xbfc02ff4        0x4
 *(.config_BFC02FF4)
 .config_BFC02FF4
                0xbfc02ff4        0x4 build/default/production/src/main.o

.config_BFC02FF8
                0xbfc02ff8        0x4
 *(.config_BFC02FF8)
 .config_BFC02FF8
                0xbfc02ff8        0x4 build/default/production/src/main.o

.config_BFC02FFC
                0xbfc02ffc        0x4
 *(.config_BFC02FFC)
 .config_BFC02FFC
                0xbfc02ffc        0x4 build/default/production/src/main.o
                0xbfc02000                PROVIDE (_DBG_CODE_ADDR, 0xbfc02000)
                0x00000ff0                PROVIDE (_DBG_CODE_SIZE, 0xff0)

.reset          0xbfc00000      0x208
 *(.reset)
 .reset         0xbfc00000        0x8 d:/program files (x86)/microchip/xc32/v1.43/bin/bin/../../lib/gcc/pic32mx/4.8.3/../../../../pic32mx/lib/./proc/32MX795F512L/cpprt0_mips32r2.o
                0xbfc00000                _reset
 *(.reset.startup)
 .reset.startup
                0xbfc00008      0x200 d:/program files (x86)/microchip/xc32/v1.43/bin/bin/../../lib/gcc/pic32mx/4.8.3/../../../../pic32mx/lib/./proc/32MX795F512L/cpprt0_mips32r2.o
                0xbfc00008                _startup

.bev_excpt      0xbfc00380       0x10
 *(.bev_handler)
 .bev_handler   0xbfc00380       0x10 d:/program files (x86)/microchip/xc32/v1.43/bin/bin/../../lib/gcc/pic32mx/4.8.3/../../../../pic32mx/lib/./proc/32MX795F512L/cpprt0_mips32r2.o

.dbg_excpt      0xbfc00480        0x0
                0xbfc00480                . = (. + DEFINED (_DEBUGGER)?0x8:0x0)

.dbg_code       0xbfc02000        0x0
                0xbfc02000                . = (. + DEFINED (_DEBUGGER)?_DBG_CODE_SIZE:0x0)

.app_excpt      0x9fc01180       0x10
 *(.gen_handler)
 .gen_handler   0x9fc01180       0x10 d:/program files (x86)/microchip/xc32/v1.43/bin/bin/../../lib/gcc/pic32mx/4.8.3/../../../../pic32mx/lib/./proc/32MX795F512L/cpprt0_mips32r2.o

.vector_0       0x9fc01200        0x8
 *(.vector_0)
 .vector_0      0x9fc01200        0x8 d:/program files (x86)/microchip/xc32/v1.43/bin/bin/../../lib/gcc/pic32mx/4.8.3/../../../../pic32mx/lib\libpic32.a(vector0.o)
                0x9fc01200                __vector_dispatch_0
                0x00000001                ASSERT (((_vector_spacing == 0x0) || (SIZEOF (.vector_0) <= (_vector_spacing << 0x5))), function at exception vector 0 too large)

.vector_1       0x9fc01220        0x8
 *(.vector_1)
 .vector_1      0x9fc01220        0x8 d:/program files (x86)/microchip/xc32/v1.43/bin/bin/../../lib/gcc/pic32mx/4.8.3/../../../../pic32mx/lib\libpic32.a(vector1.o)
                0x9fc01220                __vector_dispatch_1
                0x00000001                ASSERT (((_vector_spacing == 0x0) || (SIZEOF (.vector_1) <= (_vector_spacing << 0x5))), function at exception vector 1 too large)

.vector_2       0x9fc01240        0x8
 *(.vector_2)
 .vector_2      0x9fc01240        0x8 d:/program files (x86)/microchip/xc32/v1.43/bin/bin/../../lib/gcc/pic32mx/4.8.3/../../../../pic32mx/lib\libpic32.a(vector2.o)
                0x9fc01240                __vector_dispatch_2
                0x00000001                ASSERT (((_vector_spacing == 0x0) || (SIZEOF (.vector_2) <= (_vector_spacing << 0x5))), function at exception vector 2 too large)

.vector_3       0x9fc01260        0x8
 *(.vector_3)
 .vector_3      0x9fc01260        0x8 d:/program files (x86)/microchip/xc32/v1.43/bin/bin/../../lib/gcc/pic32mx/4.8.3/../../../../pic32mx/lib\libpic32.a(vector3.o)
                0x9fc01260                __vector_dispatch_3
                0x00000001                ASSERT (((_vector_spacing == 0x0) || (SIZEOF (.vector_3) <= (_vector_spacing << 0x5))), function at exception vector 3 too large)

.vector_4       0x9fc01280        0x8
 *(.vector_4)
 .vector_4      0x9fc01280        0x8 d:/program files (x86)/microchip/xc32/v1.43/bin/bin/../../lib/gcc/pic32mx/4.8.3/../../../../pic32mx/lib\libpic32.a(vector4.o)
                0x9fc01280                __vector_dispatch_4
                0x00000001                ASSERT (((_vector_spacing == 0x0) || (SIZEOF (.vector_4) <= (_vector_spacing << 0x5))), function at exception vector 4 too large)

.vector_5       0x9fc012a0        0x8
 *(.vector_5)
 .vector_5      0x9fc012a0        0x8 d:/program files (x86)/microchip/xc32/v1.43/bin/bin/../../lib/gcc/pic32mx/4.8.3/../../../../pic32mx/lib\libpic32.a(vector5.o)
                0x9fc012a0                __vector_dispatch_5
                0x00000001                ASSERT (((_vector_spacing == 0x0) || (SIZEOF (.vector_5) <= (_vector_spacing << 0x5))), function at exception vector 5 too large)

.vector_6       0x9fc012c0        0x8
 *(.vector_6)
 .vector_6      0x9fc012c0        0x8 d:/program files (x86)/microchip/xc32/v1.43/bin/bin/../../lib/gcc/pic32mx/4.8.3/../../../../pic32mx/lib\libpic32.a(vector6.o)
                0x9fc012c0                __vector_dispatch_6
                0x00000001                ASSERT (((_vector_spacing == 0x0) || (SIZEOF (.vector_6) <= (_vector_spacing << 0x5))), function at exception vector 6 too large)

.vector_7       0x9fc012e0        0x8
 *(.vector_7)
 .vector_7      0x9fc012e0        0x8 d:/program files (x86)/microchip/xc32/v1.43/bin/bin/../../lib/gcc/pic32mx/4.8.3/../../../../pic32mx/lib\libpic32.a(vector7.o)
                0x9fc012e0                __vector_dispatch_7
                0x00000001                ASSERT (((_vector_spacing == 0x0) || (SIZEOF (.vector_7) <= (_vector_spacing << 0x5))), function at exception vector 7 too large)

.vector_8       0x9fc01300        0x8
 *(.vector_8)
 .vector_8      0x9fc01300        0x8 d:/program files (x86)/microchip/xc32/v1.43/bin/bin/../../lib/gcc/pic32mx/4.8.3/../../../../pic32mx/lib\libpic32.a(vector8.o)
                0x9fc01300                __vector_dispatch_8
                0x00000001                ASSERT (((_vector_spacing == 0x0) || (SIZEOF (.vector_8) <= (_vector_spacing << 0x5))), function at exception vector 8 too large)

.vector_9       0x9fc01320        0x8
 *(.vector_9)
 .vector_9      0x9fc01320        0x8 d:/program files (x86)/microchip/xc32/v1.43/bin/bin/../../lib/gcc/pic32mx/4.8.3/../../../../pic32mx/lib\libpic32.a(vector9.o)
                0x9fc01320                __vector_dispatch_9
                0x00000001                ASSERT (((_vector_spacing == 0x0) || (SIZEOF (.vector_9) <= (_vector_spacing << 0x5))), function at exception vector 9 too large)

.vector_10      0x9fc01340        0x8
 *(.vector_10)
 .vector_10     0x9fc01340        0x8 d:/program files (x86)/microchip/xc32/v1.43/bin/bin/../../lib/gcc/pic32mx/4.8.3/../../../../pic32mx/lib\libpic32.a(vector10.o)
                0x9fc01340                __vector_dispatch_10
                0x00000001                ASSERT (((_vector_spacing == 0x0) || (SIZEOF (.vector_10) <= (_vector_spacing << 0x5))), function at exception vector 10 too large)

.vector_11      0x9fc01360        0x8
 *(.vector_11)
 .vector_11     0x9fc01360        0x8 d:/program files (x86)/microchip/xc32/v1.43/bin/bin/../../lib/gcc/pic32mx/4.8.3/../../../../pic32mx/lib\libpic32.a(vector11.o)
                0x9fc01360                __vector_dispatch_11
                0x00000001                ASSERT (((_vector_spacing == 0x0) || (SIZEOF (.vector_11) <= (_vector_spacing << 0x5))), function at exception vector 11 too large)

.vector_12      0x9fc01380        0x8
 *(.vector_12)
 .vector_12     0x9fc01380        0x8 d:/program files (x86)/microchip/xc32/v1.43/bin/bin/../../lib/gcc/pic32mx/4.8.3/../../../../pic32mx/lib\libpic32.a(vector12.o)
                0x9fc01380                __vector_dispatch_12
                0x00000001                ASSERT (((_vector_spacing == 0x0) || (SIZEOF (.vector_12) <= (_vector_spacing << 0x5))), function at exception vector 12 too large)

.vector_13      0x9fc013a0        0x8
 *(.vector_13)
 .vector_13     0x9fc013a0        0x8 d:/program files (x86)/microchip/xc32/v1.43/bin/bin/../../lib/gcc/pic32mx/4.8.3/../../../../pic32mx/lib\libpic32.a(vector13.o)
                0x9fc013a0                __vector_dispatch_13
                0x00000001                ASSERT (((_vector_spacing == 0x0) || (SIZEOF (.vector_13) <= (_vector_spacing << 0x5))), function at exception vector 13 too large)

.vector_14      0x9fc013c0        0x8
 *(.vector_14)
 .vector_14     0x9fc013c0        0x8 d:/program files (x86)/microchip/xc32/v1.43/bin/bin/../../lib/gcc/pic32mx/4.8.3/../../../../pic32mx/lib\libpic32.a(vector14.o)
                0x9fc013c0                __vector_dispatch_14
                0x00000001                ASSERT (((_vector_spacing == 0x0) || (SIZEOF (.vector_14) <= (_vector_spacing << 0x5))), function at exception vector 14 too large)

.vector_15      0x9fc013e0        0x8
 *(.vector_15)
 .vector_15     0x9fc013e0        0x8 d:/program files (x86)/microchip/xc32/v1.43/bin/bin/../../lib/gcc/pic32mx/4.8.3/../../../../pic32mx/lib\libpic32.a(vector15.o)
                0x9fc013e0                __vector_dispatch_15
                0x00000001                ASSERT (((_vector_spacing == 0x0) || (SIZEOF (.vector_15) <= (_vector_spacing << 0x5))), function at exception vector 15 too large)

.vector_16      0x9fc01400        0x8
 *(.vector_16)
 .vector_16     0x9fc01400        0x8 build/default/production/src/main.o
                0x9fc01400                __vector_dispatch_16
                0x00000001                ASSERT (((_vector_spacing == 0x0) || (SIZEOF (.vector_16) <= (_vector_spacing << 0x5))), function at exception vector 16 too large)

.vector_17      0x9fc01420        0x8
 *(.vector_17)
 .vector_17     0x9fc01420        0x8 d:/program files (x86)/microchip/xc32/v1.43/bin/bin/../../lib/gcc/pic32mx/4.8.3/../../../../pic32mx/lib\libpic32.a(vector17.o)
                0x9fc01420                __vector_dispatch_17
                0x00000001                ASSERT (((_vector_spacing == 0x0) || (SIZEOF (.vector_17) <= (_vector_spacing << 0x5))), function at exception vector 17 too large)

.vector_18      0x9fc01440        0x8
 *(.vector_18)
 .vector_18     0x9fc01440        0x8 d:/program files (x86)/microchip/xc32/v1.43/bin/bin/../../lib/gcc/pic32mx/4.8.3/../../../../pic32mx/lib\libpic32.a(vector18.o)
                0x9fc01440                __vector_dispatch_18
                0x00000001                ASSERT (((_vector_spacing == 0x0) || (SIZEOF (.vector_18) <= (_vector_spacing << 0x5))), function at exception vector 18 too large)

.vector_19      0x9fc01460        0x8
 *(.vector_19)
 .vector_19     0x9fc01460        0x8 d:/program files (x86)/microchip/xc32/v1.43/bin/bin/../../lib/gcc/pic32mx/4.8.3/../../../../pic32mx/lib\libpic32.a(vector19.o)
                0x9fc01460                __vector_dispatch_19
                0x00000001                ASSERT (((_vector_spacing == 0x0) || (SIZEOF (.vector_19) <= (_vector_spacing << 0x5))), function at exception vector 19 too large)

.vector_20      0x9fc01480        0x8
 *(.vector_20)
 .vector_20     0x9fc01480        0x8 d:/program files (x86)/microchip/xc32/v1.43/bin/bin/../../lib/gcc/pic32mx/4.8.3/../../../../pic32mx/lib\libpic32.a(vector20.o)
                0x9fc01480                __vector_dispatch_20
                0x00000001                ASSERT (((_vector_spacing == 0x0) || (SIZEOF (.vector_20) <= (_vector_spacing << 0x5))), function at exception vector 20 too large)

.vector_21      0x9fc014a0        0x8
 *(.vector_21)
 .vector_21     0x9fc014a0        0x8 d:/program files (x86)/microchip/xc32/v1.43/bin/bin/../../lib/gcc/pic32mx/4.8.3/../../../../pic32mx/lib\libpic32.a(vector21.o)
                0x9fc014a0                __vector_dispatch_21
                0x00000001                ASSERT (((_vector_spacing == 0x0) || (SIZEOF (.vector_21) <= (_vector_spacing << 0x5))), function at exception vector 21 too large)

.vector_22      0x9fc014c0        0x8
 *(.vector_22)
 .vector_22     0x9fc014c0        0x8 d:/program files (x86)/microchip/xc32/v1.43/bin/bin/../../lib/gcc/pic32mx/4.8.3/../../../../pic32mx/lib\libpic32.a(vector22.o)
                0x9fc014c0                __vector_dispatch_22
                0x00000001                ASSERT (((_vector_spacing == 0x0) || (SIZEOF (.vector_22) <= (_vector_spacing << 0x5))), function at exception vector 22 too large)

.vector_23      0x9fc014e0        0x8
 *(.vector_23)
 .vector_23     0x9fc014e0        0x8 d:/program files (x86)/microchip/xc32/v1.43/bin/bin/../../lib/gcc/pic32mx/4.8.3/../../../../pic32mx/lib\libpic32.a(vector23.o)
                0x9fc014e0                __vector_dispatch_23
                0x00000001                ASSERT (((_vector_spacing == 0x0) || (SIZEOF (.vector_23) <= (_vector_spacing << 0x5))), function at exception vector 23 too large)

.vector_24      0x9fc01500        0x8
 *(.vector_24)
 .vector_24     0x9fc01500        0x8 build/default/production/src/main.o
                0x9fc01500                __vector_dispatch_24
                0x00000001                ASSERT (((_vector_spacing == 0x0) || (SIZEOF (.vector_24) <= (_vector_spacing << 0x5))), function at exception vector 24 too large)

.vector_25      0x9fc01520        0x8
 *(.vector_25)
 .vector_25     0x9fc01520        0x8 d:/program files (x86)/microchip/xc32/v1.43/bin/bin/../../lib/gcc/pic32mx/4.8.3/../../../../pic32mx/lib\libpic32.a(vector25.o)
                0x9fc01520                __vector_dispatch_25
                0x00000001                ASSERT (((_vector_spacing == 0x0) || (SIZEOF (.vector_25) <= (_vector_spacing << 0x5))), function at exception vector 25 too large)

.vector_26      0x9fc01540        0x8
 *(.vector_26)
 .vector_26     0x9fc01540        0x8 d:/program files (x86)/microchip/xc32/v1.43/bin/bin/../../lib/gcc/pic32mx/4.8.3/../../../../pic32mx/lib\libpic32.a(vector26.o)
                0x9fc01540                __vector_dispatch_26
                0x00000001                ASSERT (((_vector_spacing == 0x0) || (SIZEOF (.vector_26) <= (_vector_spacing << 0x5))), function at exception vector 26 too large)

.vector_27      0x9fc01560        0x8
 *(.vector_27)
 .vector_27     0x9fc01560        0x8 d:/program files (x86)/microchip/xc32/v1.43/bin/bin/../../lib/gcc/pic32mx/4.8.3/../../../../pic32mx/lib\libpic32.a(vector27.o)
                0x9fc01560                __vector_dispatch_27
                0x00000001                ASSERT (((_vector_spacing == 0x0) || (SIZEOF (.vector_27) <= (_vector_spacing << 0x5))), function at exception vector 27 too large)

.vector_28      0x9fc01580        0x8
 *(.vector_28)
 .vector_28     0x9fc01580        0x8 d:/program files (x86)/microchip/xc32/v1.43/bin/bin/../../lib/gcc/pic32mx/4.8.3/../../../../pic32mx/lib\libpic32.a(vector28.o)
                0x9fc01580                __vector_dispatch_28
                0x00000001                ASSERT (((_vector_spacing == 0x0) || (SIZEOF (.vector_28) <= (_vector_spacing << 0x5))), function at exception vector 28 too large)

.vector_29      0x9fc015a0        0x8
 *(.vector_29)
 .vector_29     0x9fc015a0        0x8 d:/program files (x86)/microchip/xc32/v1.43/bin/bin/../../lib/gcc/pic32mx/4.8.3/../../../../pic32mx/lib\libpic32.a(vector29.o)
                0x9fc015a0                __vector_dispatch_29
                0x00000001                ASSERT (((_vector_spacing == 0x0) || (SIZEOF (.vector_29) <= (_vector_spacing << 0x5))), function at exception vector 29 too large)

.vector_30      0x9fc015c0        0x8
 *(.vector_30)
 .vector_30     0x9fc015c0        0x8 d:/program files (x86)/microchip/xc32/v1.43/bin/bin/../../lib/gcc/pic32mx/4.8.3/../../../../pic32mx/lib\libpic32.a(vector30.o)
                0x9fc015c0                __vector_dispatch_30
                0x00000001                ASSERT (((_vector_spacing == 0x0) || (SIZEOF (.vector_30) <= (_vector_spacing << 0x5))), function at exception vector 30 too large)

.vector_31      0x9fc015e0        0x8
 *(.vector_31)
 .vector_31     0x9fc015e0        0x8 d:/program files (x86)/microchip/xc32/v1.43/bin/bin/../../lib/gcc/pic32mx/4.8.3/../../../../pic32mx/lib\libpic32.a(vector31.o)
                0x9fc015e0                __vector_dispatch_31
                0x00000001                ASSERT (((_vector_spacing == 0x0) || (SIZEOF (.vector_31) <= (_vector_spacing << 0x5))), function at exception vector 31 too large)

.vector_32      0x9fc01600        0x8
 *(.vector_32)
 .vector_32     0x9fc01600        0x8 d:/program files (x86)/microchip/xc32/v1.43/bin/bin/../../lib/gcc/pic32mx/4.8.3/../../../../pic32mx/lib\libpic32.a(vector32.o)
                0x9fc01600                __vector_dispatch_32
                0x00000001                ASSERT (((_vector_spacing == 0x0) || (SIZEOF (.vector_32) <= (_vector_spacing << 0x5))), function at exception vector 32 too large)

.vector_33      0x9fc01620        0x8
 *(.vector_33)
 .vector_33     0x9fc01620        0x8 d:/program files (x86)/microchip/xc32/v1.43/bin/bin/../../lib/gcc/pic32mx/4.8.3/../../../../pic32mx/lib\libpic32.a(vector33.o)
                0x9fc01620                __vector_dispatch_33
                0x00000001                ASSERT (((_vector_spacing == 0x0) || (SIZEOF (.vector_33) <= (_vector_spacing << 0x5))), function at exception vector 33 too large)

.vector_34      0x9fc01640        0x8
 *(.vector_34)
 .vector_34     0x9fc01640        0x8 d:/program files (x86)/microchip/xc32/v1.43/bin/bin/../../lib/gcc/pic32mx/4.8.3/../../../../pic32mx/lib\libpic32.a(vector34.o)
                0x9fc01640                __vector_dispatch_34
                0x00000001                ASSERT (((_vector_spacing == 0x0) || (SIZEOF (.vector_34) <= (_vector_spacing << 0x5))), function at exception vector 34 too large)

.vector_35      0x9fc01660        0x8
 *(.vector_35)
 .vector_35     0x9fc01660        0x8 d:/program files (x86)/microchip/xc32/v1.43/bin/bin/../../lib/gcc/pic32mx/4.8.3/../../../../pic32mx/lib\libpic32.a(vector35.o)
                0x9fc01660                __vector_dispatch_35
                0x00000001                ASSERT (((_vector_spacing == 0x0) || (SIZEOF (.vector_35) <= (_vector_spacing << 0x5))), function at exception vector 35 too large)

.vector_36      0x9fc01680        0x8
 *(.vector_36)
 .vector_36     0x9fc01680        0x8 d:/program files (x86)/microchip/xc32/v1.43/bin/bin/../../lib/gcc/pic32mx/4.8.3/../../../../pic32mx/lib\libpic32.a(vector36.o)
                0x9fc01680                __vector_dispatch_36
                0x00000001                ASSERT (((_vector_spacing == 0x0) || (SIZEOF (.vector_36) <= (_vector_spacing << 0x5))), function at exception vector 36 too large)

.vector_37      0x9fc016a0        0x8
 *(.vector_37)
 .vector_37     0x9fc016a0        0x8 d:/program files (x86)/microchip/xc32/v1.43/bin/bin/../../lib/gcc/pic32mx/4.8.3/../../../../pic32mx/lib\libpic32.a(vector37.o)
                0x9fc016a0                __vector_dispatch_37
                0x00000001                ASSERT (((_vector_spacing == 0x0) || (SIZEOF (.vector_37) <= (_vector_spacing << 0x5))), function at exception vector 37 too large)

.vector_38      0x9fc016c0        0x8
 *(.vector_38)
 .vector_38     0x9fc016c0        0x8 d:/program files (x86)/microchip/xc32/v1.43/bin/bin/../../lib/gcc/pic32mx/4.8.3/../../../../pic32mx/lib\libpic32.a(vector38.o)
                0x9fc016c0                __vector_dispatch_38
                0x00000001                ASSERT (((_vector_spacing == 0x0) || (SIZEOF (.vector_38) <= (_vector_spacing << 0x5))), function at exception vector 38 too large)

.vector_39      0x9fc016e0        0x8
 *(.vector_39)
 .vector_39     0x9fc016e0        0x8 d:/program files (x86)/microchip/xc32/v1.43/bin/bin/../../lib/gcc/pic32mx/4.8.3/../../../../pic32mx/lib\libpic32.a(vector39.o)
                0x9fc016e0                __vector_dispatch_39
                0x00000001                ASSERT (((_vector_spacing == 0x0) || (SIZEOF (.vector_39) <= (_vector_spacing << 0x5))), function at exception vector 39 too large)

.vector_40      0x9fc01700        0x8
 *(.vector_40)
 .vector_40     0x9fc01700        0x8 d:/program files (x86)/microchip/xc32/v1.43/bin/bin/../../lib/gcc/pic32mx/4.8.3/../../../../pic32mx/lib\libpic32.a(vector40.o)
                0x9fc01700                __vector_dispatch_40
                0x00000001                ASSERT (((_vector_spacing == 0x0) || (SIZEOF (.vector_40) <= (_vector_spacing << 0x5))), function at exception vector 40 too large)

.vector_41      0x9fc01720        0x8
 *(.vector_41)
 .vector_41     0x9fc01720        0x8 d:/program files (x86)/microchip/xc32/v1.43/bin/bin/../../lib/gcc/pic32mx/4.8.3/../../../../pic32mx/lib\libpic32.a(vector41.o)
                0x9fc01720                __vector_dispatch_41
                0x00000001                ASSERT (((_vector_spacing == 0x0) || (SIZEOF (.vector_41) <= (_vector_spacing << 0x5))), function at exception vector 41 too large)

.vector_42      0x9fc01740        0x8
 *(.vector_42)
 .vector_42     0x9fc01740        0x8 d:/program files (x86)/microchip/xc32/v1.43/bin/bin/../../lib/gcc/pic32mx/4.8.3/../../../../pic32mx/lib\libpic32.a(vector42.o)
                0x9fc01740                __vector_dispatch_42
                0x00000001                ASSERT (((_vector_spacing == 0x0) || (SIZEOF (.vector_42) <= (_vector_spacing << 0x5))), function at exception vector 42 too large)

.vector_43      0x9fc01760        0x8
 *(.vector_43)
 .vector_43     0x9fc01760        0x8 d:/program files (x86)/microchip/xc32/v1.43/bin/bin/../../lib/gcc/pic32mx/4.8.3/../../../../pic32mx/lib\libpic32.a(vector43.o)
                0x9fc01760                __vector_dispatch_43
                0x00000001                ASSERT (((_vector_spacing == 0x0) || (SIZEOF (.vector_43) <= (_vector_spacing << 0x5))), function at exception vector 43 too large)

.vector_44      0x9fc01780        0x8
 *(.vector_44)
 .vector_44     0x9fc01780        0x8 d:/program files (x86)/microchip/xc32/v1.43/bin/bin/../../lib/gcc/pic32mx/4.8.3/../../../../pic32mx/lib\libpic32.a(vector44.o)
                0x9fc01780                __vector_dispatch_44
                0x00000001                ASSERT (((_vector_spacing == 0x0) || (SIZEOF (.vector_44) <= (_vector_spacing << 0x5))), function at exception vector 44 too large)

.vector_45      0x9fc017a0        0x8
 *(.vector_45)
 .vector_45     0x9fc017a0        0x8 d:/program files (x86)/microchip/xc32/v1.43/bin/bin/../../lib/gcc/pic32mx/4.8.3/../../../../pic32mx/lib\libpic32.a(vector45.o)
                0x9fc017a0                __vector_dispatch_45
                0x00000001                ASSERT (((_vector_spacing == 0x0) || (SIZEOF (.vector_45) <= (_vector_spacing << 0x5))), function at exception vector 45 too large)

.vector_46      0x9fc017c0        0x8
 *(.vector_46)
 .vector_46     0x9fc017c0        0x8 d:/program files (x86)/microchip/xc32/v1.43/bin/bin/../../lib/gcc/pic32mx/4.8.3/../../../../pic32mx/lib\libpic32.a(vector46.o)
                0x9fc017c0                __vector_dispatch_46
                0x00000001                ASSERT (((_vector_spacing == 0x0) || (SIZEOF (.vector_46) <= (_vector_spacing << 0x5))), function at exception vector 46 too large)

.vector_47      0x9fc017e0        0x8
 *(.vector_47)
 .vector_47     0x9fc017e0        0x8 d:/program files (x86)/microchip/xc32/v1.43/bin/bin/../../lib/gcc/pic32mx/4.8.3/../../../../pic32mx/lib\libpic32.a(vector47.o)
                0x9fc017e0                __vector_dispatch_47
                0x00000001                ASSERT (((_vector_spacing == 0x0) || (SIZEOF (.vector_47) <= (_vector_spacing << 0x5))), function at exception vector 47 too large)

.vector_48      0x9fc01800        0x8
 *(.vector_48)
 .vector_48     0x9fc01800        0x8 d:/program files (x86)/microchip/xc32/v1.43/bin/bin/../../lib/gcc/pic32mx/4.8.3/../../../../pic32mx/lib\libpic32.a(vector48.o)
                0x9fc01800                __vector_dispatch_48
                0x00000001                ASSERT (((_vector_spacing == 0x0) || (SIZEOF (.vector_48) <= (_vector_spacing << 0x5))), function at exception vector 48 too large)

.vector_49      0x9fc01820        0x8
 *(.vector_49)
 .vector_49     0x9fc01820        0x8 d:/program files (x86)/microchip/xc32/v1.43/bin/bin/../../lib/gcc/pic32mx/4.8.3/../../../../pic32mx/lib\libpic32.a(vector49.o)
                0x9fc01820                __vector_dispatch_49
                0x00000001                ASSERT (((_vector_spacing == 0x0) || (SIZEOF (.vector_49) <= (_vector_spacing << 0x5))), function at exception vector 49 too large)

.vector_50      0x9fc01840        0x8
 *(.vector_50)
 .vector_50     0x9fc01840        0x8 d:/program files (x86)/microchip/xc32/v1.43/bin/bin/../../lib/gcc/pic32mx/4.8.3/../../../../pic32mx/lib\libpic32.a(vector50.o)
                0x9fc01840                __vector_dispatch_50
                0x00000001                ASSERT (((_vector_spacing == 0x0) || (SIZEOF (.vector_50) <= (_vector_spacing << 0x5))), function at exception vector 50 too large)

.vector_51      0x9fc01860        0x8
 *(.vector_51)
 .vector_51     0x9fc01860        0x8 d:/program files (x86)/microchip/xc32/v1.43/bin/bin/../../lib/gcc/pic32mx/4.8.3/../../../../pic32mx/lib\libpic32.a(vector51.o)
                0x9fc01860                __vector_dispatch_51
                0x00000001                ASSERT (((_vector_spacing == 0x0) || (SIZEOF (.vector_51) <= (_vector_spacing << 0x5))), function at exception vector 51 too large)

.vector_52      0x9fc01880        0x0
 *(.vector_52)
                0x00000001                ASSERT (((_vector_spacing == 0x0) || (SIZEOF (.vector_52) <= (_vector_spacing << 0x5))), function at exception vector 52 too large)

.vector_53      0x9fc018a0        0x0
 *(.vector_53)
                0x00000001                ASSERT (((_vector_spacing == 0x0) || (SIZEOF (.vector_53) <= (_vector_spacing << 0x5))), function at exception vector 53 too large)

.vector_54      0x9fc018c0        0x0
 *(.vector_54)
                0x00000001                ASSERT (((_vector_spacing == 0x0) || (SIZEOF (.vector_54) <= (_vector_spacing << 0x5))), function at exception vector 54 too large)

.vector_55      0x9fc018e0        0x0
 *(.vector_55)
                0x00000001                ASSERT (((_vector_spacing == 0x0) || (SIZEOF (.vector_55) <= (_vector_spacing << 0x5))), function at exception vector 55 too large)

.vector_56      0x9fc01900        0x0
 *(.vector_56)
                0x00000001                ASSERT (((_vector_spacing == 0x0) || (SIZEOF (.vector_56) <= (_vector_spacing << 0x5))), function at exception vector 56 too large)

.vector_57      0x9fc01920        0x0
 *(.vector_57)
                0x00000001                ASSERT (((_vector_spacing == 0x0) || (SIZEOF (.vector_57) <= (_vector_spacing << 0x5))), function at exception vector 57 too large)

.vector_58      0x9fc01940        0x0
 *(.vector_58)
                0x00000001                ASSERT (((_vector_spacing == 0x0) || (SIZEOF (.vector_58) <= (_vector_spacing << 0x5))), function at exception vector 58 too large)

.vector_59      0x9fc01960        0x0
 *(.vector_59)
                0x00000001                ASSERT (((_vector_spacing == 0x0) || (SIZEOF (.vector_59) <= (_vector_spacing << 0x5))), function at exception vector 59 too large)

.vector_60      0x9fc01980        0x0
 *(.vector_60)
                0x00000001                ASSERT (((_vector_spacing == 0x0) || (SIZEOF (.vector_60) <= (_vector_spacing << 0x5))), function at exception vector 60 too large)

.vector_61      0x9fc019a0        0x0
 *(.vector_61)
                0x00000001                ASSERT (((_vector_spacing == 0x0) || (SIZEOF (.vector_61) <= (_vector_spacing << 0x5))), function at exception vector 61 too large)

.vector_62      0x9fc019c0        0x0
 *(.vector_62)
                0x00000001                ASSERT (((_vector_spacing == 0x0) || (SIZEOF (.vector_62) <= (_vector_spacing << 0x5))), function at exception vector 62 too large)

.vector_63      0x9fc019e0        0x0
 *(.vector_63)
                0x00000001                ASSERT (((_vector_spacing == 0x0) || (SIZEOF (.vector_63) <= (_vector_spacing << 0x5))), function at exception vector 63 too large)

.startup
 *(.startup)

.text           0x9d000000     0x1188
 *(.stub .gnu.linkonce.t.*)
 .gnu.linkonce.t._ZNSt14error_categoryD1Ev
                0x9d000000       0x10 build/default/production/src/anChevrons.o
                0x9d000000                std::error_category::~error_category()
 .gnu.linkonce.t._ZNKSt14error_category23default_error_conditionEi
                0x9d000010       0x10 build/default/production/src/anChevrons.o
                0x9d000010                std::error_category::default_error_condition(int) const
 .gnu.linkonce.t._ZNKSt14error_category10equivalentEiRKSt15error_condition
                0x9d000020       0x60 build/default/production/src/anChevrons.o
                0x9d000020                std::error_category::equivalent(int, std::error_condition const&) const
 .gnu.linkonce.t._ZNKSt14error_category10equivalentERKSt10error_codei
                0x9d000080       0x20 build/default/production/src/anChevrons.o
                0x9d000080                std::error_category::equivalent(std::error_code const&, int) const
 .gnu.linkonce.t._ZNSt14error_categoryD0Ev
                0x9d0000a0       0x24 build/default/production/src/anChevrons.o
                0x9d0000a0                std::error_category::~error_category()
 .gnu.linkonce.t._ZNKSt9bad_alloc4whatEv
                0x9d0000c4        0xc build/default/production/src/anComets.o
                0x9d0000c4                std::bad_alloc::what() const
 .gnu.linkonce.t._ZNSt9bad_allocD1Ev
                0x9d0000d0       0x24 build/default/production/src/anComets.o
                0x9d0000d0                std::bad_alloc::~bad_alloc()
 .gnu.linkonce.t._ZNSt9bad_allocD0Ev
                0x9d0000f4       0x38 build/default/production/src/anComets.o
                0x9d0000f4                std::bad_alloc::~bad_alloc()
 .gnu.linkonce.t._ZSt9_Cons_valISaI8NeopixelES0_S0_EvRT_PT0_RKT1_
                0x9d00012c       0x40 build/default/production/src/npDisplay.o
                0x9d00012c                void std::_Cons_val<std::allocator<Neopixel>, Neopixel, Neopixel>(std::allocator<Neopixel>&, Neopixel*, Neopixel const&)
 .gnu.linkonce.t._ZNKSt11logic_error4whatEv
                0x9d00016c       0x20 d:/program files (x86)/microchip/xc32/v1.43/bin/bin/../../lib/gcc/pic32mx/4.8.3/../../../../pic32mx/lib\libxcpp.a(xthrow.o)
                0x9d00016c                std::logic_error::what() const
 .gnu.linkonce.t._ZNKSt13runtime_error4whatEv
                0x9d00018c       0x20 d:/program files (x86)/microchip/xc32/v1.43/bin/bin/../../lib/gcc/pic32mx/4.8.3/../../../../pic32mx/lib\libxcpp.a(xthrow.o)
                0x9d00018c                std::runtime_error::what() const
 .gnu.linkonce.t._ZNSt11logic_errorD1Ev
                0x9d0001ac       0x58 d:/program files (x86)/microchip/xc32/v1.43/bin/bin/../../lib/gcc/pic32mx/4.8.3/../../../../pic32mx/lib\libxcpp.a(xthrow.o)
                0x9d0001ac                std::logic_error::~logic_error()
 .gnu.linkonce.t._ZNSt13runtime_errorD1Ev
                0x9d000204       0x58 d:/program files (x86)/microchip/xc32/v1.43/bin/bin/../../lib/gcc/pic32mx/4.8.3/../../../../pic32mx/lib\libxcpp.a(xthrow.o)
                0x9d000204                std::runtime_error::~runtime_error()
 .gnu.linkonce.t._ZNSt14overflow_errorD0Ev
                0x9d00025c       0x60 d:/program files (x86)/microchip/xc32/v1.43/bin/bin/../../lib/gcc/pic32mx/4.8.3/../../../../pic32mx/lib\libxcpp.a(xthrow.o)
                0x9d00025c                std::overflow_error::~overflow_error()
 .gnu.linkonce.t._ZNSt12out_of_rangeD0Ev
                0x9d0002bc       0x60 d:/program files (x86)/microchip/xc32/v1.43/bin/bin/../../lib/gcc/pic32mx/4.8.3/../../../../pic32mx/lib\libxcpp.a(xthrow.o)
                0x9d0002bc                std::out_of_range::~out_of_range()
 .gnu.linkonce.t._ZNSt13runtime_errorD0Ev
                0x9d00031c       0x60 d:/program files (x86)/microchip/xc32/v1.43/bin/bin/../../lib/gcc/pic32mx/4.8.3/../../../../pic32mx/lib\libxcpp.a(xthrow.o)
                0x9d00031c                std::runtime_error::~runtime_error()
 .gnu.linkonce.t._ZNSt11logic_errorD0Ev
                0x9d00037c       0x60 d:/program files (x86)/microchip/xc32/v1.43/bin/bin/../../lib/gcc/pic32mx/4.8.3/../../../../pic32mx/lib\libxcpp.a(xthrow.o)
                0x9d00037c                std::logic_error::~logic_error()
 .gnu.linkonce.t._ZNSt14overflow_errorD1Ev
                0x9d0003dc       0x58 d:/program files (x86)/microchip/xc32/v1.43/bin/bin/../../lib/gcc/pic32mx/4.8.3/../../../../pic32mx/lib\libxcpp.a(xthrow.o)
                0x9d0003dc                std::overflow_error::~overflow_error()
 .gnu.linkonce.t._ZNSt12length_errorD1Ev
                0x9d000434       0x58 d:/program files (x86)/microchip/xc32/v1.43/bin/bin/../../lib/gcc/pic32mx/4.8.3/../../../../pic32mx/lib\libxcpp.a(xthrow.o)
                0x9d000434                std::length_error::~length_error()
 .gnu.linkonce.t._ZNSt12out_of_rangeD1Ev
                0x9d00048c       0x58 d:/program files (x86)/microchip/xc32/v1.43/bin/bin/../../lib/gcc/pic32mx/4.8.3/../../../../pic32mx/lib\libxcpp.a(xthrow.o)
                0x9d00048c                std::out_of_range::~out_of_range()
 .gnu.linkonce.t._ZNSt16invalid_argumentD1Ev
                0x9d0004e4       0x58 d:/program files (x86)/microchip/xc32/v1.43/bin/bin/../../lib/gcc/pic32mx/4.8.3/../../../../pic32mx/lib\libxcpp.a(xthrow.o)
                0x9d0004e4                std::invalid_argument::~invalid_argument()
 .gnu.linkonce.t._ZNSt16invalid_argumentD0Ev
                0x9d00053c       0x60 d:/program files (x86)/microchip/xc32/v1.43/bin/bin/../../lib/gcc/pic32mx/4.8.3/../../../../pic32mx/lib\libxcpp.a(xthrow.o)
                0x9d00053c                std::invalid_argument::~invalid_argument()
 .gnu.linkonce.t._ZNSt12length_errorD0Ev
                0x9d00059c       0x60 d:/program files (x86)/microchip/xc32/v1.43/bin/bin/../../lib/gcc/pic32mx/4.8.3/../../../../pic32mx/lib\libxcpp.a(xthrow.o)
                0x9d00059c                std::length_error::~length_error()
 .gnu.linkonce.t._ZNSs5_TidyEbm
                0x9d0005fc       0x7c d:/program files (x86)/microchip/xc32/v1.43/bin/bin/../../lib/gcc/pic32mx/4.8.3/../../../../pic32mx/lib\libxcpp.a(xthrow.o)
                0x9d0005fc                std::string::_Tidy(bool, unsigned long)
 .gnu.linkonce.t._ZNSt11logic_errorC2EPKc
                0x9d000678      0x5d8 d:/program files (x86)/microchip/xc32/v1.43/bin/bin/../../lib/gcc/pic32mx/4.8.3/../../../../pic32mx/lib\libxcpp.a(xthrow.o)
                0x9d000678                std::logic_error::logic_error(char const*)
 *(.text.*personality*)
 .text.__gxx_personality_sj0
                0x9d000c50      0x538 d:/program files (x86)/microchip/xc32/v1.43/bin/bin/../../lib/gcc/pic32mx/4.8.3/../../../../pic32mx/lib\libsupc++.a(eh_personality.o)
                0x9d000c50                __gxx_personality_sj0
 *(.mips16.fn.*)
 *(.mips16.call.*)
 *(.gnu.warning)
                0x9d001188                . = ALIGN (0x4)

.init           0x9d001188       0x24
 *crti.o(.init)
 .init          0x9d001188        0x8 d:/program files (x86)/microchip/xc32/v1.43/bin/bin/../../lib/gcc/pic32mx/4.8.3/crti.o
                0x9d001188                _init
 *crtbegin.o(.init)
 .init          0x9d001190        0x8 d:/program files (x86)/microchip/xc32/v1.43/bin/bin/../../lib/gcc/pic32mx/4.8.3/crtbegin.o
 *(EXCLUDE_FILE(*crtn.o *crtend?.o *crtend.o) .init)
 *crtend.o(.init)
 .init          0x9d001198        0x8 d:/program files (x86)/microchip/xc32/v1.43/bin/bin/../../lib/gcc/pic32mx/4.8.3/crtend.o
 *crtn.o(.init)
 .init          0x9d0011a0        0xc d:/program files (x86)/microchip/xc32/v1.43/bin/bin/../../lib/gcc/pic32mx/4.8.3/crtn.o
                0x9d0011ac                . = ALIGN (0x4)

.fini           0x9d0011ac       0x1c
 *(.fini)
 .fini          0x9d0011ac        0x8 d:/program files (x86)/microchip/xc32/v1.43/bin/bin/../../lib/gcc/pic32mx/4.8.3/crti.o
                0x9d0011ac                _fini
 .fini          0x9d0011b4        0x8 d:/program files (x86)/microchip/xc32/v1.43/bin/bin/../../lib/gcc/pic32mx/4.8.3/crtbegin.o
 .fini          0x9d0011bc        0xc d:/program files (x86)/microchip/xc32/v1.43/bin/bin/../../lib/gcc/pic32mx/4.8.3/crtn.o
                0x9d0011c8                . = ALIGN (0x4)

.preinit_array  0x9d0011c8        0x0
                0x9d0011c8                PROVIDE (__preinit_array_start, .)
 *(.preinit_array)
                0x9d0011c8                PROVIDE (__preinit_array_end, .)
                0x9d0011c8                . = ALIGN (0x4)

.init_array     0x9d0011c8        0x0
                0x9d0011c8                PROVIDE (__init_array_start, .)
 *(SORT(.init_array.*))
 *(.init_array)
                0x9d0011c8                PROVIDE (__init_array_end, .)
                0x9d0011c8                . = ALIGN (0x4)

.fini_array     0x9d0011c8        0x0
                0x9d0011c8                PROVIDE (__fini_array_start, .)
 *(SORT(.fini_array.*))
 *(.fini_array)
                0x9d0011c8                PROVIDE (__fini_array_end, .)
                0x9d0011c8                . = ALIGN (0x4)

.ctors          0x9d0011c8        0x8
 *crtbegin.o(.ctors)
 .ctors         0x9d0011c8        0x4 d:/program files (x86)/microchip/xc32/v1.43/bin/bin/../../lib/gcc/pic32mx/4.8.3/crtbegin.o
 *crtbegin?.o(.ctors)
 *(EXCLUDE_FILE(*crtend?.o *crtend.o) .ctors)
 *(SORT(.ctors.*))
 *(.ctors)
 .ctors         0x9d0011cc        0x4 d:/program files (x86)/microchip/xc32/v1.43/bin/bin/../../lib/gcc/pic32mx/4.8.3/crtend.o
                0x9d0011d0                . = ALIGN (0x4)

.dtors          0x9d0011d0        0x8
 *crtbegin.o(.dtors)
 .dtors         0x9d0011d0        0x4 d:/program files (x86)/microchip/xc32/v1.43/bin/bin/../../lib/gcc/pic32mx/4.8.3/crtbegin.o
 *crtbegin?.o(.dtors)
 *(EXCLUDE_FILE(*crtend?.o *crtend.o) .dtors)
 *(SORT(.dtors.*))
 *(.dtors)
 .dtors         0x9d0011d4        0x4 d:/program files (x86)/microchip/xc32/v1.43/bin/bin/../../lib/gcc/pic32mx/4.8.3/crtend.o
                0x9d0011d4                __DTOR_END__
                0x9d0011d8                . = ALIGN (0x4)

.rodata         0x9d0011d8      0x554
 *(.gnu.linkonce.r.*)
 .gnu.linkonce.r._ZTSSt14error_category
                0x9d0011d8       0x14 build/default/production/src/anChevrons.o
                0x9d0011d8                typeinfo name for std::error_category
 .gnu.linkonce.r._ZTISt14error_category
                0x9d0011ec        0x8 build/default/production/src/anChevrons.o
                0x9d0011ec                typeinfo for std::error_category
 .gnu.linkonce.r._ZTI11npAnimation
                0x9d0011f4        0x8 build/default/production/src/anChevrons.o
                0x9d0011f4                typeinfo for npAnimation
 .gnu.linkonce.r._ZTS11npAnimation
                0x9d0011fc       0x10 build/default/production/src/anChevrons.o
                0x9d0011fc                typeinfo name for npAnimation
 .gnu.linkonce.r._ZTS10anChevrons
                0x9d00120c       0x10 build/default/production/src/anChevrons.o
                0x9d00120c                typeinfo name for anChevrons
 .gnu.linkonce.r._ZTI10anChevrons
                0x9d00121c        0xc build/default/production/src/anChevrons.o
                0x9d00121c                typeinfo for anChevrons
 .gnu.linkonce.r._ZTVSt14error_category
                0x9d001228       0x24 build/default/production/src/anChevrons.o
                0x9d001228                vtable for std::error_category
 .gnu.linkonce.r._ZTV10anChevrons
                0x9d00124c       0x10 build/default/production/src/anChevrons.o
                0x9d00124c                vtable for anChevrons
 .gnu.linkonce.r._ZTS16anClassicHorizSA
                0x9d00125c       0x14 build/default/production/src/anClassicHorizSA.o
                0x9d00125c                typeinfo name for anClassicHorizSA
 .gnu.linkonce.r._ZTI16anClassicHorizSA
                0x9d001270        0xc build/default/production/src/anClassicHorizSA.o
                0x9d001270                typeinfo for anClassicHorizSA
 .gnu.linkonce.r._ZTV16anClassicHorizSA
                0x9d00127c       0x10 build/default/production/src/anClassicHorizSA.o
                0x9d00127c                vtable for anClassicHorizSA
 .gnu.linkonce.r._ZTS13anColorFlowSA
                0x9d00128c       0x10 build/default/production/src/anColorFlowSA.o
                0x9d00128c                typeinfo name for anColorFlowSA
 .gnu.linkonce.r._ZTI13anColorFlowSA
                0x9d00129c        0xc build/default/production/src/anColorFlowSA.o
                0x9d00129c                typeinfo for anColorFlowSA
 .gnu.linkonce.r._ZTV13anColorFlowSA
                0x9d0012a8       0x10 build/default/production/src/anColorFlowSA.o
                0x9d0012a8                vtable for anColorFlowSA
 .gnu.linkonce.r._ZTS13anColorRaceSA
                0x9d0012b8       0x10 build/default/production/src/anColorRaceSA.o
                0x9d0012b8                typeinfo name for anColorRaceSA
 .gnu.linkonce.r._ZTI13anColorRaceSA
                0x9d0012c8        0xc build/default/production/src/anColorRaceSA.o
                0x9d0012c8                typeinfo for anColorRaceSA
 .gnu.linkonce.r._ZTV13anColorRaceSA
                0x9d0012d4       0x10 build/default/production/src/anColorRaceSA.o
                0x9d0012d4                vtable for anColorRaceSA
 .gnu.linkonce.r._ZTISt9bad_alloc
                0x9d0012e4        0xc build/default/production/src/anComets.o
                0x9d0012e4                typeinfo for std::bad_alloc
 .gnu.linkonce.r._ZTSSt9bad_alloc
                0x9d0012f0       0x10 build/default/production/src/anComets.o
                0x9d0012f0                typeinfo name for std::bad_alloc
 .gnu.linkonce.r._ZTS8anComets
                0x9d001300        0xc build/default/production/src/anComets.o
                0x9d001300                typeinfo name for anComets
 .gnu.linkonce.r._ZTI8anComets
                0x9d00130c        0xc build/default/production/src/anComets.o
                0x9d00130c                typeinfo for anComets
 .gnu.linkonce.r._ZTVSt9bad_alloc
                0x9d001318       0x14 build/default/production/src/anComets.o
                0x9d001318                vtable for std::bad_alloc
 .gnu.linkonce.r._ZTV8anComets
                0x9d00132c       0x10 build/default/production/src/anComets.o
                0x9d00132c                vtable for anComets
 .gnu.linkonce.r._ZTS12anFadeMiddle
                0x9d00133c       0x10 build/default/production/src/anFadeMiddle.o
                0x9d00133c                typeinfo name for anFadeMiddle
 .gnu.linkonce.r._ZTI12anFadeMiddle
                0x9d00134c        0xc build/default/production/src/anFadeMiddle.o
                0x9d00134c                typeinfo for anFadeMiddle
 .gnu.linkonce.r._ZTV12anFadeMiddle
                0x9d001358       0x10 build/default/production/src/anFadeMiddle.o
                0x9d001358                vtable for anFadeMiddle
 .gnu.linkonce.r._ZTS13anPulseFadeSA
                0x9d001368       0x10 build/default/production/src/anPulseFadeSA.o
                0x9d001368                typeinfo name for anPulseFadeSA
 .gnu.linkonce.r._ZTI13anPulseFadeSA
                0x9d001378        0xc build/default/production/src/anPulseFadeSA.o
                0x9d001378                typeinfo for anPulseFadeSA
 .gnu.linkonce.r._ZTV13anPulseFadeSA
                0x9d001384       0x10 build/default/production/src/anPulseFadeSA.o
                0x9d001384                vtable for anPulseFadeSA
 .gnu.linkonce.r._ZTS6anRain
                0x9d001394        0x8 build/default/production/src/anRain.o
                0x9d001394                typeinfo name for anRain
 .gnu.linkonce.r._ZTI6anRain
                0x9d00139c        0xc build/default/production/src/anRain.o
                0x9d00139c                typeinfo for anRain
 .gnu.linkonce.r._ZTV6anRain
                0x9d0013a8       0x10 build/default/production/src/anRain.o
                0x9d0013a8                vtable for anRain
 .gnu.linkonce.r._ZTS15anRainbowChaser
                0x9d0013b8       0x14 build/default/production/src/anRainbowChaser.o
                0x9d0013b8                typeinfo name for anRainbowChaser
 .gnu.linkonce.r._ZTI15anRainbowChaser
                0x9d0013cc        0xc build/default/production/src/anRainbowChaser.o
                0x9d0013cc                typeinfo for anRainbowChaser
 .gnu.linkonce.r._ZTV15anRainbowChaser
                0x9d0013d8       0x10 build/default/production/src/anRainbowChaser.o
                0x9d0013d8                vtable for anRainbowChaser
 .gnu.linkonce.r._ZTS12anSplatterSA
                0x9d0013e8       0x10 build/default/production/src/anSplatterSA.o
                0x9d0013e8                typeinfo name for anSplatterSA
 .gnu.linkonce.r._ZTI12anSplatterSA
                0x9d0013f8        0xc build/default/production/src/anSplatterSA.o
                0x9d0013f8                typeinfo for anSplatterSA
 .gnu.linkonce.r._ZTV12anSplatterSA
                0x9d001404       0x10 build/default/production/src/anSplatterSA.o
                0x9d001404                vtable for anSplatterSA
 .gnu.linkonce.r._ZTV11npAnimation
                0x9d001414       0x10 build/default/production/src/npAnimation.o
                0x9d001414                vtable for npAnimation
 .gnu.linkonce.r._ZTSN10__cxxabiv117__class_type_infoE._ZTSN10__cxxabiv117__class_type_infoE
                0x9d001424       0x24 d:/program files (x86)/microchip/xc32/v1.43/bin/bin/../../lib/gcc/pic32mx/4.8.3/../../../../pic32mx/lib\libsupc++.a(class_type_info.o)
                0x9d001424                typeinfo name for __cxxabiv1::__class_type_info
 .gnu.linkonce.r._ZTIN10__cxxabiv117__class_type_infoE._ZTIN10__cxxabiv117__class_type_infoE
                0x9d001448        0xc d:/program files (x86)/microchip/xc32/v1.43/bin/bin/../../lib/gcc/pic32mx/4.8.3/../../../../pic32mx/lib\libsupc++.a(class_type_info.o)
                0x9d001448                typeinfo for __cxxabiv1::__class_type_info
 .gnu.linkonce.r._ZTVN10__cxxabiv117__class_type_infoE._ZTVN10__cxxabiv117__class_type_infoE
                0x9d001454       0x2c d:/program files (x86)/microchip/xc32/v1.43/bin/bin/../../lib/gcc/pic32mx/4.8.3/../../../../pic32mx/lib\libsupc++.a(class_type_info.o)
                0x9d001454                vtable for __cxxabiv1::__class_type_info
 .gnu.linkonce.r._ZTSSt9exception._ZTSSt9exception
                0x9d001480       0x10 d:/program files (x86)/microchip/xc32/v1.43/bin/bin/../../lib/gcc/pic32mx/4.8.3/../../../../pic32mx/lib\libsupc++.a(eh_exception.o)
                0x9d001480                typeinfo name for std::exception
 .gnu.linkonce.r._ZTISt9exception._ZTISt9exception
                0x9d001490        0x8 d:/program files (x86)/microchip/xc32/v1.43/bin/bin/../../lib/gcc/pic32mx/4.8.3/../../../../pic32mx/lib\libsupc++.a(eh_exception.o)
                0x9d001490                typeinfo for std::exception
 .gnu.linkonce.r._ZTSSt13bad_exception._ZTSSt13bad_exception
                0x9d001498       0x14 d:/program files (x86)/microchip/xc32/v1.43/bin/bin/../../lib/gcc/pic32mx/4.8.3/../../../../pic32mx/lib\libsupc++.a(eh_exception.o)
                0x9d001498                typeinfo name for std::bad_exception
 .gnu.linkonce.r._ZTISt13bad_exception._ZTISt13bad_exception
                0x9d0014ac        0xc d:/program files (x86)/microchip/xc32/v1.43/bin/bin/../../lib/gcc/pic32mx/4.8.3/../../../../pic32mx/lib\libsupc++.a(eh_exception.o)
                0x9d0014ac                typeinfo for std::bad_exception
 .gnu.linkonce.r._ZTSN10__cxxabiv115__forced_unwindE._ZTSN10__cxxabiv115__forced_unwindE
                0x9d0014b8       0x20 d:/program files (x86)/microchip/xc32/v1.43/bin/bin/../../lib/gcc/pic32mx/4.8.3/../../../../pic32mx/lib\libsupc++.a(eh_exception.o)
                0x9d0014b8                typeinfo name for __cxxabiv1::__forced_unwind
 .gnu.linkonce.r._ZTIN10__cxxabiv115__forced_unwindE._ZTIN10__cxxabiv115__forced_unwindE
                0x9d0014d8        0x8 d:/program files (x86)/microchip/xc32/v1.43/bin/bin/../../lib/gcc/pic32mx/4.8.3/../../../../pic32mx/lib\libsupc++.a(eh_exception.o)
                0x9d0014d8                typeinfo for __cxxabiv1::__forced_unwind
 .gnu.linkonce.r._ZTSN10__cxxabiv119__foreign_exceptionE._ZTSN10__cxxabiv119__foreign_exceptionE
                0x9d0014e0       0x24 d:/program files (x86)/microchip/xc32/v1.43/bin/bin/../../lib/gcc/pic32mx/4.8.3/../../../../pic32mx/lib\libsupc++.a(eh_exception.o)
                0x9d0014e0                typeinfo name for __cxxabiv1::__foreign_exception
 .gnu.linkonce.r._ZTIN10__cxxabiv119__foreign_exceptionE._ZTIN10__cxxabiv119__foreign_exceptionE
                0x9d001504        0x8 d:/program files (x86)/microchip/xc32/v1.43/bin/bin/../../lib/gcc/pic32mx/4.8.3/../../../../pic32mx/lib\libsupc++.a(eh_exception.o)
                0x9d001504                typeinfo for __cxxabiv1::__foreign_exception
 .gnu.linkonce.r._ZTVSt9exception._ZTVSt9exception
                0x9d00150c       0x14 d:/program files (x86)/microchip/xc32/v1.43/bin/bin/../../lib/gcc/pic32mx/4.8.3/../../../../pic32mx/lib\libsupc++.a(eh_exception.o)
                0x9d00150c                vtable for std::exception
 .gnu.linkonce.r._ZTVSt13bad_exception._ZTVSt13bad_exception
                0x9d001520       0x14 d:/program files (x86)/microchip/xc32/v1.43/bin/bin/../../lib/gcc/pic32mx/4.8.3/../../../../pic32mx/lib\libsupc++.a(eh_exception.o)
                0x9d001520                vtable for std::bad_exception
 .gnu.linkonce.r._ZTVN10__cxxabiv115__forced_unwindE._ZTVN10__cxxabiv115__forced_unwindE
                0x9d001534       0x14 d:/program files (x86)/microchip/xc32/v1.43/bin/bin/../../lib/gcc/pic32mx/4.8.3/../../../../pic32mx/lib\libsupc++.a(eh_exception.o)
                0x9d001534                vtable for __cxxabiv1::__forced_unwind
 .gnu.linkonce.r._ZTVN10__cxxabiv119__foreign_exceptionE._ZTVN10__cxxabiv119__foreign_exceptionE
                0x9d001548       0x14 d:/program files (x86)/microchip/xc32/v1.43/bin/bin/../../lib/gcc/pic32mx/4.8.3/../../../../pic32mx/lib\libsupc++.a(eh_exception.o)
                0x9d001548                vtable for __cxxabiv1::__foreign_exception
 .gnu.linkonce.r._ZTSN10__cxxabiv120__si_class_type_infoE._ZTSN10__cxxabiv120__si_class_type_infoE
                0x9d00155c       0x28 d:/program files (x86)/microchip/xc32/v1.43/bin/bin/../../lib/gcc/pic32mx/4.8.3/../../../../pic32mx/lib\libsupc++.a(si_class_type_info.o)
                0x9d00155c                typeinfo name for __cxxabiv1::__si_class_type_info
 .gnu.linkonce.r._ZTIN10__cxxabiv120__si_class_type_infoE._ZTIN10__cxxabiv120__si_class_type_infoE
                0x9d001584        0xc d:/program files (x86)/microchip/xc32/v1.43/bin/bin/../../lib/gcc/pic32mx/4.8.3/../../../../pic32mx/lib\libsupc++.a(si_class_type_info.o)
                0x9d001584                typeinfo for __cxxabiv1::__si_class_type_info
 .gnu.linkonce.r._ZTVN10__cxxabiv120__si_class_type_infoE._ZTVN10__cxxabiv120__si_class_type_infoE
                0x9d001590       0x2c d:/program files (x86)/microchip/xc32/v1.43/bin/bin/../../lib/gcc/pic32mx/4.8.3/../../../../pic32mx/lib\libsupc++.a(si_class_type_info.o)
                0x9d001590                vtable for __cxxabiv1::__si_class_type_info
 .gnu.linkonce.r._ZTSSt9type_info._ZTSSt9type_info
                0x9d0015bc       0x10 d:/program files (x86)/microchip/xc32/v1.43/bin/bin/../../lib/gcc/pic32mx/4.8.3/../../../../pic32mx/lib\libsupc++.a(tinfo.o)
                0x9d0015bc                typeinfo name for std::type_info
 .gnu.linkonce.r._ZTISt9type_info._ZTISt9type_info
                0x9d0015cc        0x8 d:/program files (x86)/microchip/xc32/v1.43/bin/bin/../../lib/gcc/pic32mx/4.8.3/../../../../pic32mx/lib\libsupc++.a(tinfo.o)
                0x9d0015cc                typeinfo for std::type_info
 .gnu.linkonce.r._ZTVSt9type_info._ZTVSt9type_info
                0x9d0015d4       0x20 d:/program files (x86)/microchip/xc32/v1.43/bin/bin/../../lib/gcc/pic32mx/4.8.3/../../../../pic32mx/lib\libsupc++.a(tinfo.o)
                0x9d0015d4                vtable for std::type_info
 .gnu.linkonce.r._ZTISt11logic_error
                0x9d0015f4        0xc d:/program files (x86)/microchip/xc32/v1.43/bin/bin/../../lib/gcc/pic32mx/4.8.3/../../../../pic32mx/lib\libxcpp.a(xthrow.o)
                0x9d0015f4                typeinfo for std::logic_error
 .gnu.linkonce.r._ZTSSt11logic_error
                0x9d001600       0x10 d:/program files (x86)/microchip/xc32/v1.43/bin/bin/../../lib/gcc/pic32mx/4.8.3/../../../../pic32mx/lib\libxcpp.a(xthrow.o)
                0x9d001600                typeinfo name for std::logic_error
 .gnu.linkonce.r._ZTISt16invalid_argument
                0x9d001610        0xc d:/program files (x86)/microchip/xc32/v1.43/bin/bin/../../lib/gcc/pic32mx/4.8.3/../../../../pic32mx/lib\libxcpp.a(xthrow.o)
                0x9d001610                typeinfo for std::invalid_argument
 .gnu.linkonce.r._ZTSSt16invalid_argument
                0x9d00161c       0x18 d:/program files (x86)/microchip/xc32/v1.43/bin/bin/../../lib/gcc/pic32mx/4.8.3/../../../../pic32mx/lib\libxcpp.a(xthrow.o)
                0x9d00161c                typeinfo name for std::invalid_argument
 .gnu.linkonce.r._ZTISt12length_error
                0x9d001634        0xc d:/program files (x86)/microchip/xc32/v1.43/bin/bin/../../lib/gcc/pic32mx/4.8.3/../../../../pic32mx/lib\libxcpp.a(xthrow.o)
                0x9d001634                typeinfo for std::length_error
 .gnu.linkonce.r._ZTSSt12length_error
                0x9d001640       0x14 d:/program files (x86)/microchip/xc32/v1.43/bin/bin/../../lib/gcc/pic32mx/4.8.3/../../../../pic32mx/lib\libxcpp.a(xthrow.o)
                0x9d001640                typeinfo name for std::length_error
 .gnu.linkonce.r._ZTISt12out_of_range
                0x9d001654        0xc d:/program files (x86)/microchip/xc32/v1.43/bin/bin/../../lib/gcc/pic32mx/4.8.3/../../../../pic32mx/lib\libxcpp.a(xthrow.o)
                0x9d001654                typeinfo for std::out_of_range
 .gnu.linkonce.r._ZTSSt12out_of_range
                0x9d001660       0x14 d:/program files (x86)/microchip/xc32/v1.43/bin/bin/../../lib/gcc/pic32mx/4.8.3/../../../../pic32mx/lib\libxcpp.a(xthrow.o)
                0x9d001660                typeinfo name for std::out_of_range
 .gnu.linkonce.r._ZTISt13runtime_error
                0x9d001674        0xc d:/program files (x86)/microchip/xc32/v1.43/bin/bin/../../lib/gcc/pic32mx/4.8.3/../../../../pic32mx/lib\libxcpp.a(xthrow.o)
                0x9d001674                typeinfo for std::runtime_error
 .gnu.linkonce.r._ZTSSt13runtime_error
                0x9d001680       0x14 d:/program files (x86)/microchip/xc32/v1.43/bin/bin/../../lib/gcc/pic32mx/4.8.3/../../../../pic32mx/lib\libxcpp.a(xthrow.o)
                0x9d001680                typeinfo name for std::runtime_error
 .gnu.linkonce.r._ZTISt14overflow_error
                0x9d001694        0xc d:/program files (x86)/microchip/xc32/v1.43/bin/bin/../../lib/gcc/pic32mx/4.8.3/../../../../pic32mx/lib\libxcpp.a(xthrow.o)
                0x9d001694                typeinfo for std::overflow_error
 .gnu.linkonce.r._ZTSSt14overflow_error
                0x9d0016a0       0x14 d:/program files (x86)/microchip/xc32/v1.43/bin/bin/../../lib/gcc/pic32mx/4.8.3/../../../../pic32mx/lib\libxcpp.a(xthrow.o)
                0x9d0016a0                typeinfo name for std::overflow_error
 .gnu.linkonce.r._ZTVSt11logic_error
                0x9d0016b4       0x14 d:/program files (x86)/microchip/xc32/v1.43/bin/bin/../../lib/gcc/pic32mx/4.8.3/../../../../pic32mx/lib\libxcpp.a(xthrow.o)
                0x9d0016b4                vtable for std::logic_error
 .gnu.linkonce.r._ZTVSt16invalid_argument
                0x9d0016c8       0x14 d:/program files (x86)/microchip/xc32/v1.43/bin/bin/../../lib/gcc/pic32mx/4.8.3/../../../../pic32mx/lib\libxcpp.a(xthrow.o)
                0x9d0016c8                vtable for std::invalid_argument
 .gnu.linkonce.r._ZTVSt12length_error
                0x9d0016dc       0x14 d:/program files (x86)/microchip/xc32/v1.43/bin/bin/../../lib/gcc/pic32mx/4.8.3/../../../../pic32mx/lib\libxcpp.a(xthrow.o)
                0x9d0016dc                vtable for std::length_error
 .gnu.linkonce.r._ZTVSt12out_of_range
                0x9d0016f0       0x14 d:/program files (x86)/microchip/xc32/v1.43/bin/bin/../../lib/gcc/pic32mx/4.8.3/../../../../pic32mx/lib\libxcpp.a(xthrow.o)
                0x9d0016f0                vtable for std::out_of_range
 .gnu.linkonce.r._ZTVSt13runtime_error
                0x9d001704       0x14 d:/program files (x86)/microchip/xc32/v1.43/bin/bin/../../lib/gcc/pic32mx/4.8.3/../../../../pic32mx/lib\libxcpp.a(xthrow.o)
                0x9d001704                vtable for std::runtime_error
 .gnu.linkonce.r._ZTVSt14overflow_error
                0x9d001718       0x14 d:/program files (x86)/microchip/xc32/v1.43/bin/bin/../../lib/gcc/pic32mx/4.8.3/../../../../pic32mx/lib\libxcpp.a(xthrow.o)
                0x9d001718                vtable for std::overflow_error
 *(.rodata1)
                0x9d00172c                . = ALIGN (0x4)

.sdata2         0x9d00172c        0x0
 *(.sdata2 .sdata2.* .gnu.linkonce.s2.*)
                0x9d00172c                . = ALIGN (0x4)

.sbss2          0x9d00172c        0x0
 *(.sbss2 .sbss2.* .gnu.linkonce.sb2.*)
                0x9d00172c                . = ALIGN (0x4)

.eh_frame_hdr
 *(.eh_frame_hdr)
                0x9d00172c                . = ALIGN (0x4)

.eh_frame
 *(.eh_frame)
                0x9d00172c                . = ALIGN (0x4)

.gcc_except_table
 *(.gcc_except_table .gcc_except_table.*)
                0x9d00172c                . = ALIGN (0x4)

.dbg_data       0xa0000000        0x0
                0xa0000000                . = (. + DEFINED (_DEBUGGER)?0x200:0x0)

.jcr            0xa0000000        0x4
 *(.jcr)
 .jcr           0xa0000000        0x0 d:/program files (x86)/microchip/xc32/v1.43/bin/bin/../../lib/gcc/pic32mx/4.8.3/crtbegin.o
 .jcr           0xa0000000        0x4 d:/program files (x86)/microchip/xc32/v1.43/bin/bin/../../lib/gcc/pic32mx/4.8.3/crtend.o
                0xa0000004                . = ALIGN (0x4)

.eh_frame       0xa0000004        0x4
 *(.eh_frame)
 .eh_frame      0xa0000004        0x0 d:/program files (x86)/microchip/xc32/v1.43/bin/bin/../../lib/gcc/pic32mx/4.8.3/crtbegin.o
 .eh_frame      0xa0000004        0x4 d:/program files (x86)/microchip/xc32/v1.43/bin/bin/../../lib/gcc/pic32mx/4.8.3/crtend.o
                0xa0000008                . = ALIGN (0x4)

.gcc_except_table
                0xa0000008       0xd8
 *(.gcc_except_table .gcc_except_table.*)
 .gcc_except_table
                0xa0000008        0x6 build/default/production/src/anClassicHorizSA.o
 .gcc_except_table
                0xa000000e        0x6 build/default/production/src/anColorFlowSA.o
 .gcc_except_table
                0xa0000014        0x6 build/default/production/src/anColorRaceSA.o
 *fill*         0xa000001a        0x2 
 .gcc_except_table
                0xa000001c       0x10 build/default/production/src/anComets.o
 .gcc_except_table
                0xa000002c        0x6 build/default/production/src/anPulseFadeSA.o
 .gcc_except_table
                0xa0000032        0x6 build/default/production/src/anSplatterSA.o
 .gcc_except_table
                0xa0000038       0x1c build/default/production/src/main.o
 .gcc_except_table
                0xa0000054        0x6 build/default/production/src/npAnimation.o
 .gcc_except_table
                0xa000005a        0x6 build/default/production/src/npDisplay.o
 .gcc_except_table
                0xa0000060       0x20 d:/program files (x86)/microchip/xc32/v1.43/bin/bin/../../lib/gcc/pic32mx/4.8.3/../../../../pic32mx/lib\libsupc++.a(eh_personality.o)
 .gcc_except_table
                0xa0000080       0x10 d:/program files (x86)/microchip/xc32/v1.43/bin/bin/../../lib/gcc/pic32mx/4.8.3/../../../../pic32mx/lib\libsupc++.a(eh_terminate.o)
 .gcc_except_table
                0xa0000090       0x50 d:/program files (x86)/microchip/xc32/v1.43/bin/bin/../../lib/gcc/pic32mx/4.8.3/../../../../pic32mx/lib\libxcpp.a(xthrow.o)
                0xa00000e0                . = ALIGN (0x4)

.persist        0xa00000e0        0x0
                0xa00000e0                _persist_begin = .
 *(.persist .persist.*)
 *(.pbss .pbss.*)
                0xa00000e0                . = ALIGN (0x4)
                0xa00000e0                _persist_end = .

.data           0xa00000e0        0x0
 *(.gnu.linkonce.d.*)
 *(.data1)
                0xa00000e0                . = ALIGN (0x4)
                0xa00000e0                . = .
                0xa00080d0                _gp = (ALIGN (0x10) + 0x7ff0)

.got            0xa00000e0        0x0
 *(.got.plt)
 *(.got)
                0xa00000e0                . = ALIGN (0x4)

.sdata          0xa00000e0       0x18
                0xa00000e0                _sdata_begin = .
 *(.sdata .sdata.* .gnu.linkonce.s.*)
 .sdata         0xa00000e0        0x4 d:/program files (x86)/microchip/xc32/v1.43/bin/bin/../../lib/gcc/pic32mx/4.8.3/crtbegin.o
                0xa00000e0                __dso_handle
 .sdata         0xa00000e4        0x4 build/default/production/src/anChevrons.o
 .sdata         0xa00000e8        0x4 build/default/production/src/fft.o
                0xa00000e8                log2N
 .sdata         0xa00000ec        0x4 build/default/production/src/main.o
                0xa00000ec                T4Period
 .sdata._ZN10__cxxabiv120__unexpected_handlerE.__unexpected_handler
                0xa00000f0        0x4 d:/program files (x86)/microchip/xc32/v1.43/bin/bin/../../lib/gcc/pic32mx/4.8.3/../../../../pic32mx/lib\libsupc++.a(eh_unex_handler.o)
                0xa00000f0                __cxxabiv1::__unexpected_handler
 .sdata._ZN10__cxxabiv119__terminate_handlerE.__terminate_handler
                0xa00000f4        0x4 d:/program files (x86)/microchip/xc32/v1.43/bin/bin/../../lib/gcc/pic32mx/4.8.3/../../../../pic32mx/lib\libsupc++.a(eh_term_handler.o)
                0xa00000f4                __cxxabiv1::__terminate_handler
                0xa00000f8                . = ALIGN (0x4)
                0xa00000f8                _sdata_end = .

.lit8
 *(.lit8)

.lit4
 *(.lit4)
                0xa00000f8                . = ALIGN (0x4)
                0xa00000f8                _data_end = .
                0xa00000f8                _bss_begin = .

.sbss           0xa00000f8       0x48
                0xa00000f8                _sbss_begin = .
 *(.dynsbss)
 *(.sbss .sbss.* .gnu.linkonce.sb.*)
 .sbss          0xa00000f8        0xc build/default/production/src/anChevrons.o
 .sbss          0xa0000104        0x4 build/default/production/src/anRainbowChaser.o
 .sbss          0xa0000108        0x8 build/default/production/src/fft.o
                0xa0000108                analyzerRun
                0xa0000109                newSample
                0xa000010c                sampleIndex
 .sbss          0xa0000110       0x10 build/default/production/src/io.o
                0xa0000110                lcdReadBuffer
                0xa0000118                isReadPacket
                0xa000011c                uartBytesRead
 .sbss          0xa0000120        0xc build/default/production/src/main.o
                0xa0000120                _1_ms_tick
                0xa0000124                ticks
                0xa0000128                t2Ticks
 .sbss._ZL15dependents_used.dependents_used
                0xa000012c        0x4 d:/program files (x86)/microchip/xc32/v1.43/bin/bin/../../lib/gcc/pic32mx/4.8.3/../../../../pic32mx/lib\libsupc++.a(eh_alloc.o)
 .sbss._ZL14emergency_used.emergency_used
                0xa0000130        0x4 d:/program files (x86)/microchip/xc32/v1.43/bin/bin/../../lib/gcc/pic32mx/4.8.3/../../../../pic32mx/lib\libsupc++.a(eh_alloc.o)
 .sbss._ZL10eh_globals.eh_globals
                0xa0000134        0x8 d:/program files (x86)/microchip/xc32/v1.43/bin/bin/../../lib/gcc/pic32mx/4.8.3/../../../../pic32mx/lib\libsupc++.a(eh_globals.o)
 .sbss.__new_handler.__new_handler
                0xa000013c        0x4 d:/program files (x86)/microchip/xc32/v1.43/bin/bin/../../lib/gcc/pic32mx/4.8.3/../../../../pic32mx/lib\libsupc++.a(new_handler.o)
                0xa000013c                __new_handler
 *(.scommon)
                0xa0000140                _sbss_end = .
                0xa0000140                . = ALIGN (0x4)

.bss            0xa0000140        0x0
 *(.dynbss)
 *(COMMON)
                0xa0000140                . = ALIGN ((. != 0x0)?0x4:0x1)
                0xa0000140                . = ALIGN (0x4)
                0xa0000140                _end = .
                0xa0000140                _bss_end = .
                0x00020000                _bmxdudba_address = 0x20000
                0x00020000                _bmxdupba_address = 0x20000

/DISCARD/
 *(.pdr)
 *(.rel.dyn)
 *(.note.GNU-stack)
 *(.note.GNU-stack)
 *(.gnu_debuglink)
 *(.gnu.lto_*)
 *(.discard)

.gptab.sdata
 *(.gptab.data)
 *(.gptab.sdata)

.gptab.sbss
 *(.gptab.bss)
 *(.gptab.sbss)

.mdebug.abi32   0xa0000140        0x0
 *(.mdebug.abi32)
 .mdebug.abi32  0xa0000140        0x0 d:/program files (x86)/microchip/xc32/v1.43/bin/bin/../../lib/gcc/pic32mx/4.8.3/crtbegin.o
 .mdebug.abi32  0xa0000140        0x0 build/default/production/src/anChevrons.o
 .mdebug.abi32  0xa0000140        0x0 build/default/production/src/anClassicHorizSA.o
 .mdebug.abi32  0xa0000140        0x0 build/default/production/src/anColorFlowSA.o
 .mdebug.abi32  0xa0000140        0x0 build/default/production/src/anColorRaceSA.o
 .mdebug.abi32  0xa0000140        0x0 build/default/production/src/anComets.o
 .mdebug.abi32  0xa0000140        0x0 build/default/production/src/anFadeMiddle.o
 .mdebug.abi32  0xa0000140        0x0 build/default/production/src/anPulseFadeSA.o
 .mdebug.abi32  0xa0000140        0x0 build/default/production/src/anRain.o
 .mdebug.abi32  0xa0000140        0x0 build/default/production/src/anRainbowChaser.o
 .mdebug.abi32  0xa0000140        0x0 build/default/production/src/anSplatterSA.o
 .mdebug.abi32  0xa0000140        0x0 build/default/production/src/counter.o
 .mdebug.abi32  0xa0000140        0x0 build/default/production/src/fft.o
 .mdebug.abi32  0xa0000140        0x0 build/default/production/src/io.o
 .mdebug.abi32  0xa0000140        0x0 build/default/production/src/main.o
 .mdebug.abi32  0xa0000140        0x0 build/default/production/src/Neopixel.o
 .mdebug.abi32  0xa0000140        0x0 build/default/production/src/npAnimation.o
 .mdebug.abi32  0xa0000140        0x0 build/default/production/src/npDisplay.o
 .mdebug.abi32  0xa0000140        0x0 build/default/production/src/pixel.o
 .mdebug.abi32  0xa0000140        0x0 build/default/production/src/rgbColor.o
 .mdebug.abi32  0xa0000140        0x0 build/default/production/src/sprite.o
 .mdebug.abi32  0xa0000140        0x0 d:/program files (x86)/microchip/xc32/v1.43/bin/bin/../../lib/gcc/pic32mx/4.8.3/../../../../pic32mx/lib\libsupc++.a(class_type_info.o)
 .mdebug.abi32  0xa0000140        0x0 d:/program files (x86)/microchip/xc32/v1.43/bin/bin/../../lib/gcc/pic32mx/4.8.3/../../../../pic32mx/lib\libsupc++.a(del_op.o)
 .mdebug.abi32  0xa0000140        0x0 d:/program files (x86)/microchip/xc32/v1.43/bin/bin/../../lib/gcc/pic32mx/4.8.3/../../../../pic32mx/lib\libsupc++.a(eh_alloc.o)
 .mdebug.abi32  0xa0000140        0x0 d:/program files (x86)/microchip/xc32/v1.43/bin/bin/../../lib/gcc/pic32mx/4.8.3/../../../../pic32mx/lib\libsupc++.a(eh_catch.o)
 .mdebug.abi32  0xa0000140        0x0 d:/program files (x86)/microchip/xc32/v1.43/bin/bin/../../lib/gcc/pic32mx/4.8.3/../../../../pic32mx/lib\libsupc++.a(eh_exception.o)
 .mdebug.abi32  0xa0000140        0x0 d:/program files (x86)/microchip/xc32/v1.43/bin/bin/../../lib/gcc/pic32mx/4.8.3/../../../../pic32mx/lib\libsupc++.a(eh_globals.o)
 .mdebug.abi32  0xa0000140        0x0 d:/program files (x86)/microchip/xc32/v1.43/bin/bin/../../lib/gcc/pic32mx/4.8.3/../../../../pic32mx/lib\libsupc++.a(eh_personality.o)
 .mdebug.abi32  0xa0000140        0x0 d:/program files (x86)/microchip/xc32/v1.43/bin/bin/../../lib/gcc/pic32mx/4.8.3/../../../../pic32mx/lib\libsupc++.a(eh_terminate.o)
 .mdebug.abi32  0xa0000140        0x0 d:/program files (x86)/microchip/xc32/v1.43/bin/bin/../../lib/gcc/pic32mx/4.8.3/../../../../pic32mx/lib\libsupc++.a(eh_throw.o)
 .mdebug.abi32  0xa0000140        0x0 d:/program files (x86)/microchip/xc32/v1.43/bin/bin/../../lib/gcc/pic32mx/4.8.3/../../../../pic32mx/lib\libsupc++.a(eh_unex_handler.o)
 .mdebug.abi32  0xa0000140        0x0 d:/program files (x86)/microchip/xc32/v1.43/bin/bin/../../lib/gcc/pic32mx/4.8.3/../../../../pic32mx/lib\libsupc++.a(new_op.o)
 .mdebug.abi32  0xa0000140        0x0 d:/program files (x86)/microchip/xc32/v1.43/bin/bin/../../lib/gcc/pic32mx/4.8.3/../../../../pic32mx/lib\libsupc++.a(si_class_type_info.o)
 .mdebug.abi32  0xa0000140        0x0 d:/program files (x86)/microchip/xc32/v1.43/bin/bin/../../lib/gcc/pic32mx/4.8.3/../../../../pic32mx/lib\libsupc++.a(tinfo.o)
 .mdebug.abi32  0xa0000140        0x0 d:/program files (x86)/microchip/xc32/v1.43/bin/bin/../../lib/gcc/pic32mx/4.8.3/../../../../pic32mx/lib\libsupc++.a(pure.o)
 .mdebug.abi32  0xa0000140        0x0 d:/program files (x86)/microchip/xc32/v1.43/bin/bin/../../lib/gcc/pic32mx/4.8.3/../../../../pic32mx/lib\libsupc++.a(eh_call.o)
 .mdebug.abi32  0xa0000140        0x0 d:/program files (x86)/microchip/xc32/v1.43/bin/bin/../../lib/gcc/pic32mx/4.8.3/../../../../pic32mx/lib\libsupc++.a(eh_term_handler.o)
 .mdebug.abi32  0xa0000140        0x0 d:/program files (x86)/microchip/xc32/v1.43/bin/bin/../../lib/gcc/pic32mx/4.8.3/../../../../pic32mx/lib\libsupc++.a(new_handler.o)
 .mdebug.abi32  0xa0000140        0x0 d:/program files (x86)/microchip/xc32/v1.43/bin/bin/../../lib/gcc/pic32mx/4.8.3/../../../../pic32mx/lib\libmchp_peripheral_32MX795F512L.a(pcache.o)
 .mdebug.abi32  0xa0000140        0x0 d:/program files (x86)/microchip/xc32/v1.43/bin/bin/../../lib/gcc/pic32mx/4.8.3/../../../../pic32mx/lib\libmchp_peripheral_32MX795F512L.a(int_enable_interrupts_lib.o)
 .mdebug.abi32  0xa0000140        0x0 d:/program files (x86)/microchip/xc32/v1.43/bin/bin/../../lib/gcc/pic32mx/4.8.3/../../../../pic32mx/lib\libmchp_peripheral_32MX795F512L.a(int_disable_interrupts_lib.o)
 .mdebug.abi32  0xa0000140        0x0 d:/program files (x86)/microchip/xc32/v1.43/bin/bin/../../lib/gcc/pic32mx/4.8.3/../../../../pic32mx/lib\libmchp_peripheral_32MX795F512L.a(int_restore_interrupts_lib.o)
 .mdebug.abi32  0xa0000140        0x0 d:/program files (x86)/microchip/xc32/v1.43/bin/bin/../../lib/gcc/pic32mx/4.8.3/../../../../pic32mx/lib\libmchp_peripheral_32MX795F512L.a(int_enable_mv_int_lib.o)
 .mdebug.abi32  0xa0000140        0x0 d:/program files (x86)/microchip/xc32/v1.43/bin/bin/../../lib/gcc/pic32mx/4.8.3\libgcc.a(_ucmpdi2.o)
 .mdebug.abi32  0xa0000140        0x0 d:/program files (x86)/microchip/xc32/v1.43/bin/bin/../../lib/gcc/pic32mx/4.8.3\libgcc.a(floatunsisf.o)
 .mdebug.abi32  0xa0000140        0x0 d:/program files (x86)/microchip/xc32/v1.43/bin/bin/../../lib/gcc/pic32mx/4.8.3\libgcc.a(unwind-sjlj.o)
 .mdebug.abi32  0xa0000140        0x0 d:/program files (x86)/microchip/xc32/v1.43/bin/bin/../../lib/gcc/pic32mx/4.8.3/../../../../pic32mx/lib\libpic32.a(default-bootstrap-exception-handler.o)
 .mdebug.abi32  0xa0000140        0x0 d:/program files (x86)/microchip/xc32/v1.43/bin/bin/../../lib/gcc/pic32mx/4.8.3/../../../../pic32mx/lib\libpic32.a(default-on-reset.o)
 .mdebug.abi32  0xa0000140        0x0 d:/program files (x86)/microchip/xc32/v1.43/bin/bin/../../lib/gcc/pic32mx/4.8.3/../../../../pic32mx/lib\libpic32.a(default-on-bootstrap.o)
 .mdebug.abi32  0xa0000140        0x0 d:/program files (x86)/microchip/xc32/v1.43/bin/bin/../../lib/gcc/pic32mx/4.8.3/../../../../pic32mx/lib\libpic32.a(default-general-exception-handler.o)
 .mdebug.abi32  0xa0000140        0x0 d:/program files (x86)/microchip/xc32/v1.43/bin/bin/../../lib/gcc/pic32mx/4.8.3/../../../../pic32mx/lib\libpic32.a(defaultinterrupt.o)
 .mdebug.abi32  0xa0000140        0x0 d:/program files (x86)/microchip/xc32/v1.43/bin/bin/../../lib/gcc/pic32mx/4.8.3/../../../../pic32mx/lib\libxcpp.a(xthrow.o)
 .mdebug.abi32  0xa0000140        0x0 d:/program files (x86)/microchip/xc32/v1.43/bin/bin/../../lib/gcc/pic32mx/4.8.3/../../../../pic32mx/lib\libxcpp.a(abort.o)
 .mdebug.abi32  0xa0000140        0x0 d:/program files (x86)/microchip/xc32/v1.43/bin/bin/../../lib/gcc/pic32mx/4.8.3/../../../../pic32mx/lib\libxcpp.a(abs.o)
 .mdebug.abi32  0xa0000140        0x0 d:/program files (x86)/microchip/xc32/v1.43/bin/bin/../../lib/gcc/pic32mx/4.8.3/../../../../pic32mx/lib\libxcpp.a(exit.o)
 .mdebug.abi32  0xa0000140        0x0 d:/program files (x86)/microchip/xc32/v1.43/bin/bin/../../lib/gcc/pic32mx/4.8.3/../../../../pic32mx/lib\libxcpp.a(free.o)
 .mdebug.abi32  0xa0000140        0x0 d:/program files (x86)/microchip/xc32/v1.43/bin/bin/../../lib/gcc/pic32mx/4.8.3/../../../../pic32mx/lib\libxcpp.a(malloc.o)
 .mdebug.abi32  0xa0000140        0x0 d:/program files (x86)/microchip/xc32/v1.43/bin/bin/../../lib/gcc/pic32mx/4.8.3/../../../../pic32mx/lib\libxcpp.a(memcpy.o)
 .mdebug.abi32  0xa0000140        0x0 d:/program files (x86)/microchip/xc32/v1.43/bin/bin/../../lib/gcc/pic32mx/4.8.3/../../../../pic32mx/lib\libxcpp.a(memmove.o)
 .mdebug.abi32  0xa0000140        0x0 d:/program files (x86)/microchip/xc32/v1.43/bin/bin/../../lib/gcc/pic32mx/4.8.3/../../../../pic32mx/lib\libxcpp.a(raise.o)
 .mdebug.abi32  0xa0000140        0x0 d:/program files (x86)/microchip/xc32/v1.43/bin/bin/../../lib/gcc/pic32mx/4.8.3/../../../../pic32mx/lib\libxcpp.a(rand.o)
 .mdebug.abi32  0xa0000140        0x0 d:/program files (x86)/microchip/xc32/v1.43/bin/bin/../../lib/gcc/pic32mx/4.8.3/../../../../pic32mx/lib\libxcpp.a(roundf.o)
 .mdebug.abi32  0xa0000140        0x0 d:/program files (x86)/microchip/xc32/v1.43/bin/bin/../../lib/gcc/pic32mx/4.8.3/../../../../pic32mx/lib\libxcpp.a(sqrtf.o)
 .mdebug.abi32  0xa0000140        0x0 d:/program files (x86)/microchip/xc32/v1.43/bin/bin/../../lib/gcc/pic32mx/4.8.3/../../../../pic32mx/lib\libxcpp.a(srand.o)
 .mdebug.abi32  0xa0000140        0x0 d:/program files (x86)/microchip/xc32/v1.43/bin/bin/../../lib/gcc/pic32mx/4.8.3/../../../../pic32mx/lib\libxcpp.a(strlen.o)
 .mdebug.abi32  0xa0000140        0x0 d:/program files (x86)/microchip/xc32/v1.43/bin/bin/../../lib/gcc/pic32mx/4.8.3/../../../../pic32mx/lib\libxcpp.a(xexit.o)
 .mdebug.abi32  0xa0000140        0x0 d:/program files (x86)/microchip/xc32/v1.43/bin/bin/../../lib/gcc/pic32mx/4.8.3/../../../../pic32mx/lib\libxcpp.a(xfdint.o)
 .mdebug.abi32  0xa0000140        0x0 d:/program files (x86)/microchip/xc32/v1.43/bin/bin/../../lib/gcc/pic32mx/4.8.3/../../../../pic32mx/lib\libxcpp.a(xfdscale.o)
 .mdebug.abi32  0xa0000140        0x0 d:/program files (x86)/microchip/xc32/v1.43/bin/bin/../../lib/gcc/pic32mx/4.8.3/../../../../pic32mx/lib\libxcpp.a(xfdunsca.o)
 .mdebug.abi32  0xa0000140        0x0 d:/program files (x86)/microchip/xc32/v1.43/bin/bin/../../lib/gcc/pic32mx/4.8.3/../../../../pic32mx/lib\libxcpp.a(xferaise.o)
 .mdebug.abi32  0xa0000140        0x0 d:/program files (x86)/microchip/xc32/v1.43/bin/bin/../../lib/gcc/pic32mx/4.8.3/../../../../pic32mx/lib\libxcpp.a(xfvalues.o)
 .mdebug.abi32  0xa0000140        0x0 d:/program files (x86)/microchip/xc32/v1.43/bin/bin/../../lib/gcc/pic32mx/4.8.3/../../../../pic32mx/lib\libxcpp.a(xgetmem.o)
 .mdebug.abi32  0xa0000140        0x0 d:/program files (x86)/microchip/xc32/v1.43/bin/bin/../../lib/gcc/pic32mx/4.8.3/../../../../pic32mx/lib\libxcpp.a(feraiseexcept.o)
 .mdebug.abi32  0xa0000140        0x0 d:/program files (x86)/microchip/xc32/v1.43/bin/bin/../../lib/gcc/pic32mx/4.8.3/../../../../pic32mx/lib\libxcpp.a(errno.o)
 .mdebug.abi32  0xa0000140        0x0 d:/program files (x86)/microchip/xc32/v1.43/bin/bin/../../lib/gcc/pic32mx/4.8.3/../../../../pic32mx/lib\libxcpp.a(xfdnorm.o)
 .mdebug.abi32  0xa0000140        0x0 d:/program files (x86)/microchip/xc32/v1.43/bin/bin/../../lib/gcc/pic32mx/4.8.3/../../../../pic32mx/lib\libpic32.a(sbrk.o)
 .mdebug.abi32  0xa0000140        0x0 d:/program files (x86)/microchip/xc32/v1.43/bin/bin/../../lib/gcc/pic32mx/4.8.3/../../../../pic32mx/lib\libpic32.a(_exit.o)
 .mdebug.abi32  0xa0000140        0x0 d:/program files (x86)/microchip/xc32/v1.43/bin/bin/../../lib/gcc/pic32mx/4.8.3/../../../../pic32mx/lib\libpic32.a(kill.o)
 .mdebug.abi32  0xa0000140        0x0 d:/program files (x86)/microchip/xc32/v1.43/bin/bin/../../lib/gcc/pic32mx/4.8.3/../../../../pic32mx/lib\libpic32.a(getpid.o)
 .mdebug.abi32  0xa0000140        0x0 d:/program files (x86)/microchip/xc32/v1.43/bin/bin/../../lib/gcc/pic32mx/4.8.3/../../../../pic32mx/lib\libpic32.a(errno.o)
 .mdebug.abi32  0xa0000140        0x0 d:/program files (x86)/microchip/xc32/v1.43/bin/bin/../../lib/gcc/pic32mx/4.8.3/../../../../pic32mx/lib\libdsp.a(fft16c256.o)
 .mdebug.abi32  0xa0000140        0x0 d:/program files (x86)/microchip/xc32/v1.43/bin/bin/../../lib/gcc/pic32mx/4.8.3/crtend.o

.mdebug.abiN32
 *(.mdebug.abiN32)

.mdebug.abi64
 *(.mdebug.abi64)

.mdebug.abiO64
 *(.mdebug.abiO64)

.mdebug.eabi32
 *(.mdebug.eabi32)

.mdebug.eabi64
 *(.mdebug.eabi64)

.gcc_compiled_long32
 *(.gcc_compiled_long32)

.gcc_compiled_long64
 *(.gcc_compiled_long64)

.stab
 *(.stab)

.stabstr
 *(.stabstr)

.stab.excl
 *(.stab.excl)

.stab.exclstr
 *(.stab.exclstr)

.stab.index
 *(.stab.index)

.stab.indexstr
 *(.stab.indexstr)

.comment        0x00000000       0xf4
 *(.comment)
 .comment       0x00000000       0x3c d:/program files (x86)/microchip/xc32/v1.43/bin/bin/../../lib/gcc/pic32mx/4.8.3/crtbegin.o
                                 0x3d (size before relaxing)
 .comment       0x00000000       0x3d build/default/production/src/anChevrons.o
 .comment       0x00000000       0x3d build/default/production/src/anClassicHorizSA.o
 .comment       0x00000000       0x3d build/default/production/src/anColorFlowSA.o
 .comment       0x00000000       0x3d build/default/production/src/anColorRaceSA.o
 .comment       0x00000000       0x3d build/default/production/src/anComets.o
 .comment       0x00000000       0x3d build/default/production/src/anFadeMiddle.o
 .comment       0x00000000       0x3d build/default/production/src/anPulseFadeSA.o
 .comment       0x00000000       0x3d build/default/production/src/anRain.o
 .comment       0x00000000       0x3d build/default/production/src/anRainbowChaser.o
 .comment       0x00000000       0x3d build/default/production/src/anSplatterSA.o
 .comment       0x00000000       0x3d build/default/production/src/counter.o
 .comment       0x00000000       0x3d build/default/production/src/fft.o
 .comment       0x00000000       0x3d build/default/production/src/io.o
 .comment       0x00000000       0x3d build/default/production/src/main.o
 .comment       0x00000000       0x3d build/default/production/src/Neopixel.o
 .comment       0x00000000       0x3d build/default/production/src/npAnimation.o
 .comment       0x00000000       0x3d build/default/production/src/npDisplay.o
 .comment       0x00000000       0x3d build/default/production/src/pixel.o
 .comment       0x00000000       0x3d build/default/production/src/rgbColor.o
 .comment       0x00000000       0x3d build/default/production/src/sprite.o
 .comment       0x00000000       0x3d d:/program files (x86)/microchip/xc32/v1.43/bin/bin/../../lib/gcc/pic32mx/4.8.3/../../../../pic32mx/lib\libsupc++.a(class_type_info.o)
 .comment       0x00000000       0x3d d:/program files (x86)/microchip/xc32/v1.43/bin/bin/../../lib/gcc/pic32mx/4.8.3/../../../../pic32mx/lib\libsupc++.a(del_op.o)
 .comment       0x00000000       0x3d d:/program files (x86)/microchip/xc32/v1.43/bin/bin/../../lib/gcc/pic32mx/4.8.3/../../../../pic32mx/lib\libsupc++.a(eh_alloc.o)
 .comment       0x00000000       0x3d d:/program files (x86)/microchip/xc32/v1.43/bin/bin/../../lib/gcc/pic32mx/4.8.3/../../../../pic32mx/lib\libsupc++.a(eh_catch.o)
 .comment       0x00000000       0x3d d:/program files (x86)/microchip/xc32/v1.43/bin/bin/../../lib/gcc/pic32mx/4.8.3/../../../../pic32mx/lib\libsupc++.a(eh_exception.o)
 .comment       0x00000000       0x3d d:/program files (x86)/microchip/xc32/v1.43/bin/bin/../../lib/gcc/pic32mx/4.8.3/../../../../pic32mx/lib\libsupc++.a(eh_globals.o)
 .comment       0x00000000       0x3d d:/program files (x86)/microchip/xc32/v1.43/bin/bin/../../lib/gcc/pic32mx/4.8.3/../../../../pic32mx/lib\libsupc++.a(eh_personality.o)
 .comment       0x00000000       0x3d d:/program files (x86)/microchip/xc32/v1.43/bin/bin/../../lib/gcc/pic32mx/4.8.3/../../../../pic32mx/lib\libsupc++.a(eh_terminate.o)
 .comment       0x00000000       0x3d d:/program files (x86)/microchip/xc32/v1.43/bin/bin/../../lib/gcc/pic32mx/4.8.3/../../../../pic32mx/lib\libsupc++.a(eh_throw.o)
 .comment       0x00000000       0x3d d:/program files (x86)/microchip/xc32/v1.43/bin/bin/../../lib/gcc/pic32mx/4.8.3/../../../../pic32mx/lib\libsupc++.a(eh_unex_handler.o)
 .comment       0x00000000       0x3d d:/program files (x86)/microchip/xc32/v1.43/bin/bin/../../lib/gcc/pic32mx/4.8.3/../../../../pic32mx/lib\libsupc++.a(new_op.o)
 .comment       0x00000000       0x3d d:/program files (x86)/microchip/xc32/v1.43/bin/bin/../../lib/gcc/pic32mx/4.8.3/../../../../pic32mx/lib\libsupc++.a(si_class_type_info.o)
 .comment       0x00000000       0x3d d:/program files (x86)/microchip/xc32/v1.43/bin/bin/../../lib/gcc/pic32mx/4.8.3/../../../../pic32mx/lib\libsupc++.a(tinfo.o)
 .comment       0x00000000       0x3d d:/program files (x86)/microchip/xc32/v1.43/bin/bin/../../lib/gcc/pic32mx/4.8.3/../../../../pic32mx/lib\libsupc++.a(pure.o)
 .comment       0x00000000       0x3d d:/program files (x86)/microchip/xc32/v1.43/bin/bin/../../lib/gcc/pic32mx/4.8.3/../../../../pic32mx/lib\libsupc++.a(eh_call.o)
 .comment       0x00000000       0x3d d:/program files (x86)/microchip/xc32/v1.43/bin/bin/../../lib/gcc/pic32mx/4.8.3/../../../../pic32mx/lib\libsupc++.a(eh_term_handler.o)
 .comment       0x00000000       0x3d d:/program files (x86)/microchip/xc32/v1.43/bin/bin/../../lib/gcc/pic32mx/4.8.3/../../../../pic32mx/lib\libsupc++.a(new_handler.o)
 .comment       0x0000003c       0x3c d:/program files (x86)/microchip/xc32/v1.43/bin/bin/../../lib/gcc/pic32mx/4.8.3/../../../../pic32mx/lib\libmchp_peripheral_32MX795F512L.a(pcache.o)
                                 0x3d (size before relaxing)
 .comment       0x00000000       0x3d d:/program files (x86)/microchip/xc32/v1.43/bin/bin/../../lib/gcc/pic32mx/4.8.3/../../../../pic32mx/lib\libmchp_peripheral_32MX795F512L.a(int_enable_interrupts_lib.o)
 .comment       0x00000000       0x3d d:/program files (x86)/microchip/xc32/v1.43/bin/bin/../../lib/gcc/pic32mx/4.8.3/../../../../pic32mx/lib\libmchp_peripheral_32MX795F512L.a(int_disable_interrupts_lib.o)
 .comment       0x00000000       0x3d d:/program files (x86)/microchip/xc32/v1.43/bin/bin/../../lib/gcc/pic32mx/4.8.3/../../../../pic32mx/lib\libmchp_peripheral_32MX795F512L.a(int_restore_interrupts_lib.o)
 .comment       0x00000000       0x3d d:/program files (x86)/microchip/xc32/v1.43/bin/bin/../../lib/gcc/pic32mx/4.8.3/../../../../pic32mx/lib\libmchp_peripheral_32MX795F512L.a(int_enable_mv_int_lib.o)
 .comment       0x00000000       0x3d d:/program files (x86)/microchip/xc32/v1.43/bin/bin/../../lib/gcc/pic32mx/4.8.3\libgcc.a(_ucmpdi2.o)
 .comment       0x00000000       0x3d d:/program files (x86)/microchip/xc32/v1.43/bin/bin/../../lib/gcc/pic32mx/4.8.3\libgcc.a(floatunsisf.o)
 .comment       0x00000000       0x3d d:/program files (x86)/microchip/xc32/v1.43/bin/bin/../../lib/gcc/pic32mx/4.8.3\libgcc.a(unwind-sjlj.o)
 .comment       0x00000078       0x18 d:/program files (x86)/microchip/xc32/v1.43/bin/bin/../../lib/gcc/pic32mx/4.8.3/../../../../pic32mx/lib\libpic32.a(memset.o)
                                 0x19 (size before relaxing)
 .comment       0x00000090       0x19 d:/program files (x86)/microchip/xc32/v1.43/bin/bin/../../lib/gcc/pic32mx/4.8.3/../../../../pic32mx/lib\libpic32.a(strcmp.o)
                                 0x1a (size before relaxing)
 .comment       0x00000000       0x3d d:/program files (x86)/microchip/xc32/v1.43/bin/bin/../../lib/gcc/pic32mx/4.8.3/../../../../pic32mx/lib\libpic32.a(default-bootstrap-exception-handler.o)
 .comment       0x00000000       0x3d d:/program files (x86)/microchip/xc32/v1.43/bin/bin/../../lib/gcc/pic32mx/4.8.3/../../../../pic32mx/lib\libpic32.a(default-on-reset.o)
 .comment       0x00000000       0x3d d:/program files (x86)/microchip/xc32/v1.43/bin/bin/../../lib/gcc/pic32mx/4.8.3/../../../../pic32mx/lib\libpic32.a(default-on-bootstrap.o)
 .comment       0x00000000       0x3d d:/program files (x86)/microchip/xc32/v1.43/bin/bin/../../lib/gcc/pic32mx/4.8.3/../../../../pic32mx/lib\libpic32.a(default-general-exception-handler.o)
 .comment       0x00000000       0x3d d:/program files (x86)/microchip/xc32/v1.43/bin/bin/../../lib/gcc/pic32mx/4.8.3/../../../../pic32mx/lib\libpic32.a(defaultinterrupt.o)
 .comment       0x00000000       0x3d d:/program files (x86)/microchip/xc32/v1.43/bin/bin/../../lib/gcc/pic32mx/4.8.3/../../../../pic32mx/lib\libxcpp.a(xthrow.o)
 .comment       0x00000000       0x3d d:/program files (x86)/microchip/xc32/v1.43/bin/bin/../../lib/gcc/pic32mx/4.8.3/../../../../pic32mx/lib\libxcpp.a(abort.o)
 .comment       0x00000000       0x3d d:/program files (x86)/microchip/xc32/v1.43/bin/bin/../../lib/gcc/pic32mx/4.8.3/../../../../pic32mx/lib\libxcpp.a(abs.o)
 .comment       0x00000000       0x3d d:/program files (x86)/microchip/xc32/v1.43/bin/bin/../../lib/gcc/pic32mx/4.8.3/../../../../pic32mx/lib\libxcpp.a(exit.o)
 .comment       0x00000000       0x3d d:/program files (x86)/microchip/xc32/v1.43/bin/bin/../../lib/gcc/pic32mx/4.8.3/../../../../pic32mx/lib\libxcpp.a(free.o)
 .comment       0x00000000       0x3d d:/program files (x86)/microchip/xc32/v1.43/bin/bin/../../lib/gcc/pic32mx/4.8.3/../../../../pic32mx/lib\libxcpp.a(malloc.o)
 .comment       0x00000000       0x3d d:/program files (x86)/microchip/xc32/v1.43/bin/bin/../../lib/gcc/pic32mx/4.8.3/../../../../pic32mx/lib\libxcpp.a(memcpy.o)
 .comment       0x00000000       0x3d d:/program files (x86)/microchip/xc32/v1.43/bin/bin/../../lib/gcc/pic32mx/4.8.3/../../../../pic32mx/lib\libxcpp.a(memmove.o)
 .comment       0x00000000       0x3d d:/program files (x86)/microchip/xc32/v1.43/bin/bin/../../lib/gcc/pic32mx/4.8.3/../../../../pic32mx/lib\libxcpp.a(raise.o)
 .comment       0x00000000       0x3d d:/program files (x86)/microchip/xc32/v1.43/bin/bin/../../lib/gcc/pic32mx/4.8.3/../../../../pic32mx/lib\libxcpp.a(rand.o)
 .comment       0x00000000       0x3d d:/program files (x86)/microchip/xc32/v1.43/bin/bin/../../lib/gcc/pic32mx/4.8.3/../../../../pic32mx/lib\libxcpp.a(roundf.o)
 .comment       0x00000000       0x3d d:/program files (x86)/microchip/xc32/v1.43/bin/bin/../../lib/gcc/pic32mx/4.8.3/../../../../pic32mx/lib\libxcpp.a(sqrtf.o)
 .comment       0x00000000       0x3d d:/program files (x86)/microchip/xc32/v1.43/bin/bin/../../lib/gcc/pic32mx/4.8.3/../../../../pic32mx/lib\libxcpp.a(srand.o)
 .comment       0x00000000       0x3d d:/program files (x86)/microchip/xc32/v1.43/bin/bin/../../lib/gcc/pic32mx/4.8.3/../../../../pic32mx/lib\libxcpp.a(strlen.o)
 .comment       0x00000000       0x3d d:/program files (x86)/microchip/xc32/v1.43/bin/bin/../../lib/gcc/pic32mx/4.8.3/../../../../pic32mx/lib\libxcpp.a(xexit.o)
 .comment       0x00000000       0x3d d:/program files (x86)/microchip/xc32/v1.43/bin/bin/../../lib/gcc/pic32mx/4.8.3/../../../../pic32mx/lib\libxcpp.a(xfdint.o)
 .comment       0x00000000       0x3d d:/program files (x86)/microchip/xc32/v1.43/bin/bin/../../lib/gcc/pic32mx/4.8.3/../../../../pic32mx/lib\libxcpp.a(xfdscale.o)
 .comment       0x00000000       0x3d d:/program files (x86)/microchip/xc32/v1.43/bin/bin/../../lib/gcc/pic32mx/4.8.3/../../../../pic32mx/lib\libxcpp.a(xfdunsca.o)
 .comment       0x00000000       0x3d d:/program files (x86)/microchip/xc32/v1.43/bin/bin/../../lib/gcc/pic32mx/4.8.3/../../../../pic32mx/lib\libxcpp.a(xferaise.o)
 .comment       0x00000000       0x3d d:/program files (x86)/microchip/xc32/v1.43/bin/bin/../../lib/gcc/pic32mx/4.8.3/../../../../pic32mx/lib\libxcpp.a(xfvalues.o)
 .comment       0x00000000       0x3d d:/program files (x86)/microchip/xc32/v1.43/bin/bin/../../lib/gcc/pic32mx/4.8.3/../../../../pic32mx/lib\libxcpp.a(xgetmem.o)
 .comment       0x00000000       0x3d d:/program files (x86)/microchip/xc32/v1.43/bin/bin/../../lib/gcc/pic32mx/4.8.3/../../../../pic32mx/lib\libxcpp.a(feraiseexcept.o)
 .comment       0x00000000       0x3d d:/program files (x86)/microchip/xc32/v1.43/bin/bin/../../lib/gcc/pic32mx/4.8.3/../../../../pic32mx/lib\libxcpp.a(errno.o)
 .comment       0x00000000       0x3d d:/program files (x86)/microchip/xc32/v1.43/bin/bin/../../lib/gcc/pic32mx/4.8.3/../../../../pic32mx/lib\libxcpp.a(xfdnorm.o)
 .comment       0x000000a9       0x4b d:/program files (x86)/microchip/xc32/v1.43/bin/bin/../../lib/gcc/pic32mx/4.8.3/../../../../pic32mx/lib\libpic32.a(sbrk.o)
                                 0x88 (size before relaxing)
 .comment       0x00000000       0x3d d:/program files (x86)/microchip/xc32/v1.43/bin/bin/../../lib/gcc/pic32mx/4.8.3/../../../../pic32mx/lib\libpic32.a(_exit.o)
 .comment       0x00000000       0x3d d:/program files (x86)/microchip/xc32/v1.43/bin/bin/../../lib/gcc/pic32mx/4.8.3/../../../../pic32mx/lib\libpic32.a(kill.o)
 .comment       0x00000000       0x3d d:/program files (x86)/microchip/xc32/v1.43/bin/bin/../../lib/gcc/pic32mx/4.8.3/../../../../pic32mx/lib\libpic32.a(getpid.o)
 .comment       0x00000000       0x3d d:/program files (x86)/microchip/xc32/v1.43/bin/bin/../../lib/gcc/pic32mx/4.8.3/../../../../pic32mx/lib\libpic32.a(errno.o)
 .comment       0x00000000       0x3d d:/program files (x86)/microchip/xc32/v1.43/bin/bin/../../lib/gcc/pic32mx/4.8.3/../../../../pic32mx/lib\libdsp.a(fft16c256.o)
 .comment       0x00000000       0x3d d:/program files (x86)/microchip/xc32/v1.43/bin/bin/../../lib/gcc/pic32mx/4.8.3/crtend.o

.debug
 *(.debug)

.line
 *(.line)

.debug_srcinfo
 *(.debug_srcinfo)

.debug_sfnames
 *(.debug_sfnames)

.debug_aranges  0x00000000      0xa68
 *(.debug_aranges)
 .debug_aranges
                0x00000000       0x48 build/default/production/src/anChevrons.o
 .debug_aranges
                0x00000048       0x48 build/default/production/src/anClassicHorizSA.o
 .debug_aranges
                0x00000090       0x48 build/default/production/src/anColorFlowSA.o
 .debug_aranges
                0x000000d8       0x48 build/default/production/src/anColorRaceSA.o
 .debug_aranges